 standalone_flex_fileH

 Timestamp is 5a9edcea (Tue Mar  6 18:24:42 2018)

 Preferred load address is 0000000140000000

 Start         Length     Name                   Class
 0001:00000000 00016fe0H .text$mn                CODE
 0001:00016fe0 00000020H .text$mn$00             CODE
 0001:00017000 000002a0H .text$x                 CODE
 0002:00000000 00000238H .idata$5                DATA
 0002:00000238 00000010H .00cfg                  DATA
 0002:00000248 00000008H .CRT$XCA                DATA
 0002:00000250 00000008H .CRT$XCAA               DATA
 0002:00000258 00000008H .CRT$XCZ                DATA
 0002:00000260 00000008H .CRT$XIA                DATA
 0002:00000268 00000008H .CRT$XIAA               DATA
 0002:00000270 00000008H .CRT$XIAC               DATA
 0002:00000278 00000018H .CRT$XIC                DATA
 0002:00000290 00000008H .CRT$XIZ                DATA
 0002:00000298 00000008H .CRT$XPA                DATA
 0002:000002a0 00000010H .CRT$XPX                DATA
 0002:000002b0 00000008H .CRT$XPXA               DATA
 0002:000002b8 00000008H .CRT$XPZ                DATA
 0002:000002c0 00000008H .CRT$XTA                DATA
 0002:000002c8 00000008H .CRT$XTZ                DATA
 0002:000002d0 00007cf8H .rdata                  DATA
 0002:00007fc8 00000000H .rdata$r                DATA
 0002:00007fc8 00000380H .rdata$zzzdbg           DATA
 0002:00008348 00000008H .rtc$IAA                DATA
 0002:00008350 00000008H .rtc$IZZ                DATA
 0002:00008358 00000008H .rtc$TAA                DATA
 0002:00008360 00000008H .rtc$TZZ                DATA
 0002:00008368 00000ff4H .xdata                  DATA
 0002:0000935c 00000000H .edata                  DATA
 0002:0000935c 00000014H .idata$2                DATA
 0002:00009370 00000018H .idata$3                DATA
 0002:00009388 00000238H .idata$4                DATA
 0002:000095c0 00000522H .idata$6                DATA
 0003:00000000 00000a40H .data                   DATA
 0003:00000a40 00000000H .data$r                 DATA
 0003:00000a40 000011c8H .bss                    DATA
 0004:00000000 000012c0H .pdata                  DATA
 0005:00000000 00000080H .gfids$x                DATA
 0005:00000080 00000020H .gfids$y                DATA
 0006:00000000 00000060H .rsrc$01                DATA
 0006:00000060 00000180H .rsrc$02                DATA

  Address         Publics by Value              Rva+Base               Lib:Object

 0000:00000000       __guard_iat_count          0000000000000000     <absolute>
 0000:00000000       __dynamic_value_reloc_table 0000000000000000     <absolute>
 0000:00000000       __guard_iat_table          0000000000000000     <absolute>
 0000:00000000       __guard_longjmp_table      0000000000000000     <absolute>
 0000:00000000       __guard_longjmp_count      0000000000000000     <absolute>
 0000:00000000       __guard_fids_count         0000000000000000     <absolute>
 0000:00000000       ___safe_se_handler_table   0000000000000000     <absolute>
 0000:00000000       ___safe_se_handler_count   0000000000000000     <absolute>
 0000:00000000       __guard_fids_table         0000000000000000     <absolute>
 0000:00000100       __guard_flags              0000000000000100     <absolute>
 0000:00000000       __ImageBase                0000000140000000     <linker-defined>
 0001:00000000       __local_stdio_printf_options 0000000140001000 f i mainH.obj
 0001:00000010       __local_stdio_scanf_options 0000000140001010 f i mainH.obj
 0001:00000020       fprintf                    0000000140001020 f i mainH.obj
 0001:00000070       fscanf                     0000000140001070 f i mainH.obj
 0001:000000c0       ?generate2@@YAXPEAU_iobuf@@0@Z 00000001400010c0 f   mainH.obj
 0001:00000170       main                       0000000140001170 f   mainH.obj
 0001:00000210       __security_check_cookie    0000000140001210 f   LIBCMT:_amdsecgs_.obj
 0001:00000494       mainCRTStartup             0000000140001494 f   LIBCMT:exe_main.obj
 0001:000004a8       __raise_securityfailure    00000001400014a8 f   LIBCMT:gs_report.obj
 0001:000004dc       __report_gsfailure         00000001400014dc f   LIBCMT:gs_report.obj
 0001:000005b0       __report_rangecheckfailure 00000001400015b0 f   LIBCMT:gs_report.obj
 0001:000005c4       __report_securityfailure   00000001400015c4 f   LIBCMT:gs_report.obj
 0001:00000744       __scrt_acquire_startup_lock 0000000140001744 f   LIBCMT:utility.obj
 0001:00000780       __scrt_initialize_crt      0000000140001780 f   LIBCMT:utility.obj
 0001:000007cc       __scrt_initialize_onexit_tables 00000001400017cc f   LIBCMT:utility.obj
 0001:00000898       __scrt_is_nonwritable_in_current_image 0000000140001898 f   LIBCMT:utility.obj
 0001:00000934       __scrt_release_startup_lock 0000000140001934 f   LIBCMT:utility.obj
 0001:00000958       __scrt_uninitialize_crt    0000000140001958 f   LIBCMT:utility.obj
 0001:00000984       _onexit                    0000000140001984 f   LIBCMT:utility.obj
 0001:000009d4       atexit                     00000001400019d4 f   LIBCMT:utility.obj
 0001:000009ec       __security_init_cookie     00000001400019ec f   LIBCMT:gs_support.obj
 0001:00000a98       __scrt_initialize_winrt    0000000140001a98 f   LIBCMT:utility_desktop.obj
 0001:00000a98       _matherr                   0000000140001a98 f   LIBCMT:matherr.obj
 0001:00000a98       _get_startup_thread_locale_mode 0000000140001a98 f   LIBCMT:thread_locale.obj
 0001:00000a98       _get_startup_new_mode      0000000140001a98 f   LIBCMT:new_mode.obj
 0001:00000a98       _get_startup_commit_mode   0000000140001a98 f   LIBCMT:commit_mode.obj
 0001:00000a9c       _get_startup_argv_mode     0000000140001a9c f   LIBCMT:argv_mode.obj
 0001:00000aa4       _get_startup_file_mode     0000000140001aa4 f   LIBCMT:file_mode.obj
 0001:00000aac       ?__scrt_initialize_type_info@@YAXXZ 0000000140001aac f   LIBCMT:tncleanup.obj
 0001:00000abc       _initialize_denormal_control 0000000140001abc f   LIBCMT:denormal_control.obj
 0001:00000abc       _initialize_invalid_parameter_handler 0000000140001abc f   LIBCMT:invalid_parameter_handler.obj
 0001:00000abc       _guard_check_icall_nop     0000000140001abc f   LIBCMT:guard_support.obj
 0001:00000abc       __except_validate_context_record 0000000140001abc f   libvcruntime:jbcxrval.obj
 0001:00000ac0       __scrt_initialize_default_local_stdio_options 0000000140001ac0 f   LIBCMT:default_local_stdio_options.obj
 0001:00000adc       __scrt_is_user_matherr_present 0000000140001adc f   LIBCMT:matherr_detection.obj
 0001:00000ae8       __scrt_get_dyn_tls_init_callback 0000000140001ae8 f   LIBCMT:dyn_tls_init.obj
 0001:00000af0       __scrt_get_dyn_tls_dtor_callback 0000000140001af0 f   LIBCMT:dyn_tls_dtor.obj
 0001:00000af8       __crt_debugger_hook        0000000140001af8 f   LIBCMT:utility_desktop.obj
 0001:00000b00       __scrt_fastfail            0000000140001b00 f   LIBCMT:utility_desktop.obj
 0001:00000c48       __scrt_is_managed_app      0000000140001c48 f   LIBCMT:utility_desktop.obj
 0001:00000c9c       __scrt_set_unhandled_exception_filter 0000000140001c9c f   LIBCMT:utility_desktop.obj
 0001:00000cac       __scrt_unhandled_exception_filter 0000000140001cac f   LIBCMT:utility_desktop.obj
 0001:00000ce4       _RTC_Initialize            0000000140001ce4 f   LIBCMT:_initsect_.obj
 0001:00000d30       _RTC_Terminate             0000000140001d30 f   LIBCMT:_initsect_.obj
 0001:00000d7c       _guard_check_icall         0000000140001d7c f i LIBCMT:checkcfg.obj
 0001:00000d84       __isa_available_init       0000000140001d84 f   LIBCMT:_cpu_disp_.obj
 0001:00000f4c       __scrt_is_ucrt_dll_in_use  0000000140001f4c f   LIBCMT:ucrt_detection.obj
 0001:00000f60       __C_specific_handler       0000000140001f60 f   libvcruntime:_chandler_.obj
 0001:0000115c       __vcrt_initialize          000000014000215c f   libvcruntime:initialization.obj
 0001:00001190       __vcrt_uninitialize        0000000140002190 f   libvcruntime:initialization.obj
 0001:000011c0       memset                     00000001400021c0 f   libvcruntime:memset.obj
 0001:00001370       _local_unwind              0000000140002370 f   libvcruntime:_jmpuwind_.obj
 0001:000013a0       _NLG_Notify                00000001400023a0 f   libvcruntime:_jmpuwind_.obj
 0001:000013c0       __NLG_Dispatch2            00000001400023c0 f   libvcruntime:_jmpuwind_.obj
 0001:000013d0       __NLG_Return2              00000001400023d0 f   libvcruntime:_jmpuwind_.obj
 0001:000013d4       __vcrt_freefls             00000001400023d4 f   libvcruntime:per_thread_data.obj
 0001:000013f4       __vcrt_initialize_ptd      00000001400023f4 f   libvcruntime:per_thread_data.obj
 0001:00001434       __vcrt_uninitialize_ptd    0000000140002434 f   libvcruntime:per_thread_data.obj
 0001:00001458       __vcrt_initialize_locks    0000000140002458 f   libvcruntime:locks.obj
 0001:000014a0       __vcrt_uninitialize_locks  00000001400024a0 f   libvcruntime:locks.obj
 0001:000016a0       __vcrt_FlsAlloc            00000001400026a0 f   libvcruntime:winapi_downlevel.obj
 0001:000016f4       __vcrt_FlsFree             00000001400026f4 f   libvcruntime:winapi_downlevel.obj
 0001:00001748       __vcrt_FlsSetValue         0000000140002748 f   libvcruntime:winapi_downlevel.obj
 0001:000017b0       __vcrt_InitializeCriticalSectionEx 00000001400027b0 f   libvcruntime:winapi_downlevel.obj
 0001:00001828       __vcrt_initialize_winapi_thunks 0000000140002828 f   libvcruntime:winapi_downlevel.obj
 0001:00001874       __vcrt_uninitialize_winapi_thunks 0000000140002874 f   libvcruntime:winapi_downlevel.obj
 0001:000018b4       __vcrt_initialize_pure_virtual_call_handler 00000001400028b4 f   libvcruntime:purevirt_data.obj
 0001:000019a8       fopen                      00000001400029a8 f   libucrt:fopen.obj
 0001:000019b4       __acrt_initialize_stdio    00000001400029b4 f   libucrt:_file.obj
 0001:00001ad4       __acrt_iob_func            0000000140002ad4 f   libucrt:_file.obj
 0001:00001ae8       __acrt_uninitialize_stdio  0000000140002ae8 f   libucrt:_file.obj
 0001:00001b44       _lock_file                 0000000140002b44 f   libucrt:_file.obj
 0001:00001b50       _unlock_file               0000000140002b50 f   libucrt:_file.obj
 0001:00001b5c       _fclose_nolock             0000000140002b5c f   libucrt:fclose.obj
 0001:00001be0       fclose                     0000000140002be0 f   libucrt:fclose.obj
 0001:00001c4c       ??$?RV<lambda_aa279a7bcb127014629d5b1d62c7325d>@@AEAV<lambda_0a64b6a4deda75c01876f29c44fc5eb3>@@V<lambda_3323e69fbefe9d1a11713e670d47cdfa>@@@?$__crt_seh_guarded_call@H@@QEAAH$$QEAV<lambda_aa279a7bcb127014629d5b1d62c7325d>@@AEAV<lambda_0a64b6a4deda75c01876f29c44fc5eb3>@@$$QEAV<lambda_3323e69fbefe9d1a11713e670d47cdfa>@@@Z 0000000140002c4c f i libucrt:output.obj
 0001:00001c8c       ??$ensure_buffer_is_big_enough@D@formatting_buffer@__crt_stdio_output@@QEAA_N_K@Z 0000000140002c8c f i libucrt:output.obj
 0001:00001d38       ??$is_wide_character_specifier@D@__crt_stdio_output@@YA_N_KDW4length_modifier@0@@Z 0000000140002d38 f i libucrt:output.obj
 0001:00001d68       ??$type_case_integer_parse_into_buffer@I@?$output_processor@DV?$stream_output_adapter@D@__crt_stdio_output@@V?$standard_base@DV?$stream_output_adapter@D@__crt_stdio_output@@@2@@__crt_stdio_output@@AEAAXII_N@Z 0000000140002d68 f i libucrt:output.obj
 0001:00001e04       ??$type_case_integer_parse_into_buffer@_K@?$output_processor@DV?$stream_output_adapter@D@__crt_stdio_output@@V?$standard_base@DV?$stream_output_adapter@D@__crt_stdio_output@@@2@@__crt_stdio_output@@AEAAX_KI_N@Z 0000000140002e04 f i libucrt:output.obj
 0001:00001ea0       ??$write_multiple_characters@V?$stream_output_adapter@D@__crt_stdio_output@@D@__crt_stdio_output@@YAXAEBV?$stream_output_adapter@D@0@DHQEAH@Z 0000000140002ea0 f i libucrt:output.obj
 0001:00001f24       ??0?$output_processor@DV?$stream_output_adapter@D@__crt_stdio_output@@V?$standard_base@DV?$stream_output_adapter@D@__crt_stdio_output@@@2@@__crt_stdio_output@@QEAA@AEBV?$stream_output_adapter@D@1@_KQEBDQEAU__crt_locale_pointers@@QEAD@Z 0000000140002f24 f i libucrt:output.obj
 0001:00001fa0       ??0_LocaleUpdate@@QEAA@QEAU__crt_locale_pointers@@@Z 0000000140002fa0 f i libucrt:output.obj
 0001:00002120       ?force_decimal_point@__crt_stdio_output@@YAXPEADQEAU__crt_locale_pointers@@@Z 0000000140003120 f i libucrt:output.obj
 0001:00002190       ?parse_int_from_format_string@?$output_processor@DV?$stream_output_adapter@D@__crt_stdio_output@@V?$standard_base@DV?$stream_output_adapter@D@__crt_stdio_output@@@2@@__crt_stdio_output@@AEAA_NQEAH@Z 0000000140003190 f i libucrt:output.obj
 0001:00002214       ?process@?$output_processor@DV?$stream_output_adapter@D@__crt_stdio_output@@V?$standard_base@DV?$stream_output_adapter@D@__crt_stdio_output@@@2@@__crt_stdio_output@@QEAAHXZ 0000000140003214 f i libucrt:output.obj
 0001:00002424       ?state_case_normal@?$output_processor@DV?$stream_output_adapter@D@__crt_stdio_output@@V?$standard_base@DV?$stream_output_adapter@D@__crt_stdio_output@@@2@@__crt_stdio_output@@AEAA_NXZ 0000000140003424 f i libucrt:output.obj
 0001:00002494       ?state_case_normal_tchar@?$output_processor@DV?$stream_output_adapter@D@__crt_stdio_output@@V?$standard_base@DV?$stream_output_adapter@D@__crt_stdio_output@@@2@@__crt_stdio_output@@AEAA_ND@Z 0000000140003494 f i libucrt:output.obj
 0001:00002528       ?state_case_size@?$output_processor@DV?$stream_output_adapter@D@__crt_stdio_output@@V?$standard_base@DV?$stream_output_adapter@D@__crt_stdio_output@@@2@@__crt_stdio_output@@AEAA_NXZ 0000000140003528 f i libucrt:output.obj
 0001:000026a4       ?state_case_type@?$output_processor@DV?$stream_output_adapter@D@__crt_stdio_output@@V?$standard_base@DV?$stream_output_adapter@D@__crt_stdio_output@@@2@@__crt_stdio_output@@AEAA_NXZ 00000001400036a4 f i libucrt:output.obj
 0001:00002920       ?type_case_Z@?$output_processor@DV?$stream_output_adapter@D@__crt_stdio_output@@V?$standard_base@DV?$stream_output_adapter@D@__crt_stdio_output@@@2@@__crt_stdio_output@@AEAA_NXZ 0000000140003920 f i libucrt:output.obj
 0001:000029a0       ?type_case_a@?$output_processor@DV?$stream_output_adapter@D@__crt_stdio_output@@V?$standard_base@DV?$stream_output_adapter@D@__crt_stdio_output@@@2@@__crt_stdio_output@@AEAA_NXZ 00000001400039a0 f i libucrt:output.obj
 0001:00002bbc       ?type_case_c_tchar@?$output_processor@DV?$stream_output_adapter@D@__crt_stdio_output@@V?$standard_base@DV?$stream_output_adapter@D@__crt_stdio_output@@@2@@__crt_stdio_output@@AEAA_ND@Z 0000000140003bbc f i libucrt:output.obj
 0001:00002c70       ?type_case_integer@?$output_processor@DV?$stream_output_adapter@D@__crt_stdio_output@@V?$standard_base@DV?$stream_output_adapter@D@__crt_stdio_output@@@2@@__crt_stdio_output@@AEAA_NI_N@Z 0000000140003c70 f i libucrt:output.obj
 0001:00002e10       ?type_case_n@?$output_processor@DV?$stream_output_adapter@D@__crt_stdio_output@@V?$standard_base@DV?$stream_output_adapter@D@__crt_stdio_output@@@2@@__crt_stdio_output@@AEAA_NXZ 0000000140003e10 f i libucrt:output.obj
 0001:00002eec       ?type_case_s@?$output_processor@DV?$stream_output_adapter@D@__crt_stdio_output@@V?$standard_base@DV?$stream_output_adapter@D@__crt_stdio_output@@@2@@__crt_stdio_output@@AEAA_NXZ 0000000140003eec f i libucrt:output.obj
 0001:00002f7c       ?validate_stream_is_ansi_if_required@?$__acrt_stdio_char_traits@D@@SA_NQEAU_iobuf@@@Z 0000000140003f7c f i libucrt:output.obj
 0001:00003008       ?write_stored_string_tchar@?$output_processor@DV?$stream_output_adapter@D@__crt_stdio_output@@V?$standard_base@DV?$stream_output_adapter@D@__crt_stdio_output@@@2@@__crt_stdio_output@@AEAA_ND@Z 0000000140004008 f i libucrt:output.obj
 0001:000030e0       ?write_string@?$stream_output_adapter@D@__crt_stdio_output@@QEBAXQEBDHQEAH1@Z 00000001400040e0 f i libucrt:output.obj
 0001:000031d8       __stdio_common_vfprintf    00000001400041d8 f   libucrt:output.obj
 0001:00003264       ??$?RV<lambda_c01e8233c1997d6cc4b8f1fd672e07e5>@@AEAV<lambda_3a6204444a8bad05601fdaf7664f6f17>@@V<lambda_b6ae1896c9cebd71befa8310523e5efb>@@@?$__crt_seh_guarded_call@H@@QEAAH$$QEAV<lambda_c01e8233c1997d6cc4b8f1fd672e07e5>@@AEAV<lambda_3a6204444a8bad05601fdaf7664f6f17>@@$$QEAV<lambda_b6ae1896c9cebd71befa8310523e5efb>@@@Z 0000000140004264 f i libucrt:input.obj
 0001:000032a4       ??$is_overflow_condition@_K@__crt_strtox@@YA_NI_K@Z 00000001400042a4 f i libucrt:input.obj
 0001:000032dc       ??$make_input_adapter_character_source@V?$stream_input_adapter@D@__crt_stdio_input@@@__crt_strtox@@YA?AV?$input_adapter_character_source@V?$stream_input_adapter@D@__crt_stdio_input@@@0@QEAV?$stream_input_adapter@D@__crt_stdio_input@@_KQEA_N@Z 00000001400042dc f i libucrt:input.obj
 0001:000032fc       ??$parse_floating_point@V?$input_adapter_character_source@V?$stream_input_adapter@D@__crt_stdio_input@@@__crt_strtox@@M@__crt_strtox@@YA?AW4SLD_STATUS@@QEAU__crt_locale_pointers@@V?$input_adapter_character_source@V?$stream_input_adapter@D@__crt_stdio_input@@@0@QEAM@Z 00000001400042fc f i libucrt:input.obj
 0001:000033a4       ??$parse_floating_point@V?$input_adapter_character_source@V?$stream_input_adapter@D@__crt_stdio_input@@@__crt_strtox@@N@__crt_strtox@@YA?AW4SLD_STATUS@@QEAU__crt_locale_pointers@@V?$input_adapter_character_source@V?$stream_input_adapter@D@__crt_stdio_input@@@0@QEAN@Z 00000001400043a4 f i libucrt:input.obj
 0001:0000344c       ??$parse_floating_point_from_source@V?$input_adapter_character_source@V?$stream_input_adapter@D@__crt_stdio_input@@@__crt_strtox@@@__crt_strtox@@YA?AW4floating_point_parse_result@0@QEAU__crt_locale_pointers@@AEAV?$input_adapter_character_source@V?$stream_input_adapter@D@__crt_stdio_input@@@0@AEAUfloating_point_string@0@@Z 000000014000444c f i libucrt:input.obj
 0001:00003c18       ??$parse_floating_point_possible_infinity@DV?$input_adapter_character_source@V?$stream_input_adapter@D@__crt_stdio_input@@@__crt_strtox@@_K@__crt_strtox@@YA?AW4floating_point_parse_result@0@AEADAEAV?$input_adapter_character_source@V?$stream_input_adapter@D@__crt_stdio_input@@@0@_K@Z 0000000140004c18 f i libucrt:input.obj
 0001:00003de0       ??$parse_floating_point_possible_nan@DV?$input_adapter_character_source@V?$stream_input_adapter@D@__crt_stdio_input@@@__crt_strtox@@_K@__crt_strtox@@YA?AW4floating_point_parse_result@0@AEADAEAV?$input_adapter_character_source@V?$stream_input_adapter@D@__crt_stdio_input@@@0@_K@Z 0000000140004de0 f i libucrt:input.obj
 0001:00004058       ??$parse_floating_point_possible_nan_is_ind@DV?$input_adapter_character_source@V?$stream_input_adapter@D@__crt_stdio_input@@@__crt_strtox@@@__crt_strtox@@YA_NAEADAEAV?$input_adapter_character_source@V?$stream_input_adapter@D@__crt_stdio_input@@@0@@Z 0000000140005058 f i libucrt:input.obj
 0001:000040ec       ??$parse_floating_point_possible_nan_is_snan@DV?$input_adapter_character_source@V?$stream_input_adapter@D@__crt_stdio_input@@@__crt_strtox@@@__crt_strtox@@YA_NAEADAEAV?$input_adapter_character_source@V?$stream_input_adapter@D@__crt_stdio_input@@@0@@Z 00000001400050ec f i libucrt:input.obj
 0001:00004180       ??$parse_floating_point_write_result@M@__crt_strtox@@YA?AW4SLD_STATUS@@W4floating_point_parse_result@0@AEBUfloating_point_string@0@QEAM@Z 0000000140005180 f i libucrt:input.obj
 0001:00004298       ??$parse_floating_point_write_result@N@__crt_strtox@@YA?AW4SLD_STATUS@@W4floating_point_parse_result@0@AEBUfloating_point_string@0@QEAN@Z 0000000140005298 f i libucrt:input.obj
 0001:000043c0       ??$parse_integer@_KV?$input_adapter_character_source@V?$stream_input_adapter@D@__crt_stdio_input@@@__crt_strtox@@@__crt_strtox@@YA_KQEAU__crt_locale_pointers@@V?$input_adapter_character_source@V?$stream_input_adapter@D@__crt_stdio_input@@@0@H_N@Z 00000001400053c0 f i libucrt:input.obj
 0001:00004860       ??$process_floating_point_specifier_t@M@?$input_processor@DV?$stream_input_adapter@D@__crt_stdio_input@@@__crt_stdio_input@@AEAA_NXZ 0000000140005860 f i libucrt:input.obj
 0001:00004900       ??$process_floating_point_specifier_t@N@?$input_processor@DV?$stream_input_adapter@D@__crt_stdio_input@@@__crt_stdio_input@@AEAA_NXZ 0000000140005900 f i libucrt:input.obj
 0001:000049a4       ??$process_string_specifier_tchar@D@?$input_processor@DV?$stream_input_adapter@D@__crt_stdio_input@@@__crt_stdio_input@@AEAA_NW4conversion_mode@1@D@Z 00000001400059a4 f i libucrt:input.obj
 0001:00004b54       ??$process_string_specifier_tchar@_W@?$input_processor@DV?$stream_input_adapter@D@__crt_stdio_input@@@__crt_stdio_input@@AEAA_NW4conversion_mode@1@_W@Z 0000000140005b54 f i libucrt:input.obj
 0001:00004d3c       ??$skip_whitespace@Vstream_input_adapter@__crt_stdio_input@@D@__crt_stdio_input@@YAHAEAV?$stream_input_adapter@D@0@QEAU__crt_locale_pointers@@@Z 0000000140005d3c f i libucrt:input.obj
 0001:00004f2c       ?advance@?$format_string_parser@D@__crt_stdio_input@@QEAA_NXZ 0000000140005f2c f i libucrt:input.obj
 0001:000050fc       ?as_double@floating_point_value@__crt_strtox@@QEBAAEANXZ 00000001400060fc f i libucrt:input.obj
 0001:00005138       ?as_float@floating_point_value@__crt_strtox@@QEBAAEAMXZ 0000000140006138 f i libucrt:input.obj
 0001:00005174       ?assemble_floating_point_value@__crt_strtox@@YA?AW4SLD_STATUS@@_KH_N1AEBVfloating_point_value@1@@Z 0000000140006174 f i libucrt:input.obj
 0001:00005528       ?assemble_floating_point_value_from_big_integer@__crt_strtox@@YA?AW4SLD_STATUS@@AEBUbig_integer@1@I_N1AEBVfloating_point_value@1@@Z 0000000140006528 f i libucrt:input.obj
 0001:000056b4       ?convert_decimal_string_to_floating_type_common@__crt_strtox@@YA?AW4SLD_STATUS@@AEBUfloating_point_string@1@AEBVfloating_point_value@1@@Z 00000001400066b4 f i libucrt:input.obj
 0001:00007478       ?convert_hexadecimal_string_to_floating_type_common@__crt_strtox@@YA?AW4SLD_STATUS@@AEBUfloating_point_string@1@AEBVfloating_point_value@1@@Z 0000000140008478 f i libucrt:input.obj
 0001:00007530       ?divide@__crt_strtox@@YA_KAEAUbig_integer@1@AEBU21@@Z 0000000140008530 f i libucrt:input.obj
 0001:00007a00       ?length@?$format_string_parser@D@__crt_stdio_input@@QEBA_KXZ 0000000140008a00 f i libucrt:input.obj
 0001:00007a9c       ?process@?$input_processor@DV?$stream_input_adapter@D@__crt_stdio_input@@@__crt_stdio_input@@QEAAHXZ 0000000140008a9c f i libucrt:input.obj
 0001:00007b78       ?process_conversion_specifier@?$input_processor@DV?$stream_input_adapter@D@__crt_stdio_input@@@__crt_stdio_input@@AEAA_NXZ 0000000140008b78 f i libucrt:input.obj
 0001:00007c98       ?process_floating_point_specifier@?$input_processor@DV?$stream_input_adapter@D@__crt_stdio_input@@@__crt_stdio_input@@AEAA_NXZ 0000000140008c98 f i libucrt:input.obj
 0001:00007cfc       ?process_integer_specifier@?$input_processor@DV?$stream_input_adapter@D@__crt_stdio_input@@@__crt_stdio_input@@AEAA_NI_N@Z 0000000140008cfc f i libucrt:input.obj
 0001:00007da0       ?process_literal_character_tchar@?$input_processor@DV?$stream_input_adapter@D@__crt_stdio_input@@@__crt_stdio_input@@AEAA_ND@Z 0000000140008da0 f i libucrt:input.obj
 0001:00007e18       ?process_state@?$input_processor@DV?$stream_input_adapter@D@__crt_stdio_input@@@__crt_stdio_input@@AEAA_NXZ 0000000140008e18 f i libucrt:input.obj
 0001:00007ebc       ?process_string_specifier@?$input_processor@DV?$stream_input_adapter@D@__crt_stdio_input@@@__crt_stdio_input@@AEAA_NW4conversion_mode@2@@Z 0000000140008ebc f i libucrt:input.obj
 0001:00007f3c       ?scan_conversion_specifier@?$format_string_parser@D@__crt_stdio_input@@AEAA_NXZ 0000000140008f3c f i libucrt:input.obj
 0001:000080f8       ?scan_optional_field_width@?$format_string_parser@D@__crt_stdio_input@@AEAA_NXZ 00000001400090f8 f i libucrt:input.obj
 0001:000081a0       ?scan_optional_length_modifier@?$format_string_parser@D@__crt_stdio_input@@AEAAXXZ 00000001400091a0 f i libucrt:input.obj
 0001:000082cc       ?scan_scanset_range@?$format_string_parser@D@__crt_stdio_input@@AEAA_NXZ 00000001400092cc f i libucrt:input.obj
 0001:00008460       ?write_character@?$input_processor@DV?$stream_input_adapter@D@__crt_stdio_input@@@__crt_stdio_input@@AEAA_NQEFA_W_KAEAPEFA_WAEA_KD@Z 0000000140009460 f i libucrt:input.obj
 0001:000084f8       ?write_integer@?$input_processor@DV?$stream_input_adapter@D@__crt_stdio_input@@@__crt_stdio_input@@AEAA_N_K_N@Z 00000001400094f8 f i libucrt:input.obj
 0001:00008578       __stdio_common_vfscanf     0000000140009578 f   libucrt:input.obj
 0001:0000868c       _seh_filter_exe            000000014000968c f   libucrt:exception_filter.obj
 0001:0000881c       _query_app_type            000000014000981c f   libucrt:report_runtime_error.obj
 0001:00008824       _set_app_type              0000000140009824 f   libucrt:report_runtime_error.obj
 0001:0000882c       __acrt_has_user_matherr    000000014000982c f   libucrt:matherr.obj
 0001:0000884c       __acrt_initialize_user_matherr 000000014000984c f   libucrt:matherr.obj
 0001:00008854       __acrt_invoke_user_matherr 0000000140009854 f   libucrt:matherr.obj
 0001:0000889c       __setusermatherr           000000014000989c f   libucrt:matherr.obj
 0001:00008a80       __acrt_allocate_buffer_for_argv 0000000140009a80 f   libucrt:argv_parsing.obj
 0001:00008ae4       _configure_narrow_argv     0000000140009ae4 f   libucrt:argv_parsing.obj
 0001:00008f5c       __dcrt_get_or_create_narrow_environment_nolock 0000000140009f5c f   libucrt:environment_initialization.obj
 0001:00008f64       __dcrt_uninitialize_environments_nolock 0000000140009f64 f   libucrt:environment_initialization.obj
 0001:00008f9c       _get_initial_narrow_environment 0000000140009f9c f   libucrt:environment_initialization.obj
 0001:00008fc0       _initialize_narrow_environment 0000000140009fc0 f   libucrt:environment_initialization.obj
 0001:00008fc8       _initterm                  0000000140009fc8 f   libucrt:initterm.obj
 0001:00009040       _initterm_e                000000014000a040 f   libucrt:initterm.obj
 0001:000092bc       __acrt_initialize_thread_local_exit_callback 000000014000a2bc f   libucrt:exit.obj
 0001:000092c4       _c_exit                    000000014000a2c4 f   libucrt:exit.obj
 0001:000092d4       _cexit                     000000014000a2d4 f   libucrt:exit.obj
 0001:000092e4       _exit                      000000014000a2e4 f   libucrt:exit.obj
 0001:000092f0       _register_thread_local_exe_atexit_callback 000000014000a2f0 f   libucrt:exit.obj
 0001:00009334       exit                       000000014000a334 f   libucrt:exit.obj
 0001:00009340       _get_fmode                 000000014000a340 f   libucrt:setmode.obj
 0001:00009370       _set_fmode                 000000014000a370 f   libucrt:setmode.obj
 0001:000093b0       _setmode_nolock            000000014000a3b0 f   libucrt:setmode.obj
 0001:00009490       __acrt_initialize_command_line 000000014000a490 f   libucrt:argv_data.obj
 0001:000094b8       __acrt_uninitialize_command_line 000000014000a4b8 f   libucrt:argv_data.obj
 0001:000094b8       _should_initialize_environment 000000014000a4b8 f   LIBCMT:env_mode.obj
 0001:000094bc       __p___argc                 000000014000a4bc f   libucrt:argv_data.obj
 0001:000094c4       __p___argv                 000000014000a4c4 f   libucrt:argv_data.obj
 0001:000094cc       __acrt_set_locale_changed  000000014000a4cc f   libucrt:wsetlocale.obj
 0001:000094d8       __acrt_uninitialize_locale 000000014000a4d8 f   libucrt:wsetlocale.obj
 0001:00009520       _configthreadlocale        000000014000a520 f   libucrt:wsetlocale.obj
 0001:0000958c       _query_new_mode            000000014000a58c f   libucrt:new_mode.obj
 0001:00009594       _set_new_mode              000000014000a594 f   libucrt:new_mode.obj
 0001:000095c0       __p__commode               000000014000a5c0 f   libucrt:ncommode.obj
 0001:000095c8       ??$?RV<lambda_b8c45f8f788dd370798f47cfe8ac3a86>@@AEAV<lambda_4e60a939b0d047cfe11ddc22648dfba9>@@V<lambda_332c3edc96d0294ec56c57d38c1cdfd5>@@@?$__crt_seh_guarded_call@H@@QEAAH$$QEAV<lambda_b8c45f8f788dd370798f47cfe8ac3a86>@@AEAV<lambda_4e60a939b0d047cfe11ddc22648dfba9>@@$$QEAV<lambda_332c3edc96d0294ec56c57d38c1cdfd5>@@@Z 000000014000a5c8 f i libucrt:onexit.obj
 0001:00009604       ??$?RV<lambda_e24bbb7b643b32fcea6fa61b31d4c984>@@AEAV<lambda_275893d493268fdec8709772e3fcec0e>@@V<lambda_9d71df4d7cf3f480f8d633942495c3b0>@@@?$__crt_seh_guarded_call@H@@QEAAH$$QEAV<lambda_e24bbb7b643b32fcea6fa61b31d4c984>@@AEAV<lambda_275893d493268fdec8709772e3fcec0e>@@$$QEAV<lambda_9d71df4d7cf3f480f8d633942495c3b0>@@@Z 000000014000a604 f i libucrt:onexit.obj
 0001:00009980       _crt_atexit                000000014000a980 f   libucrt:onexit.obj
 0001:00009990       _execute_onexit_table      000000014000a990 f   libucrt:onexit.obj
 0001:000099cc       _initialize_onexit_table   000000014000a9cc f   libucrt:onexit.obj
 0001:00009a0c       _register_onexit_function  000000014000aa0c f   libucrt:onexit.obj
 0001:00009b88       __acrt_initialize          000000014000ab88 f   libucrt:initialization.obj
 0001:00009b9c       __acrt_uninitialize        000000014000ab9c f   libucrt:initialization.obj
 0001:00009bb0       terminate                  000000014000abb0 f   libucrt:terminate.obj
 0001:00009bd8       _free_base                 000000014000abd8 f   libucrt:free_base.obj
 0001:00009c18       _malloc_base               000000014000ac18 f   libucrt:malloc_base.obj
 0001:00009c78       strcpy_s                   000000014000ac78 f   libucrt:strcpy_s.obj
 0001:00009cd8       abort                      000000014000acd8 f   libucrt:abort.obj
 0001:00009d30       _calloc_base               000000014000ad30 f   libucrt:calloc_base.obj
 0001:00009da8       ??$is_overflow_condition@K@__crt_strtox@@YA_NIK@Z 000000014000ada8 f i libucrt:atox.obj
 0001:00009dd4       ??$parse_integer@KV?$c_string_character_source@D@__crt_strtox@@@__crt_strtox@@YAKQEAU__crt_locale_pointers@@V?$c_string_character_source@D@0@H_N@Z 000000014000add4 f i libucrt:atox.obj
 0001:0000a0e8       ??$parse_integer@_KV?$c_string_character_source@D@__crt_strtox@@@__crt_strtox@@YA_KQEAU__crt_locale_pointers@@V?$c_string_character_source@D@0@H_N@Z 000000014000b0e8 f i libucrt:atox.obj
 0001:0000a41c       __acrt_call_reportfault    000000014000b41c f   libucrt:invalid_parameter.obj
 0001:0000a578       __acrt_initialize_invalid_parameter_handler 000000014000b578 f   libucrt:invalid_parameter.obj
 0001:0000a580       _invalid_parameter         000000014000b580 f   libucrt:invalid_parameter.obj
 0001:0000a628       _invalid_parameter_noinfo  000000014000b628 f   libucrt:invalid_parameter.obj
 0001:0000a648       _invoke_watson             000000014000b648 f   libucrt:invalid_parameter.obj
 0001:0000a690       __acrt_errno_from_os_error 000000014000b690 f   libucrt:errno.obj
 0001:0000a6d8       __acrt_errno_map_os_error  000000014000b6d8 f   libucrt:errno.obj
 0001:0000a728       __doserrno                 000000014000b728 f   libucrt:errno.obj
 0001:0000a748       _errno                     000000014000b748 f   libucrt:errno.obj
 0001:0000a768       ?__acrt_stdio_allocate_stream@@YA?AV__crt_stdio_stream@@XZ 000000014000b768 f   libucrt:stream.obj
 0001:0000a7c4       ?__acrt_stdio_free_stream@@YAXV__crt_stdio_stream@@@Z 000000014000b7c4 f   libucrt:stream.obj
 0001:0000a8f4       ??$__acrt_stdio_parse_mode@D@@YA?AU__acrt_stdio_stream_mode@@QEBD@Z 000000014000b8f4 f i libucrt:openfile.obj
 0001:0000ab90       _openfile                  000000014000bb90 f   libucrt:openfile.obj
 0001:0000adcc       __acrt_AreFileApisANSI     000000014000bdcc f   libucrt:winapi_thunks.obj
 0001:0000ae18       __acrt_CompareStringEx     000000014000be18 f   libucrt:winapi_thunks.obj
 0001:0000af08       __acrt_FlsAlloc            000000014000bf08 f   libucrt:winapi_thunks.obj
 0001:0000af60       __acrt_FlsFree             000000014000bf60 f   libucrt:winapi_thunks.obj
 0001:0000afb8       __acrt_FlsGetValue         000000014000bfb8 f   libucrt:winapi_thunks.obj
 0001:0000b010       __acrt_FlsSetValue         000000014000c010 f   libucrt:winapi_thunks.obj
 0001:0000b078       __acrt_InitializeCriticalSectionEx 000000014000c078 f   libucrt:winapi_thunks.obj
 0001:0000b0f0       __acrt_LCMapStringEx       000000014000c0f0 f   libucrt:winapi_thunks.obj
 0001:0000b1e0       __acrt_LocaleNameToLCID    000000014000c1e0 f   libucrt:winapi_thunks.obj
 0001:0000b248       __acrt_initialize_winapi_thunks 000000014000c248 f   libucrt:winapi_thunks.obj
 0001:0000b280       __acrt_is_packaged_app     000000014000c280 f   libucrt:winapi_thunks.obj
 0001:0000b308       __acrt_uninitialize_winapi_thunks 000000014000c308 f   libucrt:winapi_thunks.obj
 0001:0000b34c       _fcloseall                 000000014000c34c f   libucrt:closeall.obj
 0001:0000b400       __acrt_stdio_flush_nolock  000000014000c400 f   libucrt:fflush.obj
 0001:0000b478       _fflush_nolock             000000014000c478 f   libucrt:fflush.obj
 0001:0000b4c4       _flushall                  000000014000c4c4 f   libucrt:fflush.obj
 0001:0000b5b4       __acrt_stdio_free_buffer_nolock 000000014000c5b4 f   libucrt:_freebuf.obj
 0001:0000b7dc       __acrt_initialize_lowio    000000014000c7dc f   libucrt:ioinit.obj
 0001:0000b818       __acrt_uninitialize_lowio  000000014000c818 f   libucrt:ioinit.obj
 0001:0000b858       ??$?RV<lambda_bfedae4ebbf01fab1bb6dcc6a9e276e0>@@AEAV<lambda_2fe9b910cf3cbf4a0ab98a02ba45b3ec>@@V<lambda_237c231691f317818eb88cc1d5d642d6>@@@?$__crt_seh_guarded_call@H@@QEAAH$$QEAV<lambda_bfedae4ebbf01fab1bb6dcc6a9e276e0>@@AEAV<lambda_2fe9b910cf3cbf4a0ab98a02ba45b3ec>@@$$QEAV<lambda_237c231691f317818eb88cc1d5d642d6>@@@Z 000000014000c858 f i libucrt:close.obj
 0001:0000b8cc       _close                     000000014000c8cc f   libucrt:close.obj
 0001:0000b970       _close_nolock              000000014000c970 f   libucrt:close.obj
 0001:0000ba2c       _fileno                    000000014000ca2c f   libucrt:fileno.obj
 0001:0000ba54       isdigit                    000000014000ca54 f i libucrt:_ctype.obj
 0001:0000bac8       isspace                    000000014000cac8 f i libucrt:_ctype.obj
 0001:0000bb8c       _tolower_l                 000000014000cb8c f   libucrt:tolower_toupper.obj
 0001:0000bccc       tolower                    000000014000cccc f   libucrt:tolower_toupper.obj
 0001:0000bcf8       ??$make_c_string_character_source@DPEAPEAD@__crt_strtox@@YA?AV?$c_string_character_source@D@0@QEBDQEAPEAD@Z 000000014000ccf8 f i libucrt:strtox.obj
 0001:0000bd0c       strtol                     000000014000cd0c f   libucrt:strtox.obj
 0001:0000bd3c       strtoull                   000000014000cd3c f   libucrt:strtox.obj
 0001:0000bd6c       _mbtowc_l                  000000014000cd6c f   libucrt:mbtowc.obj
 0001:0000beb4       mbtowc                     000000014000ceb4 f   libucrt:mbtowc.obj
 0001:0000bebc       _wctomb_s_l                000000014000cebc f   libucrt:wctomb.obj
 0001:0000c040       wctomb_s                   000000014000d040 f   libucrt:wctomb.obj
 0001:0000c054       strnlen                    000000014000d054 f   libucrt:strnlen.obj
 0001:0000c1b0       wcsnlen                    000000014000d1b0 f   libucrt:strnlen.obj
 0001:0000c3a0       ??$?RV<lambda_46352004c1216016012b18bd6f87e700>@@AEAV<lambda_3bd07e1a1191394380780325891bf33f>@@V<lambda_334532d3f185bcaa59b5be82d7d22bff>@@@?$__crt_seh_guarded_call@X@@QEAAX$$QEAV<lambda_46352004c1216016012b18bd6f87e700>@@AEAV<lambda_3bd07e1a1191394380780325891bf33f>@@$$QEAV<lambda_334532d3f185bcaa59b5be82d7d22bff>@@@Z 000000014000d3a0 f i libucrt:per_thread_data.obj
 0001:0000c400       ??$?RV<lambda_5e887d1dcbef67a5eb4283622ba103bf>@@AEAV<lambda_4466841279450cc726390878d4a41900>@@V<lambda_341c25c0346d94847f1f3c463c57e077>@@@?$__crt_seh_guarded_call@X@@QEAAX$$QEAV<lambda_5e887d1dcbef67a5eb4283622ba103bf>@@AEAV<lambda_4466841279450cc726390878d4a41900>@@$$QEAV<lambda_341c25c0346d94847f1f3c463c57e077>@@@Z 000000014000d400 f i libucrt:per_thread_data.obj
 0001:0000c448       ??$?RV<lambda_72d1df2b273a38828b1ce30cbf4cdab5>@@AEAV<lambda_876a65b173b8412d3a47c70a915b0cf4>@@V<lambda_41932305e351933ebe8f8be3ed8bb5dc>@@@?$__crt_seh_guarded_call@X@@QEAAX$$QEAV<lambda_72d1df2b273a38828b1ce30cbf4cdab5>@@AEAV<lambda_876a65b173b8412d3a47c70a915b0cf4>@@$$QEAV<lambda_41932305e351933ebe8f8be3ed8bb5dc>@@@Z 000000014000d448 f i libucrt:per_thread_data.obj
 0001:0000c488       ??$?RV<lambda_fb3a7dec4e47f37f22dae91bb15c9095>@@AEAV<lambda_698284760c8add0bfb0756c19673e34b>@@V<lambda_dfb8eca1e75fef3034a8fb18dd509707>@@@?$__crt_seh_guarded_call@X@@QEAAX$$QEAV<lambda_fb3a7dec4e47f37f22dae91bb15c9095>@@AEAV<lambda_698284760c8add0bfb0756c19673e34b>@@$$QEAV<lambda_dfb8eca1e75fef3034a8fb18dd509707>@@@Z 000000014000d488 f i libucrt:per_thread_data.obj
 0001:0000c718       __acrt_getptd              000000014000d718 f   libucrt:per_thread_data.obj
 0001:0000c7ac       __acrt_getptd_noexit       000000014000d7ac f   libucrt:per_thread_data.obj
 0001:0000c84c       __acrt_initialize_ptd      000000014000d84c f   libucrt:per_thread_data.obj
 0001:0000c888       __acrt_uninitialize_ptd    000000014000d888 f   libucrt:per_thread_data.obj
 0001:0000c8ac       __acrt_update_locale_info  000000014000d8ac f   libucrt:locale_update.obj
 0001:0000c8e0       __acrt_update_multibyte_info 000000014000d8e0 f   libucrt:locale_update.obj
 0001:0000c914       ?__acrt_fp_classify@@YA?AW4__acrt_fp_class@@AEBN@Z 000000014000d914 f i libucrt:cvt.obj
 0001:0000d34c       __acrt_fp_format           000000014000e34c f   libucrt:cvt.obj
 0001:0000d590       _fputc_nolock              000000014000e590 f   libucrt:fputc.obj
 0001:0000d5a8       _get_printf_count_output   000000014000e5a8 f   libucrt:printf_count_output.obj
 0001:0000d5c0       __acrt_stdio_begin_temporary_buffering_nolock 000000014000e5c0 f   libucrt:_sftbuf.obj
 0001:0000d690       __acrt_stdio_end_temporary_buffering_nolock 000000014000e690 f   libucrt:_sftbuf.obj
 0001:0000d6cc       __pctype_func              000000014000e6cc f   libucrt:ctype.obj
 0001:0000d6fc       _isctype_l                 000000014000e6fc f   libucrt:isctype.obj
 0001:0000d80c       _fgetc_nolock              000000014000e80c f   libucrt:fgetc.obj
 0001:0000d850       _getc_nolock               000000014000e850 f   libucrt:fgetc.obj
 0001:0000d858       _ungetc_nolock             000000014000e858 f   libucrt:ungetc.obj
 0001:0000d968       fegetround                 000000014000e968 f   libucrt:fegetround.obj
 0001:0000de58       ?expand_if_necessary@?$argument_list@D@?A0xca0879c4@@AEAAHXZ 000000014000ee58 f i libucrt:argv_wildcards.obj
 0001:0000df20       __acrt_expand_narrow_argv_wildcards 000000014000ef20 f   libucrt:argv_wildcards.obj
 0001:0000df28       ??$?RV<lambda_99476a1ad63dd22509b5d3e65b0ffc95>@@AEAV<lambda_ad1ced32f4ac17aa236e5ef05d6b3b7c>@@V<lambda_f7424dd8d45958661754dc4f2697e9c3>@@@?$__crt_seh_guarded_call@X@@QEAAX$$QEAV<lambda_99476a1ad63dd22509b5d3e65b0ffc95>@@AEAV<lambda_ad1ced32f4ac17aa236e5ef05d6b3b7c>@@$$QEAV<lambda_f7424dd8d45958661754dc4f2697e9c3>@@@Z 000000014000ef28 f i libucrt:mbctype.obj
 0001:0000e624       __acrt_initialize_multibyte 000000014000f624 f   libucrt:mbctype.obj
 0001:0000e64c       __acrt_update_thread_multibyte_data 000000014000f64c f   libucrt:mbctype.obj
 0001:0000e70c       _setmbcp_nolock            000000014000f70c f   libucrt:mbctype.obj
 0001:0000ea2c       _ismbblead                 000000014000fa2c f   libucrt:ismbbyte.obj
 0001:0000ea40       __dcrt_get_narrow_environment_from_os 000000014000fa40 f   libucrt:get_environment_from_os.obj
 0001:0000ef20       __dcrt_set_variable_in_narrow_environment_nolock 000000014000ff20 f   libucrt:setenv.obj
 0001:0000ef28       __acrt_initialize_locks    000000014000ff28 f   libucrt:locks.obj
 0001:0000ef70       __acrt_lock                000000014000ff70 f   libucrt:locks.obj
 0001:0000ef8c       __acrt_uninitialize_locks  000000014000ff8c f   libucrt:locks.obj
 0001:0000efc4       __acrt_unlock              000000014000ffc4 f   libucrt:locks.obj
 0001:0000efe0       __acrt_lowio_create_handle_array 000000014000ffe0 f   libucrt:osfinfo.obj
 0001:0000f078       __acrt_lowio_destroy_handle_array 0000000140010078 f   libucrt:osfinfo.obj
 0001:0000f0c8       __acrt_lowio_ensure_fh_exists 00000001400100c8 f   libucrt:osfinfo.obj
 0001:0000f180       __acrt_lowio_lock_fh       0000000140010180 f   libucrt:osfinfo.obj
 0001:0000f1a4       __acrt_lowio_set_os_handle 00000001400101a4 f   libucrt:osfinfo.obj
 0001:0000f264       __acrt_lowio_unlock_fh     0000000140010264 f   libucrt:osfinfo.obj
 0001:0000f288       _alloc_osfhnd              0000000140010288 f   libucrt:osfinfo.obj
 0001:0000f3b8       _free_osfhnd               00000001400103b8 f   libucrt:osfinfo.obj
 0001:0000f474       _get_osfhandle             0000000140010474 f   libucrt:osfinfo.obj
 0001:0000f4ec       __acrt_locale_free_monetary 00000001400104ec f   libucrt:initmon.obj
 0001:0000f5f8       __acrt_locale_free_numeric 00000001400105f8 f   libucrt:initnum.obj
 0001:0000f6bc       __acrt_locale_free_time    00000001400106bc f   libucrt:inittime.obj
 0001:0000f7c4       __acrt_GetStringTypeA      00000001400107c4 f   libucrt:getstringtypea.obj
 0001:0000f978       __acrt_add_locale_ref      0000000140010978 f   libucrt:locale_refcounting.obj
 0001:0000fa04       __acrt_free_locale         0000000140010a04 f   libucrt:locale_refcounting.obj
 0001:0000fb7c       __acrt_locale_add_lc_time_reference 0000000140010b7c f   libucrt:locale_refcounting.obj
 0001:0000fba4       __acrt_locale_free_lc_time_if_unreferenced 0000000140010ba4 f   libucrt:locale_refcounting.obj
 0001:0000fbdc       __acrt_locale_release_lc_time_reference 0000000140010bdc f   libucrt:locale_refcounting.obj
 0001:0000fc04       __acrt_release_locale_ref  0000000140010c04 f   libucrt:locale_refcounting.obj
 0001:0000fcac       __acrt_update_thread_locale_data 0000000140010cac f   libucrt:locale_refcounting.obj
 0001:0000fd1c       _updatetlocinfoEx_nolock   0000000140010d1c f   libucrt:locale_refcounting.obj
 0001:0000fd84       _recalloc                  0000000140010d84 f   libucrt:recalloc.obj
 0001:0000fd8c       _recalloc_base             0000000140010d8c f   libucrt:recalloc.obj
 0001:0000fe24       __acrt_initialize_heap     0000000140010e24 f   libucrt:heap_handle.obj
 0001:0000fe40       __acrt_uninitialize_heap   0000000140010e40 f   libucrt:heap_handle.obj
 0001:0000fe4c       __acrt_execute_initializers 0000000140010e4c f   libucrt:shared_initialization.obj
 0001:0000fee0       __acrt_execute_uninitializers 0000000140010ee0 f   libucrt:shared_initialization.obj
 0001:0000ff30       __acrt_initialize_new_handler 0000000140010f30 f   libucrt:new_handler.obj
 0001:0000ff38       _callnewh                  0000000140010f38 f   libucrt:new_handler.obj
 0001:0000ff78       _query_new_handler         0000000140010f78 f   libucrt:new_handler.obj
 0001:0000ffac       ??$?RV<lambda_c36588078e9f5dfd39652860aa6b3aaf>@@AEAV<lambda_ec61778202f4f5fc7e7711acc23c3bca>@@V<lambda_dc9d2797ccde5d239b4a0efae8ebd7db>@@@?$__crt_seh_guarded_call@P6AXH@Z@@QEAAP6AXH@Z$$QEAV<lambda_c36588078e9f5dfd39652860aa6b3aaf>@@AEAV<lambda_ec61778202f4f5fc7e7711acc23c3bca>@@$$QEAV<lambda_dc9d2797ccde5d239b4a0efae8ebd7db>@@@Z 0000000140010fac f i libucrt:signal.obj
 0001:0000fff4       __acrt_get_sigabrt_handler 0000000140010ff4 f   libucrt:signal.obj
 0001:00010024       __acrt_initialize_signal_handlers 0000000140011024 f   libucrt:signal.obj
 0001:00010044       raise                      0000000140011044 f   libucrt:signal.obj
 0001:000102f0       strncmp                    00000001400112f0 f   libucrt:strncmp.obj
 0001:00010370       __ascii_strnicmp           0000000140011370 f   libucrt:strnicmp.obj
 0001:000103b8       _strnicmp                  00000001400113b8 f   libucrt:strnicmp.obj
 0001:00010408       _strnicmp_l                0000000140011408 f   libucrt:strnicmp.obj
 0001:00010b28       _sopen_nolock              0000000140011b28 f   libucrt:open.obj
 0001:00010bb8       _sopen_s                   0000000140011bb8 f   libucrt:open.obj
 0001:00010bec       _wsopen_nolock             0000000140011bec f   libucrt:open.obj
 0001:000110a4       __acrt_DownlevelLocaleNameToLCID 00000001400120a4 f   libucrt:lcidtoname_downlevel.obj
 0001:000110d8       ??$?RV<lambda_b521505b218e5242e90febf6bfebc422>@@AEAV<lambda_6978c1fb23f02e42e1d9e99668cc68aa>@@V<lambda_314360699dd331753a4119843814e9a7>@@@?$__crt_seh_guarded_call@H@@QEAAH$$QEAV<lambda_b521505b218e5242e90febf6bfebc422>@@AEAV<lambda_6978c1fb23f02e42e1d9e99668cc68aa>@@$$QEAV<lambda_314360699dd331753a4119843814e9a7>@@@Z 00000001400120d8 f i libucrt:commit.obj
 0001:00011164       _commit                    0000000140012164 f   libucrt:commit.obj
 0001:00011798       _write                     0000000140012798 f   libucrt:write.obj
 0001:00011884       _write_nolock              0000000140012884 f   libucrt:write.obj
 0001:00011b68       _isleadbyte_l              0000000140012b68 f i libucrt:_wctype.obj
 0001:00011f04       __acrt_LCMapStringA        0000000140012f04 f   libucrt:lcmapstringa.obj
 0001:00011f9c       __acrt_fp_strflt_to_string 0000000140012f9c f   libucrt:_fptostr.obj
 0001:0001205c       __acrt_fltout              000000014001305c f   libucrt:cfout.obj
 0001:000134cc       __acrt_stdio_flush_and_write_narrow_nolock 00000001400144cc f   libucrt:_flsbuf.obj
 0001:000135b4       _isatty                    00000001400145b4 f   libucrt:isatty.obj
 0001:000137bc       __acrt_stdio_refill_and_read_narrow_nolock 00000001400147bc f   libucrt:_filbuf.obj
 0001:000137c4       __acrt_stdio_allocate_buffer_nolock 00000001400147c4 f   libucrt:_getbuf.obj
 0001:00013828       _getfpcontrolword          0000000140014828 f   libucrt:_fenvutils.obj
 0001:00013840       _getfpstatusword           0000000140014840 f   libucrt:_fenvutils.obj
 0001:00013854       _setfpcontrolword          0000000140014854 f   libucrt:_fenvutils.obj
 0001:00013860       _setfpstatusword           0000000140014860 f   libucrt:_fenvutils.obj
 0001:00013980       qsort                      0000000140014980 f   libucrt:qsort.obj
 0001:00013cb4       strncpy_s                  0000000140014cb4 f   libucrt:strncpy_s.obj
 0001:00013d88       strpbrk                    0000000140014d88 f   libucrt:strpbrk.obj
 0001:00013e28       _mbsdec                    0000000140014e28 f   libucrt:mbsdec.obj
 0001:00013e30       _mbsdec_l                  0000000140014e30 f   libucrt:mbsdec.obj
 0001:00013ee0       _strnicoll                 0000000140014ee0 f   libucrt:strnicol.obj
 0001:00013ef8       _strnicoll_l               0000000140014ef8 f   libucrt:strnicol.obj
 0001:00013ff8       _msize                     0000000140014ff8 f   libucrt:msize.obj
 0001:00014034       _realloc_base              0000000140015034 f   libucrt:realloc_base.obj
 0001:000140b8       __acrt_copy_path_to_wide_string 00000001400150b8 f   libucrt:string_utilities.obj
 0001:000141b0       _chsize_nolock             00000001400151b0 f   libucrt:chsize.obj
 0001:0001485c       _read                      000000014001585c f   libucrt:read.obj
 0001:00014974       _read_nolock               0000000140015974 f   libucrt:read.obj
 0001:00014f68       _lseeki64                  0000000140015f68 f   libucrt:lseek.obj
 0001:00014f70       _lseeki64_nolock           0000000140015f70 f   libucrt:lseek.obj
 0001:00014f78       _putwch_nolock             0000000140015f78 f   libucrt:putwch.obj
 0001:00014fd4       __strncnt                  0000000140015fd4 f   libucrt:strncnt.obj
 0001:00014fec       fegetenv                   0000000140015fec f   libucrt:fegetenv.obj
 0001:0001500c       fesetenv                   000000014001600c f   libucrt:fesetenv.obj
 0001:00015058       feholdexcept               0000000140016058 f   libucrt:feholdexcept.obj
 0001:000150a8       ceil                       00000001400160a8 f   libucrt:ceil.obj
 0001:00015170       log10                      0000000140016170 f   libucrt:log10.obj
 0001:0001571c       _clearfp                   000000014001671c f   libucrt:ieee.obj
 0001:00015770       _controlfp                 0000000140016770 f   libucrt:ieee.obj
 0001:0001577c       _statusfp                  000000014001677c f   libucrt:ieee.obj
 0001:00015a70       _get_fpsr                  0000000140016a70 f   libucrt:fpsr.obj
 0001:00015a80       _set_fpsr                  0000000140016a80 f   libucrt:fpsr.obj
 0001:00015a8a       _fclrf                     0000000140016a8a f   libucrt:fpsr.obj
 0001:00015a9e       _frnd                      0000000140016a9e f   libucrt:fpsr.obj
 0001:00015e54       __acrt_CompareStringA      0000000140016e54 f   libucrt:comparestringa.obj
 0001:00015ee0       __dcrt_lowio_initialize_console_output 0000000140016ee0 f   libucrt:initcon.obj
 0001:00015f1c       __dcrt_terminate_console_output 0000000140016f1c f   libucrt:initcon.obj
 0001:00016060       _handle_error              0000000140017060 f   libucrt:libm_error.obj
 0001:00016188       _handle_nan                0000000140017188 f   libucrt:libm_error.obj
 0001:000161b0       __acrt_initialize_fma3     00000001400171b0 f   libucrt:fma3_available.obj
 0001:00016220       _log10_special             0000000140017220 f   libucrt:log_special.obj
 0001:000162d8       _raise_exc                 00000001400172d8 f   libucrt:fpexcept.obj
 0001:00016300       _raise_exc_ex              0000000140017300 f   libucrt:fpexcept.obj
 0001:00016608       _set_errno_from_matherr    0000000140017608 f   libucrt:fpexcept.obj
 0001:00016638       _clrfp                     0000000140017638 f   libucrt:fpctrl.obj
 0001:00016658       _ctrlfp                    0000000140017658 f   libucrt:fpctrl.obj
 0001:000166d4       _set_statfp                00000001400176d4 f   libucrt:fpctrl.obj
 0001:000166f4       _statfp                    00000001400176f4 f   libucrt:fpctrl.obj
 0001:00016706       IsProcessorFeaturePresent  0000000140017706 f   kernel32:KERNEL32.dll
 0001:0001670c       RtlUnwindEx                000000014001770c f   kernel32:KERNEL32.dll
 0001:00016720       _FindPESection             0000000140017720 f   LIBCMT:pesect.obj
 0001:00016770       _IsNonwritableInCurrentImage 0000000140017770 f   LIBCMT:pesect.obj
 0001:000167c0       _ValidateImageBase         00000001400177c0 f   LIBCMT:pesect.obj
 0001:000167f0       __GSHandlerCheck           00000001400177f0 f   LIBCMT:_gshandler_.obj
 0001:00016810       __GSHandlerCheckCommon     0000000140017810 f   LIBCMT:_gshandler_.obj
 0001:00016880       __chkstk                   0000000140017880 f   LIBCMT:_chkstk_.obj
 0001:00016880       _alloca_probe              0000000140017880 f   LIBCMT:_chkstk_.obj
 0001:000168f0       memmove                    00000001400178f0 f   libvcruntime:memcpy.obj
 0001:000168f0       memcpy                     00000001400178f0 f   libvcruntime:memcpy.obj
 0001:00016d40       memcmp                     0000000140017d40 f   libvcruntime:memcmp.obj
 0001:00016e08       strrchr                    0000000140017e08 f   libvcruntime:strrchr.obj
 0001:00016f48       strchr                     0000000140017f48 f   libvcruntime:strchr.obj
 0001:00016ff0       _guard_dispatch_icall_nop  0000000140017ff0 f   LIBCMT:_guard_dispatch_.obj
 0002:00000000       __imp_RtlCaptureContext    0000000140019000     kernel32:KERNEL32.dll
 0002:00000008       __imp_RtlLookupFunctionEntry 0000000140019008     kernel32:KERNEL32.dll
 0002:00000010       __imp_RtlVirtualUnwind     0000000140019010     kernel32:KERNEL32.dll
 0002:00000018       __imp_UnhandledExceptionFilter 0000000140019018     kernel32:KERNEL32.dll
 0002:00000020       __imp_SetUnhandledExceptionFilter 0000000140019020     kernel32:KERNEL32.dll
 0002:00000028       __imp_GetCurrentProcess    0000000140019028     kernel32:KERNEL32.dll
 0002:00000030       __imp_TerminateProcess     0000000140019030     kernel32:KERNEL32.dll
 0002:00000038       __imp_IsProcessorFeaturePresent 0000000140019038     kernel32:KERNEL32.dll
 0002:00000040       __imp_QueryPerformanceCounter 0000000140019040     kernel32:KERNEL32.dll
 0002:00000048       __imp_GetCurrentProcessId  0000000140019048     kernel32:KERNEL32.dll
 0002:00000050       __imp_GetCurrentThreadId   0000000140019050     kernel32:KERNEL32.dll
 0002:00000058       __imp_GetSystemTimeAsFileTime 0000000140019058     kernel32:KERNEL32.dll
 0002:00000060       __imp_InitializeSListHead  0000000140019060     kernel32:KERNEL32.dll
 0002:00000068       __imp_IsDebuggerPresent    0000000140019068     kernel32:KERNEL32.dll
 0002:00000070       __imp_GetStartupInfoW      0000000140019070     kernel32:KERNEL32.dll
 0002:00000078       __imp_GetModuleHandleW     0000000140019078     kernel32:KERNEL32.dll
 0002:00000080       __imp_RtlUnwindEx          0000000140019080     kernel32:KERNEL32.dll
 0002:00000088       __imp_GetLastError         0000000140019088     kernel32:KERNEL32.dll
 0002:00000090       __imp_SetLastError         0000000140019090     kernel32:KERNEL32.dll
 0002:00000098       __imp_EnterCriticalSection 0000000140019098     kernel32:KERNEL32.dll
 0002:000000a0       __imp_LeaveCriticalSection 00000001400190a0     kernel32:KERNEL32.dll
 0002:000000a8       __imp_DeleteCriticalSection 00000001400190a8     kernel32:KERNEL32.dll
 0002:000000b0       __imp_InitializeCriticalSectionAndSpinCount 00000001400190b0     kernel32:KERNEL32.dll
 0002:000000b8       __imp_TlsAlloc             00000001400190b8     kernel32:KERNEL32.dll
 0002:000000c0       __imp_TlsGetValue          00000001400190c0     kernel32:KERNEL32.dll
 0002:000000c8       __imp_TlsSetValue          00000001400190c8     kernel32:KERNEL32.dll
 0002:000000d0       __imp_TlsFree              00000001400190d0     kernel32:KERNEL32.dll
 0002:000000d8       __imp_FreeLibrary          00000001400190d8     kernel32:KERNEL32.dll
 0002:000000e0       __imp_GetProcAddress       00000001400190e0     kernel32:KERNEL32.dll
 0002:000000e8       __imp_LoadLibraryExW       00000001400190e8     kernel32:KERNEL32.dll
 0002:000000f0       __imp_GetStdHandle         00000001400190f0     kernel32:KERNEL32.dll
 0002:000000f8       __imp_WriteFile            00000001400190f8     kernel32:KERNEL32.dll
 0002:00000100       __imp_GetModuleFileNameA   0000000140019100     kernel32:KERNEL32.dll
 0002:00000108       __imp_MultiByteToWideChar  0000000140019108     kernel32:KERNEL32.dll
 0002:00000110       __imp_WideCharToMultiByte  0000000140019110     kernel32:KERNEL32.dll
 0002:00000118       __imp_ExitProcess          0000000140019118     kernel32:KERNEL32.dll
 0002:00000120       __imp_GetModuleHandleExW   0000000140019120     kernel32:KERNEL32.dll
 0002:00000128       __imp_GetCommandLineA      0000000140019128     kernel32:KERNEL32.dll
 0002:00000130       __imp_GetCommandLineW      0000000140019130     kernel32:KERNEL32.dll
 0002:00000138       __imp_GetACP               0000000140019138     kernel32:KERNEL32.dll
 0002:00000140       __imp_HeapFree             0000000140019140     kernel32:KERNEL32.dll
 0002:00000148       __imp_HeapAlloc            0000000140019148     kernel32:KERNEL32.dll
 0002:00000150       __imp_CompareStringW       0000000140019150     kernel32:KERNEL32.dll
 0002:00000158       __imp_LCMapStringW         0000000140019158     kernel32:KERNEL32.dll
 0002:00000160       __imp_GetFileType          0000000140019160     kernel32:KERNEL32.dll
 0002:00000168       __imp_CloseHandle          0000000140019168     kernel32:KERNEL32.dll
 0002:00000170       __imp_GetStringTypeW       0000000140019170     kernel32:KERNEL32.dll
 0002:00000178       __imp_FindClose            0000000140019178     kernel32:KERNEL32.dll
 0002:00000180       __imp_FindFirstFileExA     0000000140019180     kernel32:KERNEL32.dll
 0002:00000188       __imp_FindNextFileA        0000000140019188     kernel32:KERNEL32.dll
 0002:00000190       __imp_IsValidCodePage      0000000140019190     kernel32:KERNEL32.dll
 0002:00000198       __imp_GetOEMCP             0000000140019198     kernel32:KERNEL32.dll
 0002:000001a0       __imp_GetCPInfo            00000001400191a0     kernel32:KERNEL32.dll
 0002:000001a8       __imp_GetEnvironmentStringsW 00000001400191a8     kernel32:KERNEL32.dll
 0002:000001b0       __imp_FreeEnvironmentStringsW 00000001400191b0     kernel32:KERNEL32.dll
 0002:000001b8       __imp_SetEnvironmentVariableA 00000001400191b8     kernel32:KERNEL32.dll
 0002:000001c0       __imp_SetStdHandle         00000001400191c0     kernel32:KERNEL32.dll
 0002:000001c8       __imp_GetProcessHeap       00000001400191c8     kernel32:KERNEL32.dll
 0002:000001d0       __imp_CreateFileW          00000001400191d0     kernel32:KERNEL32.dll
 0002:000001d8       __imp_FlushFileBuffers     00000001400191d8     kernel32:KERNEL32.dll
 0002:000001e0       __imp_GetConsoleCP         00000001400191e0     kernel32:KERNEL32.dll
 0002:000001e8       __imp_GetConsoleMode       00000001400191e8     kernel32:KERNEL32.dll
 0002:000001f0       __imp_HeapSize             00000001400191f0     kernel32:KERNEL32.dll
 0002:000001f8       __imp_HeapReAlloc          00000001400191f8     kernel32:KERNEL32.dll
 0002:00000200       __imp_SetEndOfFile         0000000140019200     kernel32:KERNEL32.dll
 0002:00000208       __imp_ReadFile             0000000140019208     kernel32:KERNEL32.dll
 0002:00000210       __imp_ReadConsoleW         0000000140019210     kernel32:KERNEL32.dll
 0002:00000218       __imp_SetFilePointerEx     0000000140019218     kernel32:KERNEL32.dll
 0002:00000220       __imp_WriteConsoleW        0000000140019220     kernel32:KERNEL32.dll
 0002:00000228       __imp_RaiseException       0000000140019228     kernel32:KERNEL32.dll
 0002:00000230       \177KERNEL32_NULL_THUNK_DATA 0000000140019230     kernel32:KERNEL32.dll
 0002:00000238       __guard_check_icall_fptr   0000000140019238     LIBCMT:guard_support.obj
 0002:00000240       __guard_dispatch_icall_fptr 0000000140019240     LIBCMT:guard_support.obj
 0002:00000248       __xc_a                     0000000140019248     LIBCMT:initializers.obj
 0002:00000258       __xc_z                     0000000140019258     LIBCMT:initializers.obj
 0002:00000260       __xi_a                     0000000140019260     LIBCMT:initializers.obj
 0002:00000278       __acrt_stdio_initializer   0000000140019278     libucrt:stdio_initializer.obj
 0002:00000280       __acrt_multibyte_initializer 0000000140019280     libucrt:multibyte_initializer.obj
 0002:00000288       __acrt_tran_fma3_initializer 0000000140019288     libucrt:fma3_initializer.obj
 0002:00000290       __xi_z                     0000000140019290     LIBCMT:initializers.obj
 0002:00000298       __xp_a                     0000000140019298     LIBCMT:initializers.obj
 0002:000002a0       __acrt_locale_terminator   00000001400192a0     libucrt:locale_initializer.obj
 0002:000002a8       __dcrt_console_output_terminator 00000001400192a8     libucrt:console_output_initializer.obj
 0002:000002b0       __acrt_stdio_terminator    00000001400192b0     libucrt:stdio_initializer.obj
 0002:000002b8       __xp_z                     00000001400192b8     LIBCMT:initializers.obj
 0002:000002c0       __xt_a                     00000001400192c0     LIBCMT:initializers.obj
 0002:000002c8       __xt_z                     00000001400192c8     LIBCMT:initializers.obj
 0002:00000300       ??_C@_1BC@DNHGCMLG@?$AAa?$AAd?$AAv?$AAa?$AAp?$AAi?$AA3?$AA2?$AA?$AA@ 0000000140019300     libvcruntime:winapi_downlevel.obj
 0002:00000318       ??_C@_1DM@KHCHBNEB@?$AAa?$AAp?$AAi?$AA?9?$AAm?$AAs?$AA?9?$AAw?$AAi?$AAn?$AA?9?$AAc?$AAo?$AAr?$AAe?$AA?9?$AAf?$AAi?$AAb?$AAe?$AAr?$AAs?$AA?9?$AAl?$AA1?$AA?9?$AA1?$AA?9?$AA1?$AA?$AA@ 0000000140019318     libvcruntime:winapi_downlevel.obj
 0002:00000358       ??_C@_1DK@LPPGFMPP@?$AAa?$AAp?$AAi?$AA?9?$AAm?$AAs?$AA?9?$AAw?$AAi?$AAn?$AA?9?$AAc?$AAo?$AAr?$AAe?$AA?9?$AAs?$AAy?$AAn?$AAc?$AAh?$AA?9?$AAl?$AA1?$AA?9?$AA2?$AA?9?$AA0?$AA?$AA@ 0000000140019358     libvcruntime:winapi_downlevel.obj
 0002:00000398       ??_C@_1BC@GDMECMAK@?$AAk?$AAe?$AAr?$AAn?$AAe?$AAl?$AA3?$AA2?$AA?$AA@ 0000000140019398     libvcruntime:winapi_downlevel.obj
 0002:000003b8       ??_C@_08KNHFBNJ@FlsAlloc?$AA@ 00000001400193b8     libvcruntime:winapi_downlevel.obj
 0002:000003d0       ??_C@_07PEJMOBNF@FlsFree?$AA@ 00000001400193d0     libvcruntime:winapi_downlevel.obj
 0002:000003d8       ??_C@_0M@GDNOONDI@FlsGetValue?$AA@ 00000001400193d8     libvcruntime:winapi_downlevel.obj
 0002:000003f0       ??_C@_0M@JCPCPOEF@FlsSetValue?$AA@ 00000001400193f0     libvcruntime:winapi_downlevel.obj
 0002:00000408       ??_C@_0BM@HCFOFFN@InitializeCriticalSectionEx?$AA@ 0000000140019408     libvcruntime:winapi_downlevel.obj
 0002:00000750       ??_C@_08EHJDFFNH@__based?$CI?$AA@ 0000000140019750     libvcruntime:undname.obj
 0002:00000760       ??_C@_07KOLFKCDI@__cdecl?$AA@ 0000000140019760     libvcruntime:undname.obj
 0002:00000768       ??_C@_08GHMPAG@__pascal?$AA@ 0000000140019768     libvcruntime:undname.obj
 0002:00000778       ??_C@_09IFJBGAPI@__stdcall?$AA@ 0000000140019778     libvcruntime:undname.obj
 0002:00000788       ??_C@_0L@NPHFGOKO@__thiscall?$AA@ 0000000140019788     libvcruntime:undname.obj
 0002:00000798       ??_C@_0L@JMKHOMEK@__fastcall?$AA@ 0000000140019798     libvcruntime:undname.obj
 0002:000007a8       ??_C@_0N@BCKKPABJ@__vectorcall?$AA@ 00000001400197a8     libvcruntime:undname.obj
 0002:000007b8       ??_C@_09HIJEGCPM@__clrcall?$AA@ 00000001400197b8     libvcruntime:undname.obj
 0002:000007c4       ??_C@_06GHPCKEAG@__eabi?$AA@ 00000001400197c4     libvcruntime:undname.obj
 0002:000007d0       ??_C@_07JOMMBBKO@__ptr64?$AA@ 00000001400197d0     libvcruntime:undname.obj
 0002:000007d8       ??_C@_0L@PILCLIHE@__restrict?$AA@ 00000001400197d8     libvcruntime:undname.obj
 0002:000007e8       ??_C@_0M@GFIIJFMG@__unaligned?$AA@ 00000001400197e8     libvcruntime:undname.obj
 0002:000007f8       ??_C@_09DHDLOLLB@restrict?$CI?$AA@ 00000001400197f8     libvcruntime:undname.obj
 0002:00000802       ??_C@_00CNPNBAHC@?$AA@     0000000140019802     libvcruntime:undname.obj
 0002:00000804       ??_C@_04NIHEBCM@?5new?$AA@ 0000000140019804     libvcruntime:undname.obj
 0002:00000810       ??_C@_07FPCDHGMM@?5delete?$AA@ 0000000140019810     libvcruntime:undname.obj
 0002:00000818       ??_C@_01NEMOKFLO@?$DN?$AA@ 0000000140019818     libvcruntime:undname.obj
 0002:0000081c       ??_C@_02GPIOPFAK@?$DO?$DO?$AA@ 000000014001981c     libvcruntime:undname.obj
 0002:00000820       ??_C@_02FODMEDOG@?$DM?$DM?$AA@ 0000000140019820     libvcruntime:undname.obj
 0002:00000824       ??_C@_01DCLJPIOD@?$CB?$AA@ 0000000140019824     libvcruntime:undname.obj
 0002:00000828       ??_C@_02EGOFBIJA@?$DN?$DN?$AA@ 0000000140019828     libvcruntime:undname.obj
 0002:0000082c       ??_C@_02FDNJECIE@?$CB?$DN?$AA@ 000000014001982c     libvcruntime:undname.obj
 0002:00000830       ??_C@_02GPECMEKF@?$FL?$FN?$AA@ 0000000140019830     libvcruntime:undname.obj
 0002:00000838       ??_C@_08LHJFAFGD@operator?$AA@ 0000000140019838     libvcruntime:undname.obj
 0002:00000844       ??_C@_02HBOOOICD@?9?$DO?$AA@ 0000000140019844     libvcruntime:undname.obj
 0002:00000848       ??_C@_01NBENCBCI@?$CK?$AA@ 0000000140019848     libvcruntime:undname.obj
 0002:0000084c       ??_C@_02ECNGHCIF@?$CL?$CL?$AA@ 000000014001984c     libvcruntime:undname.obj
 0002:00000850       ??_C@_02BAABKJLB@?9?9?$AA@ 0000000140019850     libvcruntime:undname.obj
 0002:00000854       ??_C@_01JOAMLHOP@?9?$AA@   0000000140019854     libvcruntime:undname.obj
 0002:00000858       ??_C@_01MIFGBAGJ@?$CL?$AA@ 0000000140019858     libvcruntime:undname.obj
 0002:0000085c       ??_C@_01HNPIGOCE@?$CG?$AA@ 000000014001985c     libvcruntime:undname.obj
 0002:00000860       ??_C@_03MNHNFDLC@?9?$DO?$CK?$AA@ 0000000140019860     libvcruntime:undname.obj
 0002:00000864       ??_C@_01KMDKNFGN@?1?$AA@   0000000140019864     libvcruntime:undname.obj
 0002:00000868       ??_C@_01FGNFDNOH@?$CF?$AA@ 0000000140019868     libvcruntime:undname.obj
 0002:0000086c       ??_C@_01MNNFJEPP@?$DM?$AA@ 000000014001986c     libvcruntime:undname.obj
 0002:00000870       ??_C@_02EHCHHCKH@?$DM?$DN?$AA@ 0000000140019870     libvcruntime:undname.obj
 0002:00000874       ??_C@_01PPODPGHN@?$DO?$AA@ 0000000140019874     libvcruntime:undname.obj
 0002:00000878       ??_C@_02EEKDKGMJ@?$DO?$DN?$AA@ 0000000140019878     libvcruntime:undname.obj
 0002:0000087c       ??_C@_01IHBHIGKO@?0?$AA@   000000014001987c     libvcruntime:undname.obj
 0002:00000880       ??_C@_02HCKGKOFO@?$CI?$CJ?$AA@ 0000000140019880     libvcruntime:undname.obj
 0002:00000884       ??_C@_01PJKLJHI@?$HO?$AA@  0000000140019884     libvcruntime:undname.obj
 0002:00000888       ??_C@_01JKBOJNNK@?$FO?$AA@ 0000000140019888     libvcruntime:undname.obj
 0002:0000088c       ??_C@_01DNKMNLPK@?$HM?$AA@ 000000014001988c     libvcruntime:undname.obj
 0002:00000890       ??_C@_02PPKAJPJL@?$CG?$CG?$AA@ 0000000140019890     libvcruntime:undname.obj
 0002:00000894       ??_C@_02NONPIBCD@?$HM?$HM?$AA@ 0000000140019894     libvcruntime:undname.obj
 0002:00000898       ??_C@_02FPIMKNGF@?$CK?$DN?$AA@ 0000000140019898     libvcruntime:undname.obj
 0002:0000089c       ??_C@_02FOEOMHFC@?$CL?$DN?$AA@ 000000014001989c     libvcruntime:undname.obj
 0002:000008a0       ??_C@_02FKMDLLOA@?9?$DN?$AA@ 00000001400198a0     libvcruntime:undname.obj
 0002:000008a4       ??_C@_02FJEHGPIO@?1?$DN?$AA@ 00000001400198a4     libvcruntime:undname.obj
 0002:000008a8       ??_C@_02FENAOKFI@?$CF?$DN?$AA@ 00000001400198a8     libvcruntime:undname.obj
 0002:000008ac       ??_C@_03IKFCCPFF@?$DO?$DO?$DN?$AA@ 00000001400198ac     libvcruntime:undname.obj
 0002:000008b0       ??_C@_03CDNPDDLA@?$DM?$DM?$DN?$AA@ 00000001400198b0     libvcruntime:undname.obj
 0002:000008b4       ??_C@_02FGJGFEAB@?$CG?$DN?$AA@ 00000001400198b4     libvcruntime:undname.obj
 0002:000008b8       ??_C@_02DHLNPPGH@?$HM?$DN?$AA@ 00000001400198b8     libvcruntime:undname.obj
 0002:000008bc       ??_C@_02MHEGNOJ@?$FO?$DN?$AA@ 00000001400198bc     libvcruntime:undname.obj
 0002:000008c0       ??_C@_09IFPLHPGF@?$GAvftable?8?$AA@ 00000001400198c0     libvcruntime:undname.obj
 0002:000008d0       ??_C@_09BLBHBJP@?$GAvbtable?8?$AA@ 00000001400198d0     libvcruntime:undname.obj
 0002:000008e0       ??_C@_07FEEIOKP@?$GAvcall?8?$AA@ 00000001400198e0     libvcruntime:undname.obj
 0002:000008e8       ??_C@_08LLFFHHDJ@?$GAtypeof?8?$AA@ 00000001400198e8     libvcruntime:undname.obj
 0002:000008f8       ??_C@_0BF@KDPPACIK@?$GAlocal?5static?5guard?8?$AA@ 00000001400198f8     libvcruntime:undname.obj
 0002:00000910       ??_C@_08OBABFOLI@?$GAstring?8?$AA@ 0000000140019910     libvcruntime:undname.obj
 0002:00000920       ??_C@_0BD@JDLKDPAB@?$GAvbase?5destructor?8?$AA@ 0000000140019920     libvcruntime:undname.obj
 0002:00000938       ??_C@_0BN@DEGPLNFK@?$GAvector?5deleting?5destructor?8?$AA@ 0000000140019938     libvcruntime:undname.obj
 0002:00000958       ??_C@_0BO@OBMKPJIG@?$GAdefault?5constructor?5closure?8?$AA@ 0000000140019958     libvcruntime:undname.obj
 0002:00000978       ??_C@_0BN@IMDCHIKM@?$GAscalar?5deleting?5destructor?8?$AA@ 0000000140019978     libvcruntime:undname.obj
 0002:00000998       ??_C@_0BO@PFGOCPJJ@?$GAvector?5constructor?5iterator?8?$AA@ 0000000140019998     libvcruntime:undname.obj
 0002:000009b8       ??_C@_0BN@LFPFMEDL@?$GAvector?5destructor?5iterator?8?$AA@ 00000001400199b8     libvcruntime:undname.obj
 0002:000009d8       ??_C@_0CE@IKBNEHA@?$GAvector?5vbase?5constructor?5iterat@ 00000001400199d8     libvcruntime:undname.obj
 0002:00000a00       ??_C@_0BL@NILFHHPC@?$GAvirtual?5displacement?5map?8?$AA@ 0000000140019a00     libvcruntime:undname.obj
 0002:00000a20       ??_C@_0CB@JONCMFFK@?$GAeh?5vector?5constructor?5iterator?8@ 0000000140019a20     libvcruntime:undname.obj
 0002:00000a48       ??_C@_0CA@GCEOPDGL@?$GAeh?5vector?5destructor?5iterator?8?$AA@ 0000000140019a48     libvcruntime:undname.obj
 0002:00000a68       ??_C@_0CH@OOJPLCPH@?$GAeh?5vector?5vbase?5constructor?5ite@ 0000000140019a68     libvcruntime:undname.obj
 0002:00000a90       ??_C@_0BL@LLKPOHJI@?$GAcopy?5constructor?5closure?8?$AA@ 0000000140019a90     libvcruntime:undname.obj
 0002:00000ab0       ??_C@_0BA@KBCDOMBN@?$GAudt?5returning?8?$AA@ 0000000140019ab0     libvcruntime:undname.obj
 0002:00000ac0       ??_C@_03KLGMFNMG@?$GAEH?$AA@ 0000000140019ac0     libvcruntime:undname.obj
 0002:00000ac4       ??_C@_05KHLCHHI@?$GARTTI?$AA@ 0000000140019ac4     libvcruntime:undname.obj
 0002:00000ad0       ??_C@_0BA@KKLDJDLB@?$GAlocal?5vftable?8?$AA@ 0000000140019ad0     libvcruntime:undname.obj
 0002:00000ae0       ??_C@_0CE@IIHCMGGL@?$GAlocal?5vftable?5constructor?5closu@ 0000000140019ae0     libvcruntime:undname.obj
 0002:00000b04       ??_C@_06FHBGPFGH@?5new?$FL?$FN?$AA@ 0000000140019b04     libvcruntime:undname.obj
 0002:00000b10       ??_C@_09LBNFPBCA@?5delete?$FL?$FN?$AA@ 0000000140019b10     libvcruntime:undname.obj
 0002:00000b20       ??_C@_0P@HJKNJFNN@?$GAomni?5callsig?8?$AA@ 0000000140019b20     libvcruntime:undname.obj
 0002:00000b30       ??_C@_0BL@CNOONJFP@?$GAplacement?5delete?5closure?8?$AA@ 0000000140019b30     libvcruntime:undname.obj
 0002:00000b50       ??_C@_0BN@CKNJLHMB@?$GAplacement?5delete?$FL?$FN?5closure?8?$AA@ 0000000140019b50     libvcruntime:undname.obj
 0002:00000b70       ??_C@_0CG@CFDHKGGD@?$GAmanaged?5vector?5constructor?5iter@ 0000000140019b70     libvcruntime:undname.obj
 0002:00000b98       ??_C@_0CF@IMGKMJNO@?$GAmanaged?5vector?5destructor?5itera@ 0000000140019b98     libvcruntime:undname.obj
 0002:00000bc0       ??_C@_0CG@HLDDJMAG@?$GAeh?5vector?5copy?5constructor?5iter@ 0000000140019bc0     libvcruntime:undname.obj
 0002:00000be8       ??_C@_0CM@FCBBDIGB@?$GAeh?5vector?5vbase?5copy?5constructo@ 0000000140019be8     libvcruntime:undname.obj
 0002:00000c18       ??_C@_0BL@CLIPGLGB@?$GAdynamic?5initializer?5for?5?8?$AA@ 0000000140019c18     libvcruntime:undname.obj
 0002:00000c38       ??_C@_0CB@PDBIFEP@?$GAdynamic?5atexit?5destructor?5for?5?8@ 0000000140019c38     libvcruntime:undname.obj
 0002:00000c60       ??_C@_0CD@CGAJBKEJ@?$GAvector?5copy?5constructor?5iterato@ 0000000140019c60     libvcruntime:undname.obj
 0002:00000c88       ??_C@_0CJ@GJELGAMM@?$GAvector?5vbase?5copy?5constructor?5i@ 0000000140019c88     libvcruntime:undname.obj
 0002:00000cb8       ??_C@_0CL@FGIJHLCE@?$GAmanaged?5vector?5copy?5constructor@ 0000000140019cb8     libvcruntime:undname.obj
 0002:00000ce8       ??_C@_0BM@PMGGMLDN@?$GAlocal?5static?5thread?5guard?8?$AA@ 0000000140019ce8     libvcruntime:undname.obj
 0002:00000d08       ??_C@_0N@BDNMDMOL@operator?5?$CC?$CC?5?$AA@ 0000000140019d08     libvcruntime:undname.obj
 0002:00000d18       ??_C@_0BC@DAFEJGAK@?5Type?5Descriptor?8?$AA@ 0000000140019d18     libvcruntime:undname.obj
 0002:00000d30       ??_C@_0BM@LDKODKLH@?5Base?5Class?5Descriptor?5at?5?$CI?$AA@ 0000000140019d30     libvcruntime:undname.obj
 0002:00000d50       ??_C@_0BD@LGICGFMM@?5Base?5Class?5Array?8?$AA@ 0000000140019d50     libvcruntime:undname.obj
 0002:00000d68       ??_C@_0BN@MECKDCOJ@?5Class?5Hierarchy?5Descriptor?8?$AA@ 0000000140019d68     libvcruntime:undname.obj
 0002:00000d88       ??_C@_0BK@CFCOFLF@?5Complete?5Object?5Locator?8?$AA@ 0000000140019d88     libvcruntime:undname.obj
 0002:00000db0       standard_lookup_table      0000000140019db0     libucrt:output.obj
 0002:00000e0c       ??_C@_06OJHGLDPL@?$CInull?$CJ?$AA@ 0000000140019e0c     libucrt:output.obj
 0002:00000e18       ??_C@_1O@CEDCILHN@?$AA?$CI?$AAn?$AAu?$AAl?$AAl?$AA?$CJ?$AA?$AA@ 0000000140019e18     libucrt:output.obj
 0002:00000e30       ?large_power_data@?1??multiply_by_power_of_ten@__crt_strtox@@YA_NAEAUbig_integer@2@I@Z@4QBIB 0000000140019e30     libucrt:input.obj
 0002:00001740       ?large_power_indices@?1??multiply_by_power_of_ten@__crt_strtox@@YA_NAEAUbig_integer@2@I@Z@4QBUunpack_index@?1??12@YA_N0I@Z@B 000000014001a740     libucrt:input.obj
 0002:000017d8       ?small_powers_of_ten@?6??multiply_by_power_of_ten@__crt_strtox@@YA_NAEAUbig_integer@2@I@Z@4QBIB 000000014001a7d8     libucrt:input.obj
 0002:00001800       ??_C@_1GE@DPGDJKLM@?$AAm?$AAi?$AAn?$AAk?$AAe?$AAr?$AAn?$AAe?$AAl?$AA?2?$AAc?$AAr?$AAt?$AAs?$AA?2?$AAu?$AAc?$AAr?$AAt?$AA?2?$AAi?$AAn?$AAc?$AA?2?$AAc?$AAo?$AAr?$AAe?$AAc?$AAr?$AAt?$AA_@ 000000014001a800     libucrt:input.obj
 0002:00001870       ??_C@_1FM@FELNCOBF@?$AA_?$AA_?$AAc?$AAr?$AAt?$AA_?$AAs?$AAt?$AAr?$AAt?$AAo?$AAx?$AA?3?$AA?3?$AAf?$AAl?$AAo?$AAa?$AAt?$AAi?$AAn?$AAg?$AA_?$AAp?$AAo?$AAi?$AAn?$AAt?$AA_?$AAv?$AAa?$AAl@ 000000014001a870     libucrt:input.obj
 0002:000018d0       ??_C@_1BG@GEMHBGAF@?$AA_?$AAi?$AAs?$AA_?$AAd?$AAo?$AAu?$AAb?$AAl?$AAe?$AA?$AA@ 000000014001a8d0     libucrt:input.obj
 0002:000018f0       ??_C@_1FK@JOJELFFO@?$AA_?$AA_?$AAc?$AAr?$AAt?$AA_?$AAs?$AAt?$AAr?$AAt?$AAo?$AAx?$AA?3?$AA?3?$AAf?$AAl?$AAo?$AAa?$AAt?$AAi?$AAn?$AAg?$AA_?$AAp?$AAo?$AAi?$AAn?$AAt?$AA_?$AAv?$AAa?$AAl@ 000000014001a8f0     libucrt:input.obj
 0002:00001950       ??_C@_1BI@BANMPGJI@?$AA?$CB?$AA_?$AAi?$AAs?$AA_?$AAd?$AAo?$AAu?$AAb?$AAl?$AAe?$AA?$AA@ 000000014001a950     libucrt:input.obj
 0002:00001970       ?constraints@?1??is_length_valid@__crt_stdio_input@@YA_NW4conversion_mode@2@W4length_modifier@2@@Z@4QAY0M@$$CBEA 000000014001a970     libucrt:input.obj
 0002:000019e8       ?inf_uppercase@?2???$parse_floating_point_possible_infinity@DV?$input_adapter_character_source@V?$stream_input_adapter@D@__crt_stdio_input@@@__crt_strtox@@_K@__crt_strtox@@YA?AW4floating_point_parse_result@1@AEADAEAV?$input_adapter_character_source@V?$stream_input_adapter@D@__crt_stdio_input@@@1@_K@Z@4QBDB 000000014001a9e8     libucrt:input.obj
 0002:000019ec       ?inf_lowercase@?2???$parse_floating_point_possible_infinity@DV?$input_adapter_character_source@V?$stream_input_adapter@D@__crt_stdio_input@@@__crt_strtox@@_K@__crt_strtox@@YA?AW4floating_point_parse_result@1@AEADAEAV?$input_adapter_character_source@V?$stream_input_adapter@D@__crt_stdio_input@@@1@_K@Z@4QBDB 000000014001a9ec     libucrt:input.obj
 0002:000019f0       ?inity_uppercase@?5???$parse_floating_point_possible_infinity@DV?$input_adapter_character_source@V?$stream_input_adapter@D@__crt_stdio_input@@@__crt_strtox@@_K@__crt_strtox@@YA?AW4floating_point_parse_result@1@AEADAEAV?$input_adapter_character_source@V?$stream_input_adapter@D@__crt_stdio_input@@@1@_K@Z@4QBDB 000000014001a9f0     libucrt:input.obj
 0002:000019f8       ?inity_lowercase@?5???$parse_floating_point_possible_infinity@DV?$input_adapter_character_source@V?$stream_input_adapter@D@__crt_stdio_input@@@__crt_strtox@@_K@__crt_strtox@@YA?AW4floating_point_parse_result@1@AEADAEAV?$input_adapter_character_source@V?$stream_input_adapter@D@__crt_stdio_input@@@1@_K@Z@4QBDB 000000014001a9f8     libucrt:input.obj
 0002:00001a00       ?uppercase@?2???$parse_floating_point_possible_nan@DV?$input_adapter_character_source@V?$stream_input_adapter@D@__crt_stdio_input@@@__crt_strtox@@_K@__crt_strtox@@YA?AW4floating_point_parse_result@1@AEADAEAV?$input_adapter_character_source@V?$stream_input_adapter@D@__crt_stdio_input@@@1@_K@Z@4QBDB 000000014001aa00     libucrt:input.obj
 0002:00001a04       ?lowercase@?2???$parse_floating_point_possible_nan@DV?$input_adapter_character_source@V?$stream_input_adapter@D@__crt_stdio_input@@@__crt_strtox@@_K@__crt_strtox@@YA?AW4floating_point_parse_result@1@AEADAEAV?$input_adapter_character_source@V?$stream_input_adapter@D@__crt_stdio_input@@@1@_K@Z@4QBDB 000000014001aa04     libucrt:input.obj
 0002:00001a08       ?uppercase@?1???$parse_floating_point_possible_nan_is_snan@DV?$input_adapter_character_source@V?$stream_input_adapter@D@__crt_stdio_input@@@__crt_strtox@@@__crt_strtox@@YA_NAEADAEAV?$input_adapter_character_source@V?$stream_input_adapter@D@__crt_stdio_input@@@1@@Z@4QBDB 000000014001aa08     libucrt:input.obj
 0002:00001a10       ?lowercase@?1???$parse_floating_point_possible_nan_is_snan@DV?$input_adapter_character_source@V?$stream_input_adapter@D@__crt_stdio_input@@@__crt_strtox@@@__crt_strtox@@YA_NAEADAEAV?$input_adapter_character_source@V?$stream_input_adapter@D@__crt_stdio_input@@@1@@Z@4QBDB 000000014001aa10     libucrt:input.obj
 0002:00001a18       ?uppercase@?1???$parse_floating_point_possible_nan_is_ind@DV?$input_adapter_character_source@V?$stream_input_adapter@D@__crt_stdio_input@@@__crt_strtox@@@__crt_strtox@@YA_NAEADAEAV?$input_adapter_character_source@V?$stream_input_adapter@D@__crt_stdio_input@@@1@@Z@4QBDB 000000014001aa18     libucrt:input.obj
 0002:00001a1c       ?lowercase@?1???$parse_floating_point_possible_nan_is_ind@DV?$input_adapter_character_source@V?$stream_input_adapter@D@__crt_stdio_input@@@__crt_strtox@@@__crt_strtox@@YA_NAEADAEAV?$input_adapter_character_source@V?$stream_input_adapter@D@__crt_stdio_input@@@1@@Z@4QBDB 000000014001aa1c     libucrt:input.obj
 0002:00001a20       __acrt_exception_action_table 000000014001aa20     libucrt:exception_filter.obj
 0002:00001ae0       __acrt_signal_action_table_count 000000014001aae0     libucrt:exception_filter.obj
 0002:00001ae8       __acrt_signal_action_first_fpe_index 000000014001aae8     libucrt:exception_filter.obj
 0002:00001af0       __acrt_signal_action_fpe_count 000000014001aaf0     libucrt:exception_filter.obj
 0002:00001af8       ??_C@_1BI@BGOHAHKC@?$AAm?$AAs?$AAc?$AAo?$AAr?$AAe?$AAe?$AA?4?$AAd?$AAl?$AAl?$AA?$AA@ 000000014001aaf8     libucrt:exit.obj
 0002:00001b10       ??_C@_0P@MIGLKIOC@CorExitProcess?$AA@ 000000014001ab10     libucrt:exit.obj
 0002:00001d78       ?ccs@?BL@???$__acrt_stdio_parse_mode@D@@YA?AU__acrt_stdio_stream_mode@@QEBD@Z@4QBDB 000000014001ad78     libucrt:openfile.obj
 0002:00001d7c       ?utf8_encoding@?BL@???$__acrt_stdio_parse_mode@D@@YA?AU__acrt_stdio_stream_mode@@QEBD@Z@4QBDB 000000014001ad7c     libucrt:openfile.obj
 0002:00001d88       ?utf16_encoding@?BL@???$__acrt_stdio_parse_mode@D@@YA?AU__acrt_stdio_stream_mode@@QEBD@Z@4QBDB 000000014001ad88     libucrt:openfile.obj
 0002:00001d90       ?unicode_encoding@?BL@???$__acrt_stdio_parse_mode@D@@YA?AU__acrt_stdio_stream_mode@@QEBD@Z@4QBDB 000000014001ad90     libucrt:openfile.obj
 0002:00001e40       ??_C@_1EG@CNNIPFIM@?$AAa?$AAp?$AAi?$AA?9?$AAm?$AAs?$AA?9?$AAw?$AAi?$AAn?$AA?9?$AAa?$AAp?$AAp?$AAm?$AAo?$AAd?$AAe?$AAl?$AA?9?$AAr?$AAu?$AAn?$AAt?$AAi?$AAm?$AAe?$AA?9?$AAl?$AA1?$AA?9?$AA1@ 000000014001ae40     libucrt:winapi_thunks.obj
 0002:00001e90       ??_C@_1EA@JGEFHKEI@?$AAa?$AAp?$AAi?$AA?9?$AAm?$AAs?$AA?9?$AAw?$AAi?$AAn?$AA?9?$AAc?$AAo?$AAr?$AAe?$AA?9?$AAd?$AAa?$AAt?$AAe?$AAt?$AAi?$AAm?$AAe?$AA?9?$AAl?$AA1?$AA?9?$AA1?$AA?9?$AA1?$AA?$AA@ 000000014001ae90     libucrt:winapi_thunks.obj
 0002:00001ed0       ??_C@_1DI@GCIAAENM@?$AAa?$AAp?$AAi?$AA?9?$AAm?$AAs?$AA?9?$AAw?$AAi?$AAn?$AA?9?$AAc?$AAo?$AAr?$AAe?$AA?9?$AAf?$AAi?$AAl?$AAe?$AA?9?$AAl?$AA2?$AA?9?$AA1?$AA?9?$AA1?$AA?$AA@ 000000014001aed0     libucrt:winapi_thunks.obj
 0002:00001f10       ??_C@_1EI@MPIAOHOC@?$AAa?$AAp?$AAi?$AA?9?$AAm?$AAs?$AA?9?$AAw?$AAi?$AAn?$AA?9?$AAc?$AAo?$AAr?$AAe?$AA?9?$AAl?$AAo?$AAc?$AAa?$AAl?$AAi?$AAz?$AAa?$AAt?$AAi?$AAo?$AAn?$AA?9?$AAl?$AA1?$AA?9@ 000000014001af10     libucrt:winapi_thunks.obj
 0002:00001f60       ??_C@_1FK@FPHCKFIE@?$AAa?$AAp?$AAi?$AA?9?$AAm?$AAs?$AA?9?$AAw?$AAi?$AAn?$AA?9?$AAc?$AAo?$AAr?$AAe?$AA?9?$AAl?$AAo?$AAc?$AAa?$AAl?$AAi?$AAz?$AAa?$AAt?$AAi?$AAo?$AAn?$AA?9?$AAo?$AAb?$AAs@ 000000014001af60     libucrt:winapi_thunks.obj
 0002:00001fc0       ??_C@_1EM@DILCGIIO@?$AAa?$AAp?$AAi?$AA?9?$AAm?$AAs?$AA?9?$AAw?$AAi?$AAn?$AA?9?$AAc?$AAo?$AAr?$AAe?$AA?9?$AAp?$AAr?$AAo?$AAc?$AAe?$AAs?$AAs?$AAt?$AAh?$AAr?$AAe?$AAa?$AAd?$AAs?$AA?9?$AAl@ 000000014001afc0     libucrt:winapi_thunks.obj
 0002:00002010       ??_C@_1DM@LNCGDDPN@?$AAa?$AAp?$AAi?$AA?9?$AAm?$AAs?$AA?9?$AAw?$AAi?$AAn?$AA?9?$AAc?$AAo?$AAr?$AAe?$AA?9?$AAs?$AAt?$AAr?$AAi?$AAn?$AAg?$AA?9?$AAl?$AA1?$AA?9?$AA1?$AA?9?$AA0?$AA?$AA@ 000000014001b010     libucrt:winapi_thunks.obj
 0002:00002050       ??_C@_1DO@FPAPJEMD@?$AAa?$AAp?$AAi?$AA?9?$AAm?$AAs?$AA?9?$AAw?$AAi?$AAn?$AA?9?$AAc?$AAo?$AAr?$AAe?$AA?9?$AAs?$AAy?$AAs?$AAi?$AAn?$AAf?$AAo?$AA?9?$AAl?$AA1?$AA?9?$AA2?$AA?9?$AA1?$AA?$AA@ 000000014001b050     libucrt:winapi_thunks.obj
[...]
 0004:00000cb4       $pdata$__acrt_locale_free_monetary 0000000140025cb4     libucrt:initmon.obj
 0004:00000cc0       $pdata$__acrt_locale_free_numeric 0000000140025cc0     libucrt:initnum.obj
 0004:00000ccc       $pdata$?free_crt_array_internal@@YAXQEAPEBX_K@Z 0000000140025ccc     libucrt:inittime.obj
 0004:00000cd8       $pdata$__acrt_locale_free_time 0000000140025cd8     libucrt:inittime.obj
 0004:00000ce4       $pdata$__acrt_GetStringTypeA 0000000140025ce4     libucrt:getstringtypea.obj
 0004:00000cf0       $pdata$__acrt_free_locale  0000000140025cf0     libucrt:locale_refcounting.obj
 0004:00000cfc       $pdata$__acrt_locale_free_lc_time_if_unreferenced 0000000140025cfc     libucrt:locale_refcounting.obj
 0004:00000d08       $pdata$__acrt_release_locale_ref 0000000140025d08     libucrt:locale_refcounting.obj
 0004:00000d14       $pdata$__acrt_update_thread_locale_data 0000000140025d14     libucrt:locale_refcounting.obj
 0004:00000d20       $pdata$_updatetlocinfoEx_nolock 0000000140025d20     libucrt:locale_refcounting.obj
 0004:00000d2c       $pdata$_recalloc_base      0000000140025d2c     libucrt:recalloc.obj
 0004:00000d38       $pdata$__acrt_initialize_heap 0000000140025d38     libucrt:heap_handle.obj
 0004:00000d44       $pdata$__acrt_execute_initializers 0000000140025d44     libucrt:shared_initialization.obj
 0004:00000d50       $pdata$__acrt_execute_uninitializers 0000000140025d50     libucrt:shared_initialization.obj
 0004:00000d5c       $pdata$_callnewh           0000000140025d5c     libucrt:new_handler.obj
 0004:00000d68       $pdata$_query_new_handler  0000000140025d68     libucrt:new_handler.obj
 0004:00000d74       $pdata$??$?RV<lambda_c36588078e9f5dfd39652860aa6b3aaf>@@AEAV<lambda_ec61778202f4f5fc7e7711acc23c3bca>@@V<lambda_dc9d2797ccde5d239b4a0efae8ebd7db>@@@?$__crt_seh_guarded_call@P6AXH@Z@@QEAAP6AXH@Z$$QEAV<lambda_c36588078e9f5dfd39652860aa6b3aaf>@@AEAV<lambda_ec61778202f4f5fc7e7711acc23c3bca>@@$$QEAV<lambda_dc9d2797ccde5d239b4a0efae8ebd7db>@@@Z 0000000140025d74     libucrt:signal.obj
 0004:00000d80       $pdata$__acrt_get_sigabrt_handler 0000000140025d80     libucrt:signal.obj
 0004:00000d8c       $pdata$raise               0000000140025d8c     libucrt:signal.obj
 0004:00000da4       $pdata$_strnicmp           0000000140025da4     libucrt:strnicmp.obj
 0004:00000db0       $pdata$_strnicmp_l         0000000140025db0     libucrt:strnicmp.obj
 0004:00000dbc       $pdata$??$common_sopen_dispatch@D@@YAHQEBDHHHQEAHH@Z 0000000140025dbc     libucrt:open.obj
 0004:00000dc8       $pdata$?configure_text_mode@@YAHHUfile_options@?A0x656cf9f4@@HAEAW4__crt_lowio_text_mode@@@Z 0000000140025dc8     libucrt:open.obj
 0004:00000dd4       $pdata$?decode_options@@YA?AUfile_options@?A0x656cf9f4@@HHH@Z 0000000140025dd4     libucrt:open.obj
 0004:00000de0       $pdata$?truncate_ctrl_z_if_present@@YAHH@Z 0000000140025de0     libucrt:open.obj
 0004:00000dec       $pdata$_sopen_nolock       0000000140025dec     libucrt:open.obj
 0004:00000df8       $pdata$_sopen_s            0000000140025df8     libucrt:open.obj
 0004:00000e04       $pdata$_wsopen_nolock      0000000140025e04     libucrt:open.obj
 0004:00000e10       $pdata$?GetTableIndexFromLocaleName@@YAHPEB_W@Z 0000000140025e10     libucrt:lcidtoname_downlevel.obj
 0004:00000e1c       $pdata$__acrt_DownlevelLocaleNameToLCID 0000000140025e1c     libucrt:lcidtoname_downlevel.obj
 0004:00000e28       $pdata$??$?RV<lambda_b521505b218e5242e90febf6bfebc422>@@AEAV<lambda_6978c1fb23f02e42e1d9e99668cc68aa>@@V<lambda_314360699dd331753a4119843814e9a7>@@@?$__crt_seh_guarded_call@H@@QEAAH$$QEAV<lambda_b521505b218e5242e90febf6bfebc422>@@AEAV<lambda_6978c1fb23f02e42e1d9e99668cc68aa>@@$$QEAV<lambda_314360699dd331753a4119843814e9a7>@@@Z 0000000140025e28     libucrt:commit.obj
 0004:00000e34       $pdata$_commit             0000000140025e34     libucrt:commit.obj
 0004:00000e40       $pdata$?write_double_translated_ansi_nolock@@YA?AUwrite_result@?A0x9c548279@@HQEBDI@Z 0000000140025e40     libucrt:write.obj
 0004:00000e4c       $pdata$?write_text_ansi_nolock@@YA?AUwrite_result@?A0x9c548279@@HQEBDI@Z 0000000140025e4c     libucrt:write.obj
 0004:00000e58       $pdata$?write_text_utf16le_nolock@@YA?AUwrite_result@?A0x9c548279@@HQEBDI@Z 0000000140025e58     libucrt:write.obj
 0004:00000e64       $pdata$?write_text_utf8_nolock@@YA?AUwrite_result@?A0x9c548279@@HQEBDI@Z 0000000140025e64     libucrt:write.obj
 0004:00000e70       $pdata$_write              0000000140025e70     libucrt:write.obj
 0004:00000e7c       $pdata$_write_nolock       0000000140025e7c     libucrt:write.obj
 0004:00000e88       $pdata$_isleadbyte_l       0000000140025e88     libucrt:_wctype.obj
 0004:00000e94       $pdata$?__acrt_LCMapStringA_stat@@YAHPEAU__crt_locale_pointers@@PEB_WKPEBDHPEADHHH@Z 0000000140025e94     libucrt:lcmapstringa.obj
 0004:00000ea0       $pdata$__acrt_LCMapStringA 0000000140025ea0     libucrt:lcmapstringa.obj
 0004:00000eac       $pdata$__acrt_fp_strflt_to_string 0000000140025eac     libucrt:_fptostr.obj
 0004:00000eb8       $pdata$__acrt_fltout       0000000140025eb8     libucrt:cfout.obj
 0004:00000ec4       $pdata$??$write_buffer_nolock@D@@YA_NDV__crt_stdio_stream@@@Z 0000000140025ec4     libucrt:_flsbuf.obj
 0004:00000ed0       $pdata$__acrt_stdio_flush_and_write_narrow_nolock 0000000140025ed0     libucrt:_flsbuf.obj
 0004:00000edc       $pdata$_isatty             0000000140025edc     libucrt:isatty.obj
 0004:00000ee8       $pdata$??$common_refill_and_read_nolock@D@@YAHV__crt_stdio_stream@@@Z 0000000140025ee8     libucrt:_filbuf.obj
 0004:00000ef4       $pdata$__acrt_stdio_allocate_buffer_nolock 0000000140025ef4     libucrt:_getbuf.obj
 0004:00000f00       $pdata$_getfpcontrolword   0000000140025f00     libucrt:_fenvutils.obj
 0004:00000f0c       $pdata$_getfpstatusword    0000000140025f0c     libucrt:_fenvutils.obj
 0004:00000f18       $pdata$_setfpstatusword    0000000140025f18     libucrt:_fenvutils.obj
 0004:00000f24       $pdata$?shortsort@@YAXPEAD0_KP6AHPEBX2@Z@Z 0000000140025f24     libucrt:qsort.obj
 0004:00000f30       $pdata$2$?shortsort@@YAXPEAD0_KP6AHPEBX2@Z@Z 0000000140025f30     libucrt:qsort.obj
 0004:00000f3c       $pdata$3$?shortsort@@YAXPEAD0_KP6AHPEBX2@Z@Z 0000000140025f3c     libucrt:qsort.obj
 0004:00000f48       $pdata$qsort               0000000140025f48     libucrt:qsort.obj
 0004:00000f54       $pdata$4$qsort             0000000140025f54     libucrt:qsort.obj
 0004:00000f60       $pdata$5$qsort             0000000140025f60     libucrt:qsort.obj
 0004:00000f6c       $pdata$strncpy_s           0000000140025f6c     libucrt:strncpy_s.obj
 0004:00000f78       $pdata$strpbrk             0000000140025f78     libucrt:strpbrk.obj
 0004:00000f84       $pdata$_mbsdec_l           0000000140025f84     libucrt:mbsdec.obj
 0004:00000f90       $pdata$?initialize_multibyte@@YAHXZ 0000000140025f90     libucrt:multibyte_initializer.obj
 0004:00000f9c       $pdata$_strnicoll_l        0000000140025f9c     libucrt:strnicol.obj
 0004:00000fa8       $pdata$_msize              0000000140025fa8     libucrt:msize.obj
 0004:00000fb4       $pdata$_realloc_base       0000000140025fb4     libucrt:realloc_base.obj
 0004:00000fc0       $pdata$__acrt_copy_path_to_wide_string 0000000140025fc0     libucrt:string_utilities.obj
 0004:00000fcc       $pdata$_chsize_nolock      0000000140025fcc     libucrt:chsize.obj
 0004:00000fd8       $pdata$??$translate_text_mode_nolock@_W@@YAHHQEA_W_K@Z 0000000140025fd8     libucrt:read.obj
 0004:00000fe4       $pdata$?translate_ansi_or_utf8_nolock@@YAHHQEAD_KQEA_W1@Z 0000000140025fe4     libucrt:read.obj
 0004:00000ff0       $pdata$_read               0000000140025ff0     libucrt:read.obj
 0004:00000ffc       $pdata$_read_nolock        0000000140025ffc     libucrt:read.obj
 0004:00001008       $pdata$??$common_lseek@_J@@YA_JH_JH@Z 0000000140026008     libucrt:lseek.obj
 0004:00001014       $pdata$??$common_lseek_nolock@_J@@YA_JH_JH@Z 0000000140026014     libucrt:lseek.obj
 0004:00001020       $pdata$_putwch_nolock      0000000140026020     libucrt:putwch.obj
 0004:0000102c       $pdata$fegetenv            000000014002602c     libucrt:fegetenv.obj
 0004:00001038       $pdata$fesetenv            0000000140026038     libucrt:fesetenv.obj
 0004:00001044       $pdata$feholdexcept        0000000140026044     libucrt:feholdexcept.obj
 0004:0000105c       $pdata$_clearfp            000000014002605c     libucrt:ieee.obj
 0004:00001068       $pdata$common_control87    0000000140026068     libucrt:ieee.obj
 0004:00001080       $pdata$?InternalCompareStringA@@YAHPEAU__crt_locale_pointers@@PEB_WKPEBDH2HH@Z 0000000140026080     libucrt:comparestringa.obj
 0004:0000108c       $pdata$__acrt_CompareStringA 000000014002608c     libucrt:comparestringa.obj
 0004:00001098       $pdata$__dcrt_lowio_initialize_console_output 0000000140026098     libucrt:initcon.obj
 0004:000010a4       $pdata$__dcrt_terminate_console_output 00000001400260a4     libucrt:initcon.obj
 0004:000010b0       $pdata$_call_matherr       00000001400260b0     libucrt:libm_error.obj
 0004:000010bc       $pdata$_exception_enabled  00000001400260bc     libucrt:libm_error.obj
 0004:000010c8       $pdata$_handle_error       00000001400260c8     libucrt:libm_error.obj
 0004:000010d4       $pdata$__acrt_initialize_fma3 00000001400260d4     libucrt:fma3_available.obj
 0004:000010e0       $pdata$_log10_special      00000001400260e0     libucrt:log_special.obj
 0004:000010ec       $pdata$_log_special_common 00000001400260ec     libucrt:log_special.obj
 0004:000010f8       $pdata$_raise_exc          00000001400260f8     libucrt:fpexcept.obj
 0004:00001104       $pdata$_raise_exc_ex       0000000140026104     libucrt:fpexcept.obj
 0004:00001110       $pdata$_set_errno_from_matherr 0000000140026110     libucrt:fpexcept.obj
 0004:0000111c       $pdata$_clrfp              000000014002611c     libucrt:fpctrl.obj
 0004:00001128       $pdata$_ctrlfp             0000000140026128     libucrt:fpctrl.obj
 0004:00001134       $pdata$_set_statfp         0000000140026134     libucrt:fpctrl.obj
 0004:00001140       $pdata$_statfp             0000000140026140     libucrt:fpctrl.obj
 0004:0000114c       $pdata$_IsNonwritableInCurrentImage 000000014002614c     LIBCMT:pesect.obj
 0004:00001158       $pdata$__GSHandlerCheck    0000000140026158     LIBCMT:_gshandler_.obj
 0004:00001164       $pdata$__GSHandlerCheckCommon 0000000140026164     LIBCMT:_gshandler_.obj
 0004:00001194       $pdata$strrchr             0000000140026194     libvcruntime:strrchr.obj
 0004:000011a0       $pdata$strchr              00000001400261a0     libvcruntime:strchr.obj
 0004:000011b8       $pdata$?filt$0@?0??__scrt_common_main_seh@@YAHXZ@4HA 00000001400261b8     LIBCMT:exe_main.obj
 0004:000011c4       $pdata$__scrt_is_nonwritable_in_current_image$filt$0 00000001400261c4     LIBCMT:utility.obj
 0004:000011d0       $pdata$?fin$0@?0???$common_fsopen@D@@YAPEAU_iobuf@@QEBD0H@Z@4HA 00000001400261d0     libucrt:fopen.obj
 0004:000011dc       $pdata$fclose$fin$0        00000001400261dc     libucrt:fclose.obj
 0004:000011e8       $pdata$?fin$0@?0???$?RV<lambda_c01e8233c1997d6cc4b8f1fd672e07e5>@@AEAV<lambda_3a6204444a8bad05601fdaf7664f6f17>@@V<lambda_b6ae1896c9cebd71befa8310523e5efb>@@@?$__crt_seh_guarded_call@H@@QEAAH$$QEAV<lambda_c01e8233c1997d6cc4b8f1fd672e07e5>@@AEAV<lambda_3a6204444a8bad05601fdaf7664f6f17>@@$$QEAV<lambda_b6ae1896c9cebd71befa8310523e5efb>@@@Z@4HA 00000001400261e8     libucrt:input.obj
 0004:000011e8       $pdata$?fin$0@?0???$?RV<lambda_aa279a7bcb127014629d5b1d62c7325d>@@AEAV<lambda_0a64b6a4deda75c01876f29c44fc5eb3>@@V<lambda_3323e69fbefe9d1a11713e670d47cdfa>@@@?$__crt_seh_guarded_call@H@@QEAAH$$QEAV<lambda_aa279a7bcb127014629d5b1d62c7325d>@@AEAV<lambda_0a64b6a4deda75c01876f29c44fc5eb3>@@$$QEAV<lambda_3323e69fbefe9d1a11713e670d47cdfa>@@@Z@4HA 00000001400261e8     libucrt:output.obj
 0004:000011f4       $pdata$?filt$0@?0??common_exit@@YAXHW4_crt_exit_cleanup_mode@@W4_crt_exit_return_mode@@@Z@4HA 00000001400261f4     libucrt:exit.obj
 0004:00001200       $pdata$?fin$1@?0??common_exit@@YAXHW4_crt_exit_cleanup_mode@@W4_crt_exit_return_mode@@@Z@4HA 0000000140026200     libucrt:exit.obj
 0004:0000120c       $pdata$__acrt_uninitialize_locale$fin$0 000000014002620c     libucrt:wsetlocale.obj
 0004:0000120c       $pdata$__acrt_update_thread_locale_data$fin$0 000000014002620c     libucrt:locale_refcounting.obj
 0004:00001218       $pdata$?fin$0@?0???$?RV<lambda_e24bbb7b643b32fcea6fa61b31d4c984>@@AEAV<lambda_275893d493268fdec8709772e3fcec0e>@@V<lambda_9d71df4d7cf3f480f8d633942495c3b0>@@@?$__crt_seh_guarded_call@H@@QEAAH$$QEAV<lambda_e24bbb7b643b32fcea6fa61b31d4c984>@@AEAV<lambda_275893d493268fdec8709772e3fcec0e>@@$$QEAV<lambda_9d71df4d7cf3f480f8d633942495c3b0>@@@Z@4HA 0000000140026218     libucrt:onexit.obj
 0004:00001224       $pdata$_fcloseall$fin$0    0000000140026224     libucrt:closeall.obj
 0004:00001224       $pdata$?fin$0@?0??__acrt_stdio_allocate_stream@@YA?AV__crt_stdio_stream@@XZ@4HA 0000000140026224     libucrt:stream.obj
 0004:00001230       $pdata$common_flush_all$fin$0 0000000140026230     libucrt:fflush.obj
 0004:0000123c       $pdata$common_flush_all$fin$1 000000014002623c     libucrt:fflush.obj
 0004:00001248       $pdata$?fin$0@?0???$?RV<lambda_bfedae4ebbf01fab1bb6dcc6a9e276e0>@@AEAV<lambda_2fe9b910cf3cbf4a0ab98a02ba45b3ec>@@V<lambda_237c231691f317818eb88cc1d5d642d6>@@@?$__crt_seh_guarded_call@H@@QEAAH$$QEAV<lambda_bfedae4ebbf01fab1bb6dcc6a9e276e0>@@AEAV<lambda_2fe9b910cf3cbf4a0ab98a02ba45b3ec>@@$$QEAV<lambda_237c231691f317818eb88cc1d5d642d6>@@@Z@4HA 0000000140026248     libucrt:close.obj
 0004:00001248       $pdata$?fin$0@?0???$?RV<lambda_b521505b218e5242e90febf6bfebc422>@@AEAV<lambda_6978c1fb23f02e42e1d9e99668cc68aa>@@V<lambda_314360699dd331753a4119843814e9a7>@@@?$__crt_seh_guarded_call@H@@QEAAH$$QEAV<lambda_b521505b218e5242e90febf6bfebc422>@@AEAV<lambda_6978c1fb23f02e42e1d9e99668cc68aa>@@$$QEAV<lambda_314360699dd331753a4119843814e9a7>@@@Z@4HA 0000000140026248     libucrt:commit.obj
 0004:00001254       $pdata$__acrt_update_thread_multibyte_data$fin$0 0000000140026254     libucrt:mbctype.obj
 0004:00001260       $pdata$__acrt_lowio_ensure_fh_exists$fin$0 0000000140026260     libucrt:osfinfo.obj
 0004:00001260       $pdata$__acrt_initialize_lowio$fin$0 0000000140026260     libucrt:ioinit.obj
 0004:00001260       $pdata$_alloc_osfhnd$fin$0 0000000140026260     libucrt:osfinfo.obj
 0004:0000126c       $pdata$_query_new_handler$fin$0 000000014002626c     libucrt:new_handler.obj
 0004:00001278       $pdata$?fin$0@?0???$?RV<lambda_c36588078e9f5dfd39652860aa6b3aaf>@@AEAV<lambda_ec61778202f4f5fc7e7711acc23c3bca>@@V<lambda_dc9d2797ccde5d239b4a0efae8ebd7db>@@@?$__crt_seh_guarded_call@P6AXH@Z@@QEAAP6AXH@Z$$QEAV<lambda_c36588078e9f5dfd39652860aa6b3aaf>@@AEAV<lambda_ec61778202f4f5fc7e7711acc23c3bca>@@$$QEAV<lambda_dc9d2797ccde5d239b4a0efae8ebd7db>@@@Z@4HA 0000000140026278     libucrt:signal.obj
 0004:00001278       $pdata$?fin$0@?0???$?RV<lambda_5e887d1dcbef67a5eb4283622ba103bf>@@AEAV<lambda_4466841279450cc726390878d4a41900>@@V<lambda_341c25c0346d94847f1f3c463c57e077>@@@?$__crt_seh_guarded_call@X@@QEAAX$$QEAV<lambda_5e887d1dcbef67a5eb4283622ba103bf>@@AEAV<lambda_4466841279450cc726390878d4a41900>@@$$QEAV<lambda_341c25c0346d94847f1f3c463c57e077>@@@Z@4HA 0000000140026278     libucrt:per_thread_data.obj
 0004:00001278       $pdata$?fin$0@?0???$?RV<lambda_46352004c1216016012b18bd6f87e700>@@AEAV<lambda_3bd07e1a1191394380780325891bf33f>@@V<lambda_334532d3f185bcaa59b5be82d7d22bff>@@@?$__crt_seh_guarded_call@X@@QEAAX$$QEAV<lambda_46352004c1216016012b18bd6f87e700>@@AEAV<lambda_3bd07e1a1191394380780325891bf33f>@@$$QEAV<lambda_334532d3f185bcaa59b5be82d7d22bff>@@@Z@4HA 0000000140026278     libucrt:per_thread_data.obj
 0004:00001278       $pdata$?fin$0@?0???$?RV<lambda_b8c45f8f788dd370798f47cfe8ac3a86>@@AEAV<lambda_4e60a939b0d047cfe11ddc22648dfba9>@@V<lambda_332c3edc96d0294ec56c57d38c1cdfd5>@@@?$__crt_seh_guarded_call@H@@QEAAH$$QEAV<lambda_b8c45f8f788dd370798f47cfe8ac3a86>@@AEAV<lambda_4e60a939b0d047cfe11ddc22648dfba9>@@$$QEAV<lambda_332c3edc96d0294ec56c57d38c1cdfd5>@@@Z@4HA 0000000140026278     libucrt:onexit.obj
 0004:00001278       $pdata$?fin$0@?0???$?RV<lambda_fb3a7dec4e47f37f22dae91bb15c9095>@@AEAV<lambda_698284760c8add0bfb0756c19673e34b>@@V<lambda_dfb8eca1e75fef3034a8fb18dd509707>@@@?$__crt_seh_guarded_call@X@@QEAAX$$QEAV<lambda_fb3a7dec4e47f37f22dae91bb15c9095>@@AEAV<lambda_698284760c8add0bfb0756c19673e34b>@@$$QEAV<lambda_dfb8eca1e75fef3034a8fb18dd509707>@@@Z@4HA 0000000140026278     libucrt:per_thread_data.obj
 0004:00001278       $pdata$?fin$0@?0???$?RV<lambda_99476a1ad63dd22509b5d3e65b0ffc95>@@AEAV<lambda_ad1ced32f4ac17aa236e5ef05d6b3b7c>@@V<lambda_f7424dd8d45958661754dc4f2697e9c3>@@@?$__crt_seh_guarded_call@X@@QEAAX$$QEAV<lambda_99476a1ad63dd22509b5d3e65b0ffc95>@@AEAV<lambda_ad1ced32f4ac17aa236e5ef05d6b3b7c>@@$$QEAV<lambda_f7424dd8d45958661754dc4f2697e9c3>@@@Z@4HA 0000000140026278     libucrt:mbctype.obj
 0004:00001278       $pdata$?fin$0@?0???$?RV<lambda_72d1df2b273a38828b1ce30cbf4cdab5>@@AEAV<lambda_876a65b173b8412d3a47c70a915b0cf4>@@V<lambda_41932305e351933ebe8f8be3ed8bb5dc>@@@?$__crt_seh_guarded_call@X@@QEAAX$$QEAV<lambda_72d1df2b273a38828b1ce30cbf4cdab5>@@AEAV<lambda_876a65b173b8412d3a47c70a915b0cf4>@@$$QEAV<lambda_41932305e351933ebe8f8be3ed8bb5dc>@@@Z@4HA 0000000140026278     libucrt:per_thread_data.obj
 0004:00001284       $pdata$raise$fin$0         0000000140026284     libucrt:signal.obj
 0004:00001290       $pdata$?fin$0@?0???$common_sopen_dispatch@D@@YAHQEBDHHHQEAHH@Z@4HA 0000000140026290     libucrt:open.obj
 0004:0000129c       $pdata$_read$fin$0         000000014002629c     libucrt:read.obj
 0004:0000129c       $pdata$?fin$0@?0???$common_lseek@_J@@YA_JH_JH@Z@4HA 000000014002629c     libucrt:lseek.obj
 0004:0000129c       $pdata$_write$fin$0        000000014002629c     libucrt:write.obj
 0004:000012a8       $pdata$_ctrlfp$filt$0      00000001400262a8     libucrt:fpctrl.obj
 0004:000012a8       $pdata$common_control87$filt$0 00000001400262a8     libucrt:ieee.obj
 0004:000012b4       $pdata$_IsNonwritableInCurrentImage$filt$0 00000001400262b4     LIBCMT:pesect.obj
 0005:00000000       __guard_fids__             0000000140027000     libucrt:initialization.obj
 0005:00000060       __guard_fids__             0000000140027060     libucrt:stdio_initializer.obj
 0005:00000064       __guard_fids__             0000000140027064     libucrt:stdio_initializer.obj
 0005:00000068       __guard_fids___acrt_initialize_ptd 0000000140027068     libucrt:per_thread_data.obj
 0005:0000006c       __guard_fids_??$expand_argument_wildcards@D@@YAHQEAD0AEAV?$argument_list@D@?A0xca0879c4@@@Z 000000014002706c     libucrt:argv_wildcards.obj
 0005:00000070       __guard_fids__             0000000140027070     libucrt:locale_initializer.obj
 0005:00000074       __guard_fids__             0000000140027074     libucrt:multibyte_initializer.obj
 0005:00000078       __guard_fids__             0000000140027078     libucrt:console_output_initializer.obj
 0005:0000007c       __guard_fids__             000000014002707c     libucrt:fma3_initializer.obj
 0005:00000080       __guard_fids__             0000000140027080     LIBCMT:exe_main.obj
 0005:00000084       __guard_fids__             0000000140027084     LIBCMT:exe_main.obj
 0005:00000088       __guard_fids__             0000000140027088     LIBCMT:exe_main.obj
 0005:0000008c       __guard_fids_?pre_c_initialization@@YAHXZ 000000014002708c     LIBCMT:exe_main.obj
 0005:00000094       __guard_fids___scrt_set_unhandled_exception_filter 0000000140027094     LIBCMT:utility_desktop.obj
 0005:00000098       __guard_fids__             0000000140027098     LIBCMT:guard_support.obj
 0005:0000009c       __guard_fids___vcrt_initialize_ptd 000000014002709c     libvcruntime:per_thread_data.obj
 0006:00000060       $R000000                   0000000140028060     * linker generated manifest res *

 Exports

  ordinal    name

