 standalone_flex_file

 Timestamp is 5a954ea1 (Tue Feb 27 12:27:13 2018)

 Preferred load address is 0000000140000000

 Start         Length     Name                   Class
 0001:00000000 0001b790H .text$mn                CODE
 0001:0001b790 00000020H .text$mn$00             CODE
 0001:0001b7b0 000002a0H .text$x                 CODE
 0002:00000000 00000238H .idata$5                DATA
 0002:00000238 00000010H .00cfg                  DATA
 0002:00000248 00000008H .CRT$XCA                DATA
 0002:00000250 00000008H .CRT$XCAA               DATA
 0002:00000258 00000008H .CRT$XCZ                DATA
 0002:00000260 00000008H .CRT$XIA                DATA
 0002:00000268 00000008H .CRT$XIAA               DATA
 0002:00000270 00000008H .CRT$XIAC               DATA
 0002:00000278 00000018H .CRT$XIC                DATA
 0002:00000290 00000008H .CRT$XIZ                DATA
 0002:00000298 00000008H .CRT$XPA                DATA
 0002:000002a0 00000010H .CRT$XPX                DATA
 0002:000002b0 00000008H .CRT$XPXA               DATA
 0002:000002b8 00000008H .CRT$XPZ                DATA
 0002:000002c0 00000008H .CRT$XTA                DATA
 0002:000002c8 00000008H .CRT$XTZ                DATA
 0002:000002d0 00009058H .rdata                  DATA
 0002:00009328 00000000H .rdata$r                DATA
 0002:00009328 00000378H .rdata$zzzdbg           DATA
 0002:000096a0 00000008H .rtc$IAA                DATA
 0002:000096a8 00000008H .rtc$IZZ                DATA
 0002:000096b0 00000008H .rtc$TAA                DATA
 0002:000096b8 00000008H .rtc$TZZ                DATA
 0002:000096c0 000010ccH .xdata                  DATA
 0002:0000a78c 00000000H .edata                  DATA
 0002:0000a78c 00000014H .idata$2                DATA
 0002:0000a7a0 00000018H .idata$3                DATA
 0002:0000a7b8 00000238H .idata$4                DATA
 0002:0000a9f0 00000522H .idata$6                DATA
 0003:00000000 00000a40H .data                   DATA
 0003:00000a40 00000000H .data$r                 DATA
 0003:00000a40 000011d0H .bss                    DATA
 0004:00000000 00001494H .pdata                  DATA
 0005:00000000 00000080H .gfids$x                DATA
 0005:00000080 00000020H .gfids$y                DATA
 0006:00000000 00000060H .rsrc$01                DATA
 0006:00000060 00000180H .rsrc$02                DATA

  Address         Publics by Value              Rva+Base               Lib:Object

 0000:00000000       __guard_iat_table          0000000000000000     <absolute>
 0000:00000000       __guard_iat_count          0000000000000000     <absolute>
 0000:00000000       __dynamic_value_reloc_table 0000000000000000     <absolute>
 0000:00000000       __guard_longjmp_table      0000000000000000     <absolute>
 0000:00000000       __guard_longjmp_count      0000000000000000     <absolute>
 0000:00000000       __guard_fids_count         0000000000000000     <absolute>
 0000:00000000       ___safe_se_handler_table   0000000000000000     <absolute>
 0000:00000000       ___safe_se_handler_count   0000000000000000     <absolute>
 0000:00000000       __guard_fids_table         0000000000000000     <absolute>
 0000:00000100       __guard_flags              0000000000000100     <absolute>
 0000:00000000       __ImageBase                0000000140000000     <linker-defined>
 0001:00000000       __local_stdio_printf_options 0000000140001000 f i prime_sieve.obj
 0001:00000010       __local_stdio_scanf_options 0000000140001010 f i prime_sieve.obj
 0001:00000020       fprintf                    0000000140001020 f i prime_sieve.obj
 0001:00000070       sprintf                    0000000140001070 f i prime_sieve.obj
 0001:000000d0       sscanf                     00000001400010d0 f i prime_sieve.obj
 0001:00000120       generate_args              0000000140001120 f   prime_sieve.obj
 0001:00001620       fscanf                     0000000140002620 f i main.obj
 0001:00001670       main                       0000000140002670 f   main.obj
 0001:00001760       __security_check_cookie    0000000140002760 f   LIBCMT:_amdsecgs_.obj
 0001:000019e4       mainCRTStartup             00000001400029e4 f   LIBCMT:exe_main.obj
 0001:000019f8       __raise_securityfailure    00000001400029f8 f   LIBCMT:gs_report.obj
 0001:00001a2c       __report_gsfailure         0000000140002a2c f   LIBCMT:gs_report.obj
 0001:00001b00       __report_rangecheckfailure 0000000140002b00 f   LIBCMT:gs_report.obj
 0001:00001b14       __report_securityfailure   0000000140002b14 f   LIBCMT:gs_report.obj
 0001:00001c94       __scrt_acquire_startup_lock 0000000140002c94 f   LIBCMT:utility.obj
 0001:00001cd0       __scrt_initialize_crt      0000000140002cd0 f   LIBCMT:utility.obj
 0001:00001d1c       __scrt_initialize_onexit_tables 0000000140002d1c f   LIBCMT:utility.obj
 0001:00001de8       __scrt_is_nonwritable_in_current_image 0000000140002de8 f   LIBCMT:utility.obj
 0001:00001e84       __scrt_release_startup_lock 0000000140002e84 f   LIBCMT:utility.obj
 0001:00001ea8       __scrt_uninitialize_crt    0000000140002ea8 f   LIBCMT:utility.obj
 0001:00001ed4       _onexit                    0000000140002ed4 f   LIBCMT:utility.obj
 0001:00001f24       atexit                     0000000140002f24 f   LIBCMT:utility.obj
 0001:00001f3c       __security_init_cookie     0000000140002f3c f   LIBCMT:gs_support.obj
 0001:00001fe8       _get_startup_argv_mode     0000000140002fe8 f   LIBCMT:argv_mode.obj
 0001:00001ff0       _get_startup_file_mode     0000000140002ff0 f   LIBCMT:file_mode.obj
 0001:00001ff8       _get_startup_thread_locale_mode 0000000140002ff8 f   LIBCMT:thread_locale.obj
 0001:00001ff8       _get_startup_commit_mode   0000000140002ff8 f   LIBCMT:commit_mode.obj
 0001:00001ff8       _matherr                   0000000140002ff8 f   LIBCMT:matherr.obj
 0001:00001ff8       __scrt_initialize_winrt    0000000140002ff8 f   LIBCMT:utility_desktop.obj
 0001:00001ff8       _get_startup_new_mode      0000000140002ff8 f   LIBCMT:new_mode.obj
 0001:00001ffc       ?__scrt_initialize_type_info@@YAXXZ 0000000140002ffc f   LIBCMT:tncleanup.obj
 0001:0000200c       __scrt_initialize_default_local_stdio_options 000000014000300c f   LIBCMT:default_local_stdio_options.obj
 0001:00002028       __scrt_is_user_matherr_present 0000000140003028 f   LIBCMT:matherr_detection.obj
 0001:00002034       __scrt_get_dyn_tls_init_callback 0000000140003034 f   LIBCMT:dyn_tls_init.obj
 0001:0000203c       __scrt_get_dyn_tls_dtor_callback 000000014000303c f   LIBCMT:dyn_tls_dtor.obj
 0001:00002044       __crt_debugger_hook        0000000140003044 f   LIBCMT:utility_desktop.obj
 0001:0000204c       __scrt_fastfail            000000014000304c f   LIBCMT:utility_desktop.obj
 0001:00002194       __scrt_is_managed_app      0000000140003194 f   LIBCMT:utility_desktop.obj
 0001:000021e8       __scrt_set_unhandled_exception_filter 00000001400031e8 f   LIBCMT:utility_desktop.obj
 0001:000021f8       __scrt_unhandled_exception_filter 00000001400031f8 f   LIBCMT:utility_desktop.obj
 0001:00002230       _RTC_Initialize            0000000140003230 f   LIBCMT:_initsect_.obj
 0001:0000227c       _RTC_Terminate             000000014000327c f   LIBCMT:_initsect_.obj
 0001:000022c8       _guard_check_icall         00000001400032c8 f i LIBCMT:checkcfg.obj
 0001:000022d0       __isa_available_init       00000001400032d0 f   LIBCMT:_cpu_disp_.obj
 0001:00002498       __scrt_is_ucrt_dll_in_use  0000000140003498 f   LIBCMT:ucrt_detection.obj
 0001:000024a4       _initialize_invalid_parameter_handler 00000001400034a4 f i LIBCMT:invalid_parameter_handler.obj
 0001:000024a4       __except_validate_context_record 00000001400034a4 f i libvcruntime:jbcxrval.obj
 0001:000024a4       _initialize_denormal_control 00000001400034a4 f i LIBCMT:denormal_control.obj
 0001:000024a4       _guard_check_icall_nop     00000001400034a4 f i LIBCMT:guard_support.obj
 0001:000024b0       __C_specific_handler       00000001400034b0 f   libvcruntime:_chandler_.obj
 0001:000026ac       __vcrt_initialize          00000001400036ac f   libvcruntime:initialization.obj
 0001:000026e0       __vcrt_uninitialize        00000001400036e0 f   libvcruntime:initialization.obj
 0001:00002710       memset                     0000000140003710 f   libvcruntime:memset.obj
 0001:000028c0       _local_unwind              00000001400038c0 f   libvcruntime:_jmpuwind_.obj
 0001:000028f0       _NLG_Notify                00000001400038f0 f   libvcruntime:_jmpuwind_.obj
 0001:00002910       __NLG_Dispatch2            0000000140003910 f   libvcruntime:_jmpuwind_.obj
 0001:00002920       __NLG_Return2              0000000140003920 f   libvcruntime:_jmpuwind_.obj
 0001:00002924       __vcrt_freefls             0000000140003924 f   libvcruntime:per_thread_data.obj
 0001:00002944       __vcrt_initialize_ptd      0000000140003944 f   libvcruntime:per_thread_data.obj
 0001:00002984       __vcrt_uninitialize_ptd    0000000140003984 f   libvcruntime:per_thread_data.obj
 0001:000029a8       __vcrt_initialize_locks    00000001400039a8 f   libvcruntime:locks.obj
 0001:000029f0       __vcrt_uninitialize_locks  00000001400039f0 f   libvcruntime:locks.obj
 0001:00002bf0       __vcrt_FlsAlloc            0000000140003bf0 f   libvcruntime:winapi_downlevel.obj
 0001:00002c44       __vcrt_FlsFree             0000000140003c44 f   libvcruntime:winapi_downlevel.obj
 0001:00002c98       __vcrt_FlsSetValue         0000000140003c98 f   libvcruntime:winapi_downlevel.obj
 0001:00002d00       __vcrt_InitializeCriticalSectionEx 0000000140003d00 f   libvcruntime:winapi_downlevel.obj
 0001:00002d78       __vcrt_initialize_winapi_thunks 0000000140003d78 f   libvcruntime:winapi_downlevel.obj
 0001:00002dc4       __vcrt_uninitialize_winapi_thunks 0000000140003dc4 f   libvcruntime:winapi_downlevel.obj
 0001:00002e04       __vcrt_initialize_pure_virtual_call_handler 0000000140003e04 f   libvcruntime:purevirt_data.obj
 0001:00002e28       calloc                     0000000140003e28 f   libucrt:calloc.obj
 0001:00002e30       __acrt_initialize_stdio    0000000140003e30 f   libucrt:_file.obj
 0001:00002f50       __acrt_iob_func            0000000140003f50 f   libucrt:_file.obj
 0001:00002f64       __acrt_uninitialize_stdio  0000000140003f64 f   libucrt:_file.obj
 0001:00002fc0       _lock_file                 0000000140003fc0 f   libucrt:_file.obj
 0001:00002fcc       _unlock_file               0000000140003fcc f   libucrt:_file.obj
 0001:00002fd8       ??$?RV<lambda_aa279a7bcb127014629d5b1d62c7325d>@@AEAV<lambda_0a64b6a4deda75c01876f29c44fc5eb3>@@V<lambda_3323e69fbefe9d1a11713e670d47cdfa>@@@?$__crt_seh_guarded_call@H@@QEAAH$$QEAV<lambda_aa279a7bcb127014629d5b1d62c7325d>@@AEAV<lambda_0a64b6a4deda75c01876f29c44fc5eb3>@@$$QEAV<lambda_3323e69fbefe9d1a11713e670d47cdfa>@@@Z 0000000140003fd8 f i libucrt:output.obj
 0001:00003018       ??$ensure_buffer_is_big_enough@D@formatting_buffer@__crt_stdio_output@@QEAA_N_K@Z 0000000140004018 f i libucrt:output.obj
 0001:000030c4       ??$is_wide_character_specifier@D@__crt_stdio_output@@YA_N_KDW4length_modifier@0@@Z 00000001400040c4 f i libucrt:output.obj
 0001:000030f4       ??$type_case_integer_parse_into_buffer@I@?$output_processor@DV?$string_output_adapter@D@__crt_stdio_output@@V?$standard_base@DV?$string_output_adapter@D@__crt_stdio_output@@@2@@__crt_stdio_output@@AEAAXII_N@Z 00000001400040f4 f i libucrt:output.obj
 0001:000030f4       ??$type_case_integer_parse_into_buffer@I@?$output_processor@DV?$stream_output_adapter@D@__crt_stdio_output@@V?$standard_base@DV?$stream_output_adapter@D@__crt_stdio_output@@@2@@__crt_stdio_output@@AEAAXII_N@Z 00000001400040f4 f i libucrt:output.obj
 0001:00003190       ??$type_case_integer_parse_into_buffer@_K@?$output_processor@DV?$stream_output_adapter@D@__crt_stdio_output@@V?$standard_base@DV?$stream_output_adapter@D@__crt_stdio_output@@@2@@__crt_stdio_output@@AEAAX_KI_N@Z 0000000140004190 f i libucrt:output.obj
 0001:00003190       ??$type_case_integer_parse_into_buffer@_K@?$output_processor@DV?$string_output_adapter@D@__crt_stdio_output@@V?$standard_base@DV?$string_output_adapter@D@__crt_stdio_output@@@2@@__crt_stdio_output@@AEAAX_KI_N@Z 0000000140004190 f i libucrt:output.obj
 0001:0000322c       ??$write_multiple_characters@V?$stream_output_adapter@D@__crt_stdio_output@@D@__crt_stdio_output@@YAXAEBV?$stream_output_adapter@D@0@DHQEAH@Z 000000014000422c f i libucrt:output.obj
 0001:000032b0       ??$write_multiple_characters@V?$string_output_adapter@D@__crt_stdio_output@@D@__crt_stdio_output@@YAXAEBV?$string_output_adapter@D@0@DHQEAH@Z 00000001400042b0 f i libucrt:output.obj
 0001:0000330c       ??0?$output_processor@DV?$string_output_adapter@D@__crt_stdio_output@@V?$standard_base@DV?$string_output_adapter@D@__crt_stdio_output@@@2@@__crt_stdio_output@@QEAA@AEBV?$string_output_adapter@D@1@_KQEBDQEAU__crt_locale_pointers@@QEAD@Z 000000014000430c f i libucrt:output.obj
 0001:0000330c       ??0?$output_processor@DV?$stream_output_adapter@D@__crt_stdio_output@@V?$standard_base@DV?$stream_output_adapter@D@__crt_stdio_output@@@2@@__crt_stdio_output@@QEAA@AEBV?$stream_output_adapter@D@1@_KQEBDQEAU__crt_locale_pointers@@QEAD@Z 000000014000430c f i libucrt:output.obj
 0001:00003388       ??0_LocaleUpdate@@QEAA@QEAU__crt_locale_pointers@@@Z 0000000140004388 f i libucrt:output.obj
 0001:00003508       ?force_decimal_point@__crt_stdio_output@@YAXPEADQEAU__crt_locale_pointers@@@Z 0000000140004508 f i libucrt:output.obj
 0001:00003578       ?parse_int_from_format_string@?$output_processor@DV?$stream_output_adapter@D@__crt_stdio_output@@V?$standard_base@DV?$stream_output_adapter@D@__crt_stdio_output@@@2@@__crt_stdio_output@@AEAA_NQEAH@Z 0000000140004578 f i libucrt:output.obj
 0001:00003578       ?parse_int_from_format_string@?$output_processor@DV?$string_output_adapter@D@__crt_stdio_output@@V?$standard_base@DV?$string_output_adapter@D@__crt_stdio_output@@@2@@__crt_stdio_output@@AEAA_NQEAH@Z 0000000140004578 f i libucrt:output.obj
 0001:000035fc       ?process@?$output_processor@DV?$stream_output_adapter@D@__crt_stdio_output@@V?$standard_base@DV?$stream_output_adapter@D@__crt_stdio_output@@@2@@__crt_stdio_output@@QEAAHXZ 00000001400045fc f i libucrt:output.obj
 0001:0000380c       ?process@?$output_processor@DV?$string_output_adapter@D@__crt_stdio_output@@V?$standard_base@DV?$string_output_adapter@D@__crt_stdio_output@@@2@@__crt_stdio_output@@QEAAHXZ 000000014000480c f i libucrt:output.obj
 0001:00003a10       ?state_case_normal@?$output_processor@DV?$stream_output_adapter@D@__crt_stdio_output@@V?$standard_base@DV?$stream_output_adapter@D@__crt_stdio_output@@@2@@__crt_stdio_output@@AEAA_NXZ 0000000140004a10 f i libucrt:output.obj
 0001:00003a80       ?state_case_normal@?$output_processor@DV?$string_output_adapter@D@__crt_stdio_output@@V?$standard_base@DV?$string_output_adapter@D@__crt_stdio_output@@@2@@__crt_stdio_output@@AEAA_NXZ 0000000140004a80 f i libucrt:output.obj
 0001:00003af4       ?state_case_normal_tchar@?$output_processor@DV?$stream_output_adapter@D@__crt_stdio_output@@V?$standard_base@DV?$stream_output_adapter@D@__crt_stdio_output@@@2@@__crt_stdio_output@@AEAA_ND@Z 0000000140004af4 f i libucrt:output.obj
 0001:00003b88       ?state_case_normal_tchar@?$output_processor@DV?$string_output_adapter@D@__crt_stdio_output@@V?$standard_base@DV?$string_output_adapter@D@__crt_stdio_output@@@2@@__crt_stdio_output@@AEAA_ND@Z 0000000140004b88 f i libucrt:output.obj
 0001:00003c20       ?state_case_size@?$output_processor@DV?$stream_output_adapter@D@__crt_stdio_output@@V?$standard_base@DV?$stream_output_adapter@D@__crt_stdio_output@@@2@@__crt_stdio_output@@AEAA_NXZ 0000000140004c20 f i libucrt:output.obj
 0001:00003d9c       ?state_case_size@?$output_processor@DV?$string_output_adapter@D@__crt_stdio_output@@V?$standard_base@DV?$string_output_adapter@D@__crt_stdio_output@@@2@@__crt_stdio_output@@AEAA_NXZ 0000000140004d9c f i libucrt:output.obj
 0001:00003f18       ?state_case_type@?$output_processor@DV?$stream_output_adapter@D@__crt_stdio_output@@V?$standard_base@DV?$stream_output_adapter@D@__crt_stdio_output@@@2@@__crt_stdio_output@@AEAA_NXZ 0000000140004f18 f i libucrt:output.obj
 0001:00004194       ?state_case_type@?$output_processor@DV?$string_output_adapter@D@__crt_stdio_output@@V?$standard_base@DV?$string_output_adapter@D@__crt_stdio_output@@@2@@__crt_stdio_output@@AEAA_NXZ 0000000140005194 f i libucrt:output.obj
 0001:00004410       ?type_case_Z@?$output_processor@DV?$string_output_adapter@D@__crt_stdio_output@@V?$standard_base@DV?$string_output_adapter@D@__crt_stdio_output@@@2@@__crt_stdio_output@@AEAA_NXZ 0000000140005410 f i libucrt:output.obj
 0001:00004410       ?type_case_Z@?$output_processor@DV?$stream_output_adapter@D@__crt_stdio_output@@V?$standard_base@DV?$stream_output_adapter@D@__crt_stdio_output@@@2@@__crt_stdio_output@@AEAA_NXZ 0000000140005410 f i libucrt:output.obj
 0001:00004490       ?type_case_a@?$output_processor@DV?$string_output_adapter@D@__crt_stdio_output@@V?$standard_base@DV?$string_output_adapter@D@__crt_stdio_output@@@2@@__crt_stdio_output@@AEAA_NXZ 0000000140005490 f i libucrt:output.obj
 0001:00004490       ?type_case_a@?$output_processor@DV?$stream_output_adapter@D@__crt_stdio_output@@V?$standard_base@DV?$stream_output_adapter@D@__crt_stdio_output@@@2@@__crt_stdio_output@@AEAA_NXZ 0000000140005490 f i libucrt:output.obj
 0001:000046ac       ?type_case_c_tchar@?$output_processor@DV?$stream_output_adapter@D@__crt_stdio_output@@V?$standard_base@DV?$stream_output_adapter@D@__crt_stdio_output@@@2@@__crt_stdio_output@@AEAA_ND@Z 00000001400056ac f i libucrt:output.obj
 0001:000046ac       ?type_case_c_tchar@?$output_processor@DV?$string_output_adapter@D@__crt_stdio_output@@V?$standard_base@DV?$string_output_adapter@D@__crt_stdio_output@@@2@@__crt_stdio_output@@AEAA_ND@Z 00000001400056ac f i libucrt:output.obj
 0001:00004760       ?type_case_integer@?$output_processor@DV?$string_output_adapter@D@__crt_stdio_output@@V?$standard_base@DV?$string_output_adapter@D@__crt_stdio_output@@@2@@__crt_stdio_output@@AEAA_NI_N@Z 0000000140005760 f i libucrt:output.obj
 0001:00004760       ?type_case_integer@?$output_processor@DV?$stream_output_adapter@D@__crt_stdio_output@@V?$standard_base@DV?$stream_output_adapter@D@__crt_stdio_output@@@2@@__crt_stdio_output@@AEAA_NI_N@Z 0000000140005760 f i libucrt:output.obj
 0001:00004900       ?type_case_n@?$output_processor@DV?$string_output_adapter@D@__crt_stdio_output@@V?$standard_base@DV?$string_output_adapter@D@__crt_stdio_output@@@2@@__crt_stdio_output@@AEAA_NXZ 0000000140005900 f i libucrt:output.obj
 0001:00004900       ?type_case_n@?$output_processor@DV?$stream_output_adapter@D@__crt_stdio_output@@V?$standard_base@DV?$stream_output_adapter@D@__crt_stdio_output@@@2@@__crt_stdio_output@@AEAA_NXZ 0000000140005900 f i libucrt:output.obj
 0001:000049dc       ?type_case_s@?$output_processor@DV?$string_output_adapter@D@__crt_stdio_output@@V?$standard_base@DV?$string_output_adapter@D@__crt_stdio_output@@@2@@__crt_stdio_output@@AEAA_NXZ 00000001400059dc f i libucrt:output.obj
 0001:000049dc       ?type_case_s@?$output_processor@DV?$stream_output_adapter@D@__crt_stdio_output@@V?$standard_base@DV?$stream_output_adapter@D@__crt_stdio_output@@@2@@__crt_stdio_output@@AEAA_NXZ 00000001400059dc f i libucrt:output.obj
 0001:00004a6c       ?validate_stream_is_ansi_if_required@?$__acrt_stdio_char_traits@D@@SA_NQEAU_iobuf@@@Z 0000000140005a6c f i libucrt:output.obj
 0001:00004af8       ?write_stored_string_tchar@?$output_processor@DV?$stream_output_adapter@D@__crt_stdio_output@@V?$standard_base@DV?$stream_output_adapter@D@__crt_stdio_output@@@2@@__crt_stdio_output@@AEAA_ND@Z 0000000140005af8 f i libucrt:output.obj
 0001:00004bd0       ?write_stored_string_tchar@?$output_processor@DV?$string_output_adapter@D@__crt_stdio_output@@V?$standard_base@DV?$string_output_adapter@D@__crt_stdio_output@@@2@@__crt_stdio_output@@AEAA_ND@Z 0000000140005bd0 f i libucrt:output.obj
 0001:00004ca8       ?write_string@?$stream_output_adapter@D@__crt_stdio_output@@QEBAXQEBDHQEAH1@Z 0000000140005ca8 f i libucrt:output.obj
 0001:00004da0       ?write_string@?$string_output_adapter@D@__crt_stdio_output@@QEBAXQEBDHQEAH1@Z 0000000140005da0 f i libucrt:output.obj
 0001:00004e5c       __stdio_common_vfprintf    0000000140005e5c f   libucrt:output.obj
 0001:00004ee8       __stdio_common_vsprintf    0000000140005ee8 f   libucrt:output.obj
 0001:0000511c       free                       000000014000611c f   libucrt:free.obj
 0001:00005124       ??$?RV<lambda_c01e8233c1997d6cc4b8f1fd672e07e5>@@AEAV<lambda_3a6204444a8bad05601fdaf7664f6f17>@@V<lambda_b6ae1896c9cebd71befa8310523e5efb>@@@?$__crt_seh_guarded_call@H@@QEAAH$$QEAV<lambda_c01e8233c1997d6cc4b8f1fd672e07e5>@@AEAV<lambda_3a6204444a8bad05601fdaf7664f6f17>@@$$QEAV<lambda_b6ae1896c9cebd71befa8310523e5efb>@@@Z 0000000140006124 f i libucrt:input.obj
 0001:00005164       ??$is_overflow_condition@_K@__crt_strtox@@YA_NI_K@Z 0000000140006164 f i libucrt:input.obj
 0001:0000519c       ??$make_input_adapter_character_source@V?$stream_input_adapter@D@__crt_stdio_input@@@__crt_strtox@@YA?AV?$input_adapter_character_source@V?$stream_input_adapter@D@__crt_stdio_input@@@0@QEAV?$stream_input_adapter@D@__crt_stdio_input@@_KQEA_N@Z 000000014000619c f i libucrt:input.obj
 0001:0000519c       ??$make_input_adapter_character_source@V?$string_input_adapter@D@__crt_stdio_input@@@__crt_strtox@@YA?AV?$input_adapter_character_source@V?$string_input_adapter@D@__crt_stdio_input@@@0@QEAV?$string_input_adapter@D@__crt_stdio_input@@_KQEA_N@Z 000000014000619c f i libucrt:input.obj
 0001:000051bc       ??$parse_floating_point@V?$input_adapter_character_source@V?$stream_input_adapter@D@__crt_stdio_input@@@__crt_strtox@@M@__crt_strtox@@YA?AW4SLD_STATUS@@QEAU__crt_locale_pointers@@V?$input_adapter_character_source@V?$stream_input_adapter@D@__crt_stdio_input@@@0@QEAM@Z 00000001400061bc f i libucrt:input.obj
 0001:00005264       ??$parse_floating_point@V?$input_adapter_character_source@V?$stream_input_adapter@D@__crt_stdio_input@@@__crt_strtox@@N@__crt_strtox@@YA?AW4SLD_STATUS@@QEAU__crt_locale_pointers@@V?$input_adapter_character_source@V?$stream_input_adapter@D@__crt_stdio_input@@@0@QEAN@Z 0000000140006264 f i libucrt:input.obj
 0001:0000530c       ??$parse_floating_point@V?$input_adapter_character_source@V?$string_input_adapter@D@__crt_stdio_input@@@__crt_strtox@@M@__crt_strtox@@YA?AW4SLD_STATUS@@QEAU__crt_locale_pointers@@V?$input_adapter_character_source@V?$string_input_adapter@D@__crt_stdio_input@@@0@QEAM@Z 000000014000630c f i libucrt:input.obj
 0001:000053b4       ??$parse_floating_point@V?$input_adapter_character_source@V?$string_input_adapter@D@__crt_stdio_input@@@__crt_strtox@@N@__crt_strtox@@YA?AW4SLD_STATUS@@QEAU__crt_locale_pointers@@V?$input_adapter_character_source@V?$string_input_adapter@D@__crt_stdio_input@@@0@QEAN@Z 00000001400063b4 f i libucrt:input.obj
 0001:0000545c       ??$parse_floating_point_from_source@V?$input_adapter_character_source@V?$stream_input_adapter@D@__crt_stdio_input@@@__crt_strtox@@@__crt_strtox@@YA?AW4floating_point_parse_result@0@QEAU__crt_locale_pointers@@AEAV?$input_adapter_character_source@V?$stream_input_adapter@D@__crt_stdio_input@@@0@AEAUfloating_point_string@0@@Z 000000014000645c f i libucrt:input.obj
 0001:00005c28       ??$parse_floating_point_from_source@V?$input_adapter_character_source@V?$string_input_adapter@D@__crt_stdio_input@@@__crt_strtox@@@__crt_strtox@@YA?AW4floating_point_parse_result@0@QEAU__crt_locale_pointers@@AEAV?$input_adapter_character_source@V?$string_input_adapter@D@__crt_stdio_input@@@0@AEAUfloating_point_string@0@@Z 0000000140006c28 f i libucrt:input.obj
 0001:00006408       ??$parse_floating_point_possible_infinity@DV?$input_adapter_character_source@V?$stream_input_adapter@D@__crt_stdio_input@@@__crt_strtox@@_K@__crt_strtox@@YA?AW4floating_point_parse_result@0@AEADAEAV?$input_adapter_character_source@V?$stream_input_adapter@D@__crt_stdio_input@@@0@_K@Z 0000000140007408 f i libucrt:input.obj
 0001:000065d0       ??$parse_floating_point_possible_infinity@DV?$input_adapter_character_source@V?$string_input_adapter@D@__crt_stdio_input@@@__crt_strtox@@_K@__crt_strtox@@YA?AW4floating_point_parse_result@0@AEADAEAV?$input_adapter_character_source@V?$string_input_adapter@D@__crt_stdio_input@@@0@_K@Z 00000001400075d0 f i libucrt:input.obj
 0001:00006780       ??$parse_floating_point_possible_nan@DV?$input_adapter_character_source@V?$stream_input_adapter@D@__crt_stdio_input@@@__crt_strtox@@_K@__crt_strtox@@YA?AW4floating_point_parse_result@0@AEADAEAV?$input_adapter_character_source@V?$stream_input_adapter@D@__crt_stdio_input@@@0@_K@Z 0000000140007780 f i libucrt:input.obj
 0001:000069f8       ??$parse_floating_point_possible_nan@DV?$input_adapter_character_source@V?$string_input_adapter@D@__crt_stdio_input@@@__crt_strtox@@_K@__crt_strtox@@YA?AW4floating_point_parse_result@0@AEADAEAV?$input_adapter_character_source@V?$string_input_adapter@D@__crt_stdio_input@@@0@_K@Z 00000001400079f8 f i libucrt:input.obj
 0001:00006c68       ??$parse_floating_point_possible_nan_is_ind@DV?$input_adapter_character_source@V?$stream_input_adapter@D@__crt_stdio_input@@@__crt_strtox@@@__crt_strtox@@YA_NAEADAEAV?$input_adapter_character_source@V?$stream_input_adapter@D@__crt_stdio_input@@@0@@Z 0000000140007c68 f i libucrt:input.obj
 0001:00006cfc       ??$parse_floating_point_possible_nan_is_ind@DV?$input_adapter_character_source@V?$string_input_adapter@D@__crt_stdio_input@@@__crt_strtox@@@__crt_strtox@@YA_NAEADAEAV?$input_adapter_character_source@V?$string_input_adapter@D@__crt_stdio_input@@@0@@Z 0000000140007cfc f i libucrt:input.obj
 0001:00006d74       ??$parse_floating_point_possible_nan_is_snan@DV?$input_adapter_character_source@V?$stream_input_adapter@D@__crt_stdio_input@@@__crt_strtox@@@__crt_strtox@@YA_NAEADAEAV?$input_adapter_character_source@V?$stream_input_adapter@D@__crt_stdio_input@@@0@@Z 0000000140007d74 f i libucrt:input.obj
 0001:00006e08       ??$parse_floating_point_possible_nan_is_snan@DV?$input_adapter_character_source@V?$string_input_adapter@D@__crt_stdio_input@@@__crt_strtox@@@__crt_strtox@@YA_NAEADAEAV?$input_adapter_character_source@V?$string_input_adapter@D@__crt_stdio_input@@@0@@Z 0000000140007e08 f i libucrt:input.obj
 0001:00006e80       ??$parse_floating_point_write_result@M@__crt_strtox@@YA?AW4SLD_STATUS@@W4floating_point_parse_result@0@AEBUfloating_point_string@0@QEAM@Z 0000000140007e80 f i libucrt:input.obj
 0001:00006f98       ??$parse_floating_point_write_result@N@__crt_strtox@@YA?AW4SLD_STATUS@@W4floating_point_parse_result@0@AEBUfloating_point_string@0@QEAN@Z 0000000140007f98 f i libucrt:input.obj
 0001:000070c0       ??$parse_integer@_KV?$input_adapter_character_source@V?$stream_input_adapter@D@__crt_stdio_input@@@__crt_strtox@@@__crt_strtox@@YA_KQEAU__crt_locale_pointers@@V?$input_adapter_character_source@V?$stream_input_adapter@D@__crt_stdio_input@@@0@H_N@Z 00000001400080c0 f i libucrt:input.obj
 0001:00007560       ??$parse_integer@_KV?$input_adapter_character_source@V?$string_input_adapter@D@__crt_stdio_input@@@__crt_strtox@@@__crt_strtox@@YA_KQEAU__crt_locale_pointers@@V?$input_adapter_character_source@V?$string_input_adapter@D@__crt_stdio_input@@@0@H_N@Z 0000000140008560 f i libucrt:input.obj
 0001:000079f4       ??$process_floating_point_specifier_t@M@?$input_processor@DV?$stream_input_adapter@D@__crt_stdio_input@@@__crt_stdio_input@@AEAA_NXZ 00000001400089f4 f i libucrt:input.obj
 0001:00007a94       ??$process_floating_point_specifier_t@M@?$input_processor@DV?$string_input_adapter@D@__crt_stdio_input@@@__crt_stdio_input@@AEAA_NXZ 0000000140008a94 f i libucrt:input.obj
 0001:00007b3c       ??$process_floating_point_specifier_t@N@?$input_processor@DV?$stream_input_adapter@D@__crt_stdio_input@@@__crt_stdio_input@@AEAA_NXZ 0000000140008b3c f i libucrt:input.obj
 0001:00007be0       ??$process_floating_point_specifier_t@N@?$input_processor@DV?$string_input_adapter@D@__crt_stdio_input@@@__crt_stdio_input@@AEAA_NXZ 0000000140008be0 f i libucrt:input.obj
 0001:00007c88       ??$process_string_specifier_tchar@D@?$input_processor@DV?$stream_input_adapter@D@__crt_stdio_input@@@__crt_stdio_input@@AEAA_NW4conversion_mode@1@D@Z 0000000140008c88 f i libucrt:input.obj
 0001:00007e38       ??$process_string_specifier_tchar@D@?$input_processor@DV?$string_input_adapter@D@__crt_stdio_input@@@__crt_stdio_input@@AEAA_NW4conversion_mode@1@D@Z 0000000140008e38 f i libucrt:input.obj
 0001:00008000       ??$process_string_specifier_tchar@_W@?$input_processor@DV?$stream_input_adapter@D@__crt_stdio_input@@@__crt_stdio_input@@AEAA_NW4conversion_mode@1@_W@Z 0000000140009000 f i libucrt:input.obj
 0001:000081e8       ??$process_string_specifier_tchar@_W@?$input_processor@DV?$string_input_adapter@D@__crt_stdio_input@@@__crt_stdio_input@@AEAA_NW4conversion_mode@1@_W@Z 00000001400091e8 f i libucrt:input.obj
 0001:000083e8       ??$skip_whitespace@Vstream_input_adapter@__crt_stdio_input@@D@__crt_stdio_input@@YAHAEAV?$stream_input_adapter@D@0@QEAU__crt_locale_pointers@@@Z 00000001400093e8 f i libucrt:input.obj
 0001:0000846c       ??$skip_whitespace@Vstring_input_adapter@__crt_stdio_input@@D@__crt_stdio_input@@YAHAEAV?$string_input_adapter@D@0@QEAU__crt_locale_pointers@@@Z 000000014000946c f i libucrt:input.obj
 0001:000086c8       ?advance@?$format_string_parser@D@__crt_stdio_input@@QEAA_NXZ 00000001400096c8 f i libucrt:input.obj
 0001:00008898       ?as_double@floating_point_value@__crt_strtox@@QEBAAEANXZ 0000000140009898 f i libucrt:input.obj
 0001:000088d4       ?as_float@floating_point_value@__crt_strtox@@QEBAAEAMXZ 00000001400098d4 f i libucrt:input.obj
 0001:00008910       ?assemble_floating_point_value@__crt_strtox@@YA?AW4SLD_STATUS@@_KH_N1AEBVfloating_point_value@1@@Z 0000000140009910 f i libucrt:input.obj
 0001:00008cc4       ?assemble_floating_point_value_from_big_integer@__crt_strtox@@YA?AW4SLD_STATUS@@AEBUbig_integer@1@I_N1AEBVfloating_point_value@1@@Z 0000000140009cc4 f i libucrt:input.obj
 0001:00008e50       ?convert_decimal_string_to_floating_type_common@__crt_strtox@@YA?AW4SLD_STATUS@@AEBUfloating_point_string@1@AEBVfloating_point_value@1@@Z 0000000140009e50 f i libucrt:input.obj
 0001:0000ac14       ?convert_hexadecimal_string_to_floating_type_common@__crt_strtox@@YA?AW4SLD_STATUS@@AEBUfloating_point_string@1@AEBVfloating_point_value@1@@Z 000000014000bc14 f i libucrt:input.obj
 0001:0000acd0       ?divide@__crt_strtox@@YA_KAEAUbig_integer@1@AEBU21@@Z 000000014000bcd0 f i libucrt:input.obj
 0001:0000b1a0       ?length@?$format_string_parser@D@__crt_stdio_input@@QEBA_KXZ 000000014000c1a0 f i libucrt:input.obj
 0001:0000b23c       ?process@?$input_processor@DV?$stream_input_adapter@D@__crt_stdio_input@@@__crt_stdio_input@@QEAAHXZ 000000014000c23c f i libucrt:input.obj
 0001:0000b318       ?process@?$input_processor@DV?$string_input_adapter@D@__crt_stdio_input@@@__crt_stdio_input@@QEAAHXZ 000000014000c318 f i libucrt:input.obj
 0001:0000b408       ?process_conversion_specifier@?$input_processor@DV?$stream_input_adapter@D@__crt_stdio_input@@@__crt_stdio_input@@AEAA_NXZ 000000014000c408 f i libucrt:input.obj
 0001:0000b528       ?process_conversion_specifier@?$input_processor@DV?$string_input_adapter@D@__crt_stdio_input@@@__crt_stdio_input@@AEAA_NXZ 000000014000c528 f i libucrt:input.obj
 0001:0000b64c       ?process_floating_point_specifier@?$input_processor@DV?$stream_input_adapter@D@__crt_stdio_input@@@__crt_stdio_input@@AEAA_NXZ 000000014000c64c f i libucrt:input.obj
 0001:0000b6b0       ?process_floating_point_specifier@?$input_processor@DV?$string_input_adapter@D@__crt_stdio_input@@@__crt_stdio_input@@AEAA_NXZ 000000014000c6b0 f i libucrt:input.obj
 0001:0000b720       ?process_integer_specifier@?$input_processor@DV?$stream_input_adapter@D@__crt_stdio_input@@@__crt_stdio_input@@AEAA_NI_N@Z 000000014000c720 f i libucrt:input.obj
 0001:0000b7c4       ?process_integer_specifier@?$input_processor@DV?$string_input_adapter@D@__crt_stdio_input@@@__crt_stdio_input@@AEAA_NI_N@Z 000000014000c7c4 f i libucrt:input.obj
 0001:0000b874       ?process_literal_character_tchar@?$input_processor@DV?$stream_input_adapter@D@__crt_stdio_input@@@__crt_stdio_input@@AEAA_ND@Z 000000014000c874 f i libucrt:input.obj
 0001:0000b8ec       ?process_literal_character_tchar@?$input_processor@DV?$string_input_adapter@D@__crt_stdio_input@@@__crt_stdio_input@@AEAA_ND@Z 000000014000c8ec f i libucrt:input.obj
 0001:0000b978       ?process_state@?$input_processor@DV?$stream_input_adapter@D@__crt_stdio_input@@@__crt_stdio_input@@AEAA_NXZ 000000014000c978 f i libucrt:input.obj
 0001:0000ba1c       ?process_state@?$input_processor@DV?$string_input_adapter@D@__crt_stdio_input@@@__crt_stdio_input@@AEAA_NXZ 000000014000ca1c f i libucrt:input.obj
 0001:0000bad0       ?process_string_specifier@?$input_processor@DV?$stream_input_adapter@D@__crt_stdio_input@@@__crt_stdio_input@@AEAA_NW4conversion_mode@2@@Z 000000014000cad0 f i libucrt:input.obj
 0001:0000bb50       ?process_string_specifier@?$input_processor@DV?$string_input_adapter@D@__crt_stdio_input@@@__crt_stdio_input@@AEAA_NW4conversion_mode@2@@Z 000000014000cb50 f i libucrt:input.obj
 0001:0000bbdc       ?scan_conversion_specifier@?$format_string_parser@D@__crt_stdio_input@@AEAA_NXZ 000000014000cbdc f i libucrt:input.obj
 0001:0000bd98       ?scan_optional_field_width@?$format_string_parser@D@__crt_stdio_input@@AEAA_NXZ 000000014000cd98 f i libucrt:input.obj
 0001:0000be40       ?scan_optional_length_modifier@?$format_string_parser@D@__crt_stdio_input@@AEAAXXZ 000000014000ce40 f i libucrt:input.obj
 0001:0000bf6c       ?scan_scanset_range@?$format_string_parser@D@__crt_stdio_input@@AEAA_NXZ 000000014000cf6c f i libucrt:input.obj
 0001:0000c100       ?write_character@?$input_processor@DV?$stream_input_adapter@D@__crt_stdio_input@@@__crt_stdio_input@@AEAA_NQEFA_W_KAEAPEFA_WAEA_KD@Z 000000014000d100 f i libucrt:input.obj
 0001:0000c198       ?write_character@?$input_processor@DV?$string_input_adapter@D@__crt_stdio_input@@@__crt_stdio_input@@AEAA_NQEFA_W_KAEAPEFA_WAEA_KD@Z 000000014000d198 f i libucrt:input.obj
 0001:0000c234       ?write_integer@?$input_processor@DV?$stream_input_adapter@D@__crt_stdio_input@@@__crt_stdio_input@@AEAA_N_K_N@Z 000000014000d234 f i libucrt:input.obj
 0001:0000c2b4       ?write_integer@?$input_processor@DV?$string_input_adapter@D@__crt_stdio_input@@@__crt_stdio_input@@AEAA_N_K_N@Z 000000014000d2b4 f i libucrt:input.obj
 0001:0000c338       __stdio_common_vfscanf     000000014000d338 f   libucrt:input.obj
 0001:0000c3c4       __stdio_common_vsscanf     000000014000d3c4 f   libucrt:input.obj
 0001:0000c594       malloc                     000000014000d594 f   libucrt:malloc.obj
 0001:0000c66c       fopen                      000000014000d66c f   libucrt:fopen.obj
 0001:0000c678       _fclose_nolock             000000014000d678 f   libucrt:fclose.obj
 0001:0000c6fc       fclose                     000000014000d6fc f   libucrt:fclose.obj
 0001:0000c768       _seh_filter_exe            000000014000d768 f   libucrt:exception_filter.obj
 0001:0000c8f8       _query_app_type            000000014000d8f8 f   libucrt:report_runtime_error.obj
 0001:0000c900       _set_app_type              000000014000d900 f   libucrt:report_runtime_error.obj
 0001:0000c908       __acrt_has_user_matherr    000000014000d908 f   libucrt:matherr.obj
 0001:0000c928       __acrt_initialize_user_matherr 000000014000d928 f   libucrt:matherr.obj
 0001:0000c930       __acrt_invoke_user_matherr 000000014000d930 f   libucrt:matherr.obj
 0001:0000c978       __setusermatherr           000000014000d978 f   libucrt:matherr.obj
 0001:0000cb5c       __acrt_allocate_buffer_for_argv 000000014000db5c f   libucrt:argv_parsing.obj
 0001:0000cbc0       _configure_narrow_argv     000000014000dbc0 f   libucrt:argv_parsing.obj
 0001:0000d038       __dcrt_get_or_create_narrow_environment_nolock 000000014000e038 f   libucrt:environment_initialization.obj
 0001:0000d040       __dcrt_uninitialize_environments_nolock 000000014000e040 f   libucrt:environment_initialization.obj
 0001:0000d078       _get_initial_narrow_environment 000000014000e078 f   libucrt:environment_initialization.obj
 0001:0000d09c       _initialize_narrow_environment 000000014000e09c f   libucrt:environment_initialization.obj
 0001:0000d0a4       _initterm                  000000014000e0a4 f   libucrt:initterm.obj
 0001:0000d11c       _initterm_e                000000014000e11c f   libucrt:initterm.obj
 0001:0000d398       __acrt_initialize_thread_local_exit_callback 000000014000e398 f   libucrt:exit.obj
 0001:0000d3a0       _c_exit                    000000014000e3a0 f   libucrt:exit.obj
 0001:0000d3b0       _cexit                     000000014000e3b0 f   libucrt:exit.obj
 0001:0000d3c0       _exit                      000000014000e3c0 f   libucrt:exit.obj
 0001:0000d3cc       _register_thread_local_exe_atexit_callback 000000014000e3cc f   libucrt:exit.obj
 0001:0000d410       exit                       000000014000e410 f   libucrt:exit.obj
 0001:0000d41c       _get_fmode                 000000014000e41c f   libucrt:setmode.obj
 0001:0000d44c       _set_fmode                 000000014000e44c f   libucrt:setmode.obj
 0001:0000d48c       _setmode_nolock            000000014000e48c f   libucrt:setmode.obj
 0001:0000d56c       __acrt_initialize_command_line 000000014000e56c f   libucrt:argv_data.obj
 0001:0000d594       __p___argc                 000000014000e594 f   libucrt:argv_data.obj
 0001:0000d59c       __p___argv                 000000014000e59c f   libucrt:argv_data.obj
 0001:0000d5a4       __acrt_set_locale_changed  000000014000e5a4 f   libucrt:wsetlocale.obj
 0001:0000d5b0       __acrt_uninitialize_locale 000000014000e5b0 f   libucrt:wsetlocale.obj
 0001:0000d5f8       _configthreadlocale        000000014000e5f8 f   libucrt:wsetlocale.obj
 0001:0000d664       _query_new_mode            000000014000e664 f   libucrt:new_mode.obj
 0001:0000d66c       _set_new_mode              000000014000e66c f   libucrt:new_mode.obj
 0001:0000d698       __p__commode               000000014000e698 f   libucrt:ncommode.obj
 0001:0000d6a0       ??$?RV<lambda_b8c45f8f788dd370798f47cfe8ac3a86>@@AEAV<lambda_4e60a939b0d047cfe11ddc22648dfba9>@@V<lambda_332c3edc96d0294ec56c57d38c1cdfd5>@@@?$__crt_seh_guarded_call@H@@QEAAH$$QEAV<lambda_b8c45f8f788dd370798f47cfe8ac3a86>@@AEAV<lambda_4e60a939b0d047cfe11ddc22648dfba9>@@$$QEAV<lambda_332c3edc96d0294ec56c57d38c1cdfd5>@@@Z 000000014000e6a0 f i libucrt:onexit.obj
 0001:0000d6dc       ??$?RV<lambda_e24bbb7b643b32fcea6fa61b31d4c984>@@AEAV<lambda_275893d493268fdec8709772e3fcec0e>@@V<lambda_9d71df4d7cf3f480f8d633942495c3b0>@@@?$__crt_seh_guarded_call@H@@QEAAH$$QEAV<lambda_e24bbb7b643b32fcea6fa61b31d4c984>@@AEAV<lambda_275893d493268fdec8709772e3fcec0e>@@$$QEAV<lambda_9d71df4d7cf3f480f8d633942495c3b0>@@@Z 000000014000e6dc f i libucrt:onexit.obj
 0001:0000da58       _crt_atexit                000000014000ea58 f   libucrt:onexit.obj
 0001:0000da68       _execute_onexit_table      000000014000ea68 f   libucrt:onexit.obj
 0001:0000daa4       _initialize_onexit_table   000000014000eaa4 f   libucrt:onexit.obj
 0001:0000dae4       _register_onexit_function  000000014000eae4 f   libucrt:onexit.obj
 0001:0000db64       _should_initialize_environment 000000014000eb64 f   LIBCMT:env_mode.obj
 0001:0000db64       __acrt_uninitialize_command_line 000000014000eb64 f   libucrt:argv_data.obj
 0001:0000dc64       __acrt_initialize          000000014000ec64 f   libucrt:initialization.obj
 0001:0000dc78       __acrt_uninitialize        000000014000ec78 f   libucrt:initialization.obj
 0001:0000dc8c       terminate                  000000014000ec8c f   libucrt:terminate.obj
 0001:0000dcb4       _free_base                 000000014000ecb4 f   libucrt:free_base.obj
 0001:0000dcf4       _malloc_base               000000014000ecf4 f   libucrt:malloc_base.obj
 0001:0000dd54       strcpy_s                   000000014000ed54 f   libucrt:strcpy_s.obj
 0001:0000ddb4       abort                      000000014000edb4 f   libucrt:abort.obj
 0001:0000de0c       _calloc_base               000000014000ee0c f   libucrt:calloc_base.obj
 0001:0000de84       ??$is_overflow_condition@K@__crt_strtox@@YA_NIK@Z 000000014000ee84 f i libucrt:atox.obj
 0001:0000deb0       ??$parse_integer@KV?$c_string_character_source@D@__crt_strtox@@@__crt_strtox@@YAKQEAU__crt_locale_pointers@@V?$c_string_character_source@D@0@H_N@Z 000000014000eeb0 f i libucrt:atox.obj
 0001:0000e1c4       ??$parse_integer@_KV?$c_string_character_source@D@__crt_strtox@@@__crt_strtox@@YA_KQEAU__crt_locale_pointers@@V?$c_string_character_source@D@0@H_N@Z 000000014000f1c4 f i libucrt:atox.obj
 0001:0000e4f8       __acrt_call_reportfault    000000014000f4f8 f   libucrt:invalid_parameter.obj
 0001:0000e654       __acrt_initialize_invalid_parameter_handler 000000014000f654 f   libucrt:invalid_parameter.obj
 0001:0000e65c       _invalid_parameter         000000014000f65c f   libucrt:invalid_parameter.obj
 0001:0000e704       _invalid_parameter_noinfo  000000014000f704 f   libucrt:invalid_parameter.obj
 0001:0000e724       _invoke_watson             000000014000f724 f   libucrt:invalid_parameter.obj
 0001:0000e76c       __acrt_errno_from_os_error 000000014000f76c f   libucrt:errno.obj
 0001:0000e7b4       __acrt_errno_map_os_error  000000014000f7b4 f   libucrt:errno.obj
 0001:0000e804       __doserrno                 000000014000f804 f   libucrt:errno.obj
 0001:0000e824       _errno                     000000014000f824 f   libucrt:errno.obj
 0001:0000e9e4       __acrt_AreFileApisANSI     000000014000f9e4 f   libucrt:winapi_thunks.obj
 0001:0000ea30       __acrt_CompareStringEx     000000014000fa30 f   libucrt:winapi_thunks.obj
 0001:0000eb20       __acrt_FlsAlloc            000000014000fb20 f   libucrt:winapi_thunks.obj
 0001:0000eb78       __acrt_FlsFree             000000014000fb78 f   libucrt:winapi_thunks.obj
 0001:0000ebd0       __acrt_FlsGetValue         000000014000fbd0 f   libucrt:winapi_thunks.obj
 0001:0000ec28       __acrt_FlsSetValue         000000014000fc28 f   libucrt:winapi_thunks.obj
 0001:0000ec90       __acrt_InitializeCriticalSectionEx 000000014000fc90 f   libucrt:winapi_thunks.obj
 0001:0000ed08       __acrt_LCMapStringEx       000000014000fd08 f   libucrt:winapi_thunks.obj
 0001:0000edf8       __acrt_LocaleNameToLCID    000000014000fdf8 f   libucrt:winapi_thunks.obj
 0001:0000ee60       __acrt_initialize_winapi_thunks 000000014000fe60 f   libucrt:winapi_thunks.obj
 0001:0000ee98       __acrt_is_packaged_app     000000014000fe98 f   libucrt:winapi_thunks.obj
 0001:0000ef20       __acrt_uninitialize_winapi_thunks 000000014000ff20 f   libucrt:winapi_thunks.obj
 0001:0000ef64       _fcloseall                 000000014000ff64 f   libucrt:closeall.obj
 0001:0000f018       __acrt_stdio_flush_nolock  0000000140010018 f   libucrt:fflush.obj
 0001:0000f090       _fflush_nolock             0000000140010090 f   libucrt:fflush.obj
 0001:0000f0dc       _flushall                  00000001400100dc f   libucrt:fflush.obj
 0001:0000f1cc       __acrt_stdio_free_buffer_nolock 00000001400101cc f   libucrt:_freebuf.obj
 0001:0000f3f4       __acrt_initialize_lowio    00000001400103f4 f   libucrt:ioinit.obj
 0001:0000f430       __acrt_uninitialize_lowio  0000000140010430 f   libucrt:ioinit.obj
 0001:0000f470       isdigit                    0000000140010470 f i libucrt:_ctype.obj
 0001:0000f4e4       isspace                    00000001400104e4 f i libucrt:_ctype.obj
 0001:0000f5a8       _tolower_l                 00000001400105a8 f   libucrt:tolower_toupper.obj
 0001:0000f6e8       tolower                    00000001400106e8 f   libucrt:tolower_toupper.obj
 0001:0000f714       ??$make_c_string_character_source@DPEAPEAD@__crt_strtox@@YA?AV?$c_string_character_source@D@0@QEBDQEAPEAD@Z 0000000140010714 f i libucrt:strtox.obj
 0001:0000f728       strtol                     0000000140010728 f   libucrt:strtox.obj
 0001:0000f758       strtoull                   0000000140010758 f   libucrt:strtox.obj
 0001:0000f788       _mbtowc_l                  0000000140010788 f   libucrt:mbtowc.obj
 0001:0000f8d0       mbtowc                     00000001400108d0 f   libucrt:mbtowc.obj
 0001:0000f8d8       _wctomb_s_l                00000001400108d8 f   libucrt:wctomb.obj
 0001:0000fa5c       wctomb_s                   0000000140010a5c f   libucrt:wctomb.obj
 0001:0000fa70       strnlen                    0000000140010a70 f   libucrt:strnlen.obj
 0001:0000fbcc       wcsnlen                    0000000140010bcc f   libucrt:strnlen.obj
 0001:0000fdbc       ??$?RV<lambda_46352004c1216016012b18bd6f87e700>@@AEAV<lambda_3bd07e1a1191394380780325891bf33f>@@V<lambda_334532d3f185bcaa59b5be82d7d22bff>@@@?$__crt_seh_guarded_call@X@@QEAAX$$QEAV<lambda_46352004c1216016012b18bd6f87e700>@@AEAV<lambda_3bd07e1a1191394380780325891bf33f>@@$$QEAV<lambda_334532d3f185bcaa59b5be82d7d22bff>@@@Z 0000000140010dbc f i libucrt:per_thread_data.obj
 0001:0000fe1c       ??$?RV<lambda_5e887d1dcbef67a5eb4283622ba103bf>@@AEAV<lambda_4466841279450cc726390878d4a41900>@@V<lambda_341c25c0346d94847f1f3c463c57e077>@@@?$__crt_seh_guarded_call@X@@QEAAX$$QEAV<lambda_5e887d1dcbef67a5eb4283622ba103bf>@@AEAV<lambda_4466841279450cc726390878d4a41900>@@$$QEAV<lambda_341c25c0346d94847f1f3c463c57e077>@@@Z 0000000140010e1c f i libucrt:per_thread_data.obj
 0001:0000fe64       ??$?RV<lambda_72d1df2b273a38828b1ce30cbf4cdab5>@@AEAV<lambda_876a65b173b8412d3a47c70a915b0cf4>@@V<lambda_41932305e351933ebe8f8be3ed8bb5dc>@@@?$__crt_seh_guarded_call@X@@QEAAX$$QEAV<lambda_72d1df2b273a38828b1ce30cbf4cdab5>@@AEAV<lambda_876a65b173b8412d3a47c70a915b0cf4>@@$$QEAV<lambda_41932305e351933ebe8f8be3ed8bb5dc>@@@Z 0000000140010e64 f i libucrt:per_thread_data.obj
 0001:0000fea4       ??$?RV<lambda_fb3a7dec4e47f37f22dae91bb15c9095>@@AEAV<lambda_698284760c8add0bfb0756c19673e34b>@@V<lambda_dfb8eca1e75fef3034a8fb18dd509707>@@@?$__crt_seh_guarded_call@X@@QEAAX$$QEAV<lambda_fb3a7dec4e47f37f22dae91bb15c9095>@@AEAV<lambda_698284760c8add0bfb0756c19673e34b>@@$$QEAV<lambda_dfb8eca1e75fef3034a8fb18dd509707>@@@Z 0000000140010ea4 f i libucrt:per_thread_data.obj
 0001:00010134       __acrt_getptd              0000000140011134 f   libucrt:per_thread_data.obj
 0001:000101c8       __acrt_getptd_noexit       00000001400111c8 f   libucrt:per_thread_data.obj
 0001:00010268       __acrt_initialize_ptd      0000000140011268 f   libucrt:per_thread_data.obj
 0001:000102a4       __acrt_uninitialize_ptd    00000001400112a4 f   libucrt:per_thread_data.obj
 0001:000102c8       __acrt_update_locale_info  00000001400112c8 f   libucrt:locale_update.obj
 0001:000102fc       __acrt_update_multibyte_info 00000001400112fc f   libucrt:locale_update.obj
 0001:00010330       ?__acrt_fp_classify@@YA?AW4__acrt_fp_class@@AEBN@Z 0000000140011330 f i libucrt:cvt.obj
 0001:00010d68       __acrt_fp_format           0000000140011d68 f   libucrt:cvt.obj
 0001:00010fac       _fileno                    0000000140011fac f   libucrt:fileno.obj
 0001:00010fd4       _fputc_nolock              0000000140011fd4 f   libucrt:fputc.obj
 0001:00010fec       _get_printf_count_output   0000000140011fec f   libucrt:printf_count_output.obj
 0001:00011004       __acrt_stdio_begin_temporary_buffering_nolock 0000000140012004 f   libucrt:_sftbuf.obj
 0001:000110d4       __acrt_stdio_end_temporary_buffering_nolock 00000001400120d4 f   libucrt:_sftbuf.obj
 0001:00011110       __pctype_func              0000000140012110 f   libucrt:ctype.obj
 0001:00011140       _isctype_l                 0000000140012140 f   libucrt:isctype.obj
 0001:00011250       _fgetc_nolock              0000000140012250 f   libucrt:fgetc.obj
 0001:00011294       _getc_nolock               0000000140012294 f   libucrt:fgetc.obj
 0001:0001129c       _ungetc_nolock             000000014001229c f   libucrt:ungetc.obj
 0001:000113ac       fegetround                 00000001400123ac f   libucrt:fegetround.obj
 0001:000113c0       ?__acrt_stdio_allocate_stream@@YA?AV__crt_stdio_stream@@XZ 00000001400123c0 f   libucrt:stream.obj
 0001:0001141c       ?__acrt_stdio_free_stream@@YAXV__crt_stdio_stream@@@Z 000000014001241c f   libucrt:stream.obj
 0001:0001154c       ??$__acrt_stdio_parse_mode@D@@YA?AU__acrt_stdio_stream_mode@@QEBD@Z 000000014001254c f i libucrt:openfile.obj
 0001:000117e8       _openfile                  00000001400127e8 f   libucrt:openfile.obj
 0001:00011884       ??$?RV<lambda_bfedae4ebbf01fab1bb6dcc6a9e276e0>@@AEAV<lambda_2fe9b910cf3cbf4a0ab98a02ba45b3ec>@@V<lambda_237c231691f317818eb88cc1d5d642d6>@@@?$__crt_seh_guarded_call@H@@QEAAH$$QEAV<lambda_bfedae4ebbf01fab1bb6dcc6a9e276e0>@@AEAV<lambda_2fe9b910cf3cbf4a0ab98a02ba45b3ec>@@$$QEAV<lambda_237c231691f317818eb88cc1d5d642d6>@@@Z 0000000140012884 f i libucrt:close.obj
 0001:000118f8       _close                     00000001400128f8 f   libucrt:close.obj
 0001:0001199c       _close_nolock              000000014001299c f   libucrt:close.obj
 0001:00011f34       ?expand_if_necessary@?$argument_list@D@?A0xca0879c4@@AEAAHXZ 0000000140012f34 f i libucrt:argv_wildcards.obj
 0001:00011ffc       __acrt_expand_narrow_argv_wildcards 0000000140012ffc f   libucrt:argv_wildcards.obj
 0001:00012004       ??$?RV<lambda_99476a1ad63dd22509b5d3e65b0ffc95>@@AEAV<lambda_ad1ced32f4ac17aa236e5ef05d6b3b7c>@@V<lambda_f7424dd8d45958661754dc4f2697e9c3>@@@?$__crt_seh_guarded_call@X@@QEAAX$$QEAV<lambda_99476a1ad63dd22509b5d3e65b0ffc95>@@AEAV<lambda_ad1ced32f4ac17aa236e5ef05d6b3b7c>@@$$QEAV<lambda_f7424dd8d45958661754dc4f2697e9c3>@@@Z 0000000140013004 f i libucrt:mbctype.obj
 0001:00012700       __acrt_initialize_multibyte 0000000140013700 f   libucrt:mbctype.obj
 0001:00012728       __acrt_update_thread_multibyte_data 0000000140013728 f   libucrt:mbctype.obj
 0001:000127e8       _setmbcp_nolock            00000001400137e8 f   libucrt:mbctype.obj
 0001:00012b08       _ismbblead                 0000000140013b08 f   libucrt:ismbbyte.obj
 0001:00012b1c       __dcrt_get_narrow_environment_from_os 0000000140013b1c f   libucrt:get_environment_from_os.obj
 0001:00012ffc       __dcrt_set_variable_in_narrow_environment_nolock 0000000140013ffc f   libucrt:setenv.obj
 0001:00013004       __acrt_initialize_locks    0000000140014004 f   libucrt:locks.obj
 0001:0001304c       __acrt_lock                000000014001404c f   libucrt:locks.obj
 0001:00013068       __acrt_uninitialize_locks  0000000140014068 f   libucrt:locks.obj
 0001:000130a0       __acrt_unlock              00000001400140a0 f   libucrt:locks.obj
 0001:000130bc       __acrt_lowio_create_handle_array 00000001400140bc f   libucrt:osfinfo.obj
 0001:00013154       __acrt_lowio_destroy_handle_array 0000000140014154 f   libucrt:osfinfo.obj
 0001:000131a4       __acrt_lowio_ensure_fh_exists 00000001400141a4 f   libucrt:osfinfo.obj
 0001:0001325c       __acrt_lowio_lock_fh       000000014001425c f   libucrt:osfinfo.obj
 0001:00013280       __acrt_lowio_set_os_handle 0000000140014280 f   libucrt:osfinfo.obj
 0001:00013340       __acrt_lowio_unlock_fh     0000000140014340 f   libucrt:osfinfo.obj
 0001:00013364       _alloc_osfhnd              0000000140014364 f   libucrt:osfinfo.obj
 0001:00013494       _free_osfhnd               0000000140014494 f   libucrt:osfinfo.obj
 0001:00013550       _get_osfhandle             0000000140014550 f   libucrt:osfinfo.obj
 0001:000135c8       __acrt_locale_free_monetary 00000001400145c8 f   libucrt:initmon.obj
 0001:000136d4       __acrt_locale_free_numeric 00000001400146d4 f   libucrt:initnum.obj
 0001:00013798       __acrt_locale_free_time    0000000140014798 f   libucrt:inittime.obj
 0001:000138a0       __acrt_GetStringTypeA      00000001400148a0 f   libucrt:getstringtypea.obj
 0001:00013a54       __acrt_add_locale_ref      0000000140014a54 f   libucrt:locale_refcounting.obj
 0001:00013ae0       __acrt_free_locale         0000000140014ae0 f   libucrt:locale_refcounting.obj
 0001:00013c58       __acrt_locale_add_lc_time_reference 0000000140014c58 f   libucrt:locale_refcounting.obj
 0001:00013c80       __acrt_locale_free_lc_time_if_unreferenced 0000000140014c80 f   libucrt:locale_refcounting.obj
 0001:00013cb8       __acrt_locale_release_lc_time_reference 0000000140014cb8 f   libucrt:locale_refcounting.obj
 0001:00013ce0       __acrt_release_locale_ref  0000000140014ce0 f   libucrt:locale_refcounting.obj
 0001:00013d88       __acrt_update_thread_locale_data 0000000140014d88 f   libucrt:locale_refcounting.obj
 0001:00013df8       _updatetlocinfoEx_nolock   0000000140014df8 f   libucrt:locale_refcounting.obj
 0001:00013e60       _recalloc                  0000000140014e60 f   libucrt:recalloc.obj
 0001:00013e68       _recalloc_base             0000000140014e68 f   libucrt:recalloc.obj
 0001:00013f00       __acrt_initialize_heap     0000000140014f00 f   libucrt:heap_handle.obj
 0001:00013f1c       __acrt_uninitialize_heap   0000000140014f1c f   libucrt:heap_handle.obj
 0001:00013f28       __acrt_execute_initializers 0000000140014f28 f   libucrt:shared_initialization.obj
 0001:00013fbc       __acrt_execute_uninitializers 0000000140014fbc f   libucrt:shared_initialization.obj
 0001:0001400c       __acrt_initialize_new_handler 000000014001500c f   libucrt:new_handler.obj
 0001:00014014       _callnewh                  0000000140015014 f   libucrt:new_handler.obj
 0001:00014054       _query_new_handler         0000000140015054 f   libucrt:new_handler.obj
 0001:00014088       ??$?RV<lambda_c36588078e9f5dfd39652860aa6b3aaf>@@AEAV<lambda_ec61778202f4f5fc7e7711acc23c3bca>@@V<lambda_dc9d2797ccde5d239b4a0efae8ebd7db>@@@?$__crt_seh_guarded_call@P6AXH@Z@@QEAAP6AXH@Z$$QEAV<lambda_c36588078e9f5dfd39652860aa6b3aaf>@@AEAV<lambda_ec61778202f4f5fc7e7711acc23c3bca>@@$$QEAV<lambda_dc9d2797ccde5d239b4a0efae8ebd7db>@@@Z 0000000140015088 f i libucrt:signal.obj
 0001:000140d0       __acrt_get_sigabrt_handler 00000001400150d0 f   libucrt:signal.obj
 0001:00014100       __acrt_initialize_signal_handlers 0000000140015100 f   libucrt:signal.obj
 0001:00014120       raise                      0000000140015120 f   libucrt:signal.obj
 0001:00014484       __acrt_DownlevelLocaleNameToLCID 0000000140015484 f   libucrt:lcidtoname_downlevel.obj
 0001:000144b8       ??$?RV<lambda_b521505b218e5242e90febf6bfebc422>@@AEAV<lambda_6978c1fb23f02e42e1d9e99668cc68aa>@@V<lambda_314360699dd331753a4119843814e9a7>@@@?$__crt_seh_guarded_call@H@@QEAAH$$QEAV<lambda_b521505b218e5242e90febf6bfebc422>@@AEAV<lambda_6978c1fb23f02e42e1d9e99668cc68aa>@@$$QEAV<lambda_314360699dd331753a4119843814e9a7>@@@Z 00000001400154b8 f i libucrt:commit.obj
 0001:00014544       _commit                    0000000140015544 f   libucrt:commit.obj
 0001:00014b78       _write                     0000000140015b78 f   libucrt:write.obj
 0001:00014c64       _write_nolock              0000000140015c64 f   libucrt:write.obj
 0001:00014f48       _isleadbyte_l              0000000140015f48 f i libucrt:_wctype.obj
 0001:000152e4       __acrt_LCMapStringA        00000001400162e4 f   libucrt:lcmapstringa.obj
 0001:0001537c       __acrt_fp_strflt_to_string 000000014001637c f   libucrt:_fptostr.obj
 0001:0001543c       __acrt_fltout              000000014001643c f   libucrt:cfout.obj
 0001:000168ac       __acrt_stdio_flush_and_write_narrow_nolock 00000001400178ac f   libucrt:_flsbuf.obj
 0001:00016994       _isatty                    0000000140017994 f   libucrt:isatty.obj
 0001:00016b9c       __acrt_stdio_refill_and_read_narrow_nolock 0000000140017b9c f   libucrt:_filbuf.obj
 0001:00016ba4       __acrt_stdio_allocate_buffer_nolock 0000000140017ba4 f   libucrt:_getbuf.obj
 0001:00016c08       _getfpcontrolword          0000000140017c08 f   libucrt:_fenvutils.obj
 0001:00016c20       _getfpstatusword           0000000140017c20 f   libucrt:_fenvutils.obj
 0001:00016c34       _setfpcontrolword          0000000140017c34 f   libucrt:_fenvutils.obj
 0001:00016c40       _setfpstatusword           0000000140017c40 f   libucrt:_fenvutils.obj
 0001:00016ca0       strncmp                    0000000140017ca0 f   libucrt:strncmp.obj
 0001:00016d20       __ascii_strnicmp           0000000140017d20 f   libucrt:strnicmp.obj
 0001:00016d68       _strnicmp                  0000000140017d68 f   libucrt:strnicmp.obj
 0001:00016db8       _strnicmp_l                0000000140017db8 f   libucrt:strnicmp.obj
 0001:000174d8       _sopen_nolock              00000001400184d8 f   libucrt:open.obj
 0001:00017568       _sopen_s                   0000000140018568 f   libucrt:open.obj
 0001:0001759c       _wsopen_nolock             000000014001859c f   libucrt:open.obj
 0001:00017a60       qsort                      0000000140018a60 f   libucrt:qsort.obj
 0001:00017d94       strncpy_s                  0000000140018d94 f   libucrt:strncpy_s.obj
 0001:00017e68       strpbrk                    0000000140018e68 f   libucrt:strpbrk.obj
 0001:00017f08       _mbsdec                    0000000140018f08 f   libucrt:mbsdec.obj
 0001:00017f10       _mbsdec_l                  0000000140018f10 f   libucrt:mbsdec.obj
 0001:00017fc0       _strnicoll                 0000000140018fc0 f   libucrt:strnicol.obj
 0001:00017fd8       _strnicoll_l               0000000140018fd8 f   libucrt:strnicol.obj
 0001:000180d8       _msize                     00000001400190d8 f   libucrt:msize.obj
 0001:00018114       _realloc_base              0000000140019114 f   libucrt:realloc_base.obj
 0001:00018324       _lseeki64                  0000000140019324 f   libucrt:lseek.obj
 0001:0001832c       _lseeki64_nolock           000000014001932c f   libucrt:lseek.obj
 0001:00018334       _putwch_nolock             0000000140019334 f   libucrt:putwch.obj
 0001:00018390       __strncnt                  0000000140019390 f   libucrt:strncnt.obj
 0001:000183a8       fegetenv                   00000001400193a8 f   libucrt:fegetenv.obj
 0001:000183c8       fesetenv                   00000001400193c8 f   libucrt:fesetenv.obj
 0001:00018414       feholdexcept               0000000140019414 f   libucrt:feholdexcept.obj
 0001:00018464       ceil                       0000000140019464 f   libucrt:ceil.obj
 0001:00018530       log10                      0000000140019530 f   libucrt:log10.obj
 0001:0001900c       _read                      000000014001a00c f   libucrt:read.obj
 0001:00019124       _read_nolock               000000014001a124 f   libucrt:read.obj
 0001:0001958c       _clearfp                   000000014001a58c f   libucrt:ieee.obj
 0001:000195e0       _controlfp                 000000014001a5e0 f   libucrt:ieee.obj
 0001:000195ec       _statusfp                  000000014001a5ec f   libucrt:ieee.obj
 0001:000198e0       _get_fpsr                  000000014001a8e0 f   libucrt:fpsr.obj
 0001:000198f0       _set_fpsr                  000000014001a8f0 f   libucrt:fpsr.obj
 0001:000198fa       _fclrf                     000000014001a8fa f   libucrt:fpsr.obj
 0001:0001990e       _frnd                      000000014001a90e f   libucrt:fpsr.obj
 0001:00019930       __acrt_copy_path_to_wide_string 000000014001a930 f   libucrt:string_utilities.obj
 0001:00019a28       _chsize_nolock             000000014001aa28 f   libucrt:chsize.obj
 0001:00019f38       __acrt_CompareStringA      000000014001af38 f   libucrt:comparestringa.obj
 0001:00019fc4       __dcrt_lowio_initialize_console_output 000000014001afc4 f   libucrt:initcon.obj
 0001:0001a000       __dcrt_terminate_console_output 000000014001b000 f   libucrt:initcon.obj
 0001:0001a144       _handle_error              000000014001b144 f   libucrt:libm_error.obj
 0001:0001a26c       _handle_nan                000000014001b26c f   libucrt:libm_error.obj
 0001:0001a290       __acrt_initialize_fma3     000000014001b290 f   libucrt:fma3_available.obj
 0001:0001a300       _log10_special             000000014001b300 f   libucrt:log_special.obj
 0001:0001a320       _log_special               000000014001b320 f   libucrt:log_special.obj
 0001:0001a3d8       _raise_exc                 000000014001b3d8 f   libucrt:fpexcept.obj
 0001:0001a400       _raise_exc_ex              000000014001b400 f   libucrt:fpexcept.obj
 0001:0001a708       _set_errno_from_matherr    000000014001b708 f   libucrt:fpexcept.obj
 0001:0001a738       _clrfp                     000000014001b738 f   libucrt:fpctrl.obj
 0001:0001a758       _ctrlfp                    000000014001b758 f   libucrt:fpctrl.obj
 0001:0001a7d4       _set_statfp                000000014001b7d4 f   libucrt:fpctrl.obj
 0001:0001a7f4       _statfp                    000000014001b7f4 f   libucrt:fpctrl.obj
 0001:0001a806       IsProcessorFeaturePresent  000000014001b806 f   kernel32:KERNEL32.dll
 0001:0001a80c       RtlUnwindEx                000000014001b80c f   kernel32:KERNEL32.dll
 0001:0001a820       _FindPESection             000000014001b820 f   LIBCMT:pesect.obj
 0001:0001a870       _IsNonwritableInCurrentImage 000000014001b870 f   LIBCMT:pesect.obj
 0001:0001a8c0       _ValidateImageBase         000000014001b8c0 f   LIBCMT:pesect.obj
 0001:0001a8f0       __GSHandlerCheck           000000014001b8f0 f   LIBCMT:_gshandler_.obj
 0001:0001a910       __GSHandlerCheckCommon     000000014001b910 f   LIBCMT:_gshandler_.obj
 0001:0001a980       _alloca_probe              000000014001b980 f   LIBCMT:_chkstk_.obj
 0001:0001a980       __chkstk                   000000014001b980 f   LIBCMT:_chkstk_.obj
 0001:0001a9f0       memcpy                     000000014001b9f0 f   libvcruntime:memcpy.obj
 0001:0001a9f0       memmove                    000000014001b9f0 f   libvcruntime:memcpy.obj
 0001:0001ae40       memcmp                     000000014001be40 f   libvcruntime:memcmp.obj
 0001:0001af08       strrchr                    000000014001bf08 f   libvcruntime:strrchr.obj
 0001:0001b048       strchr                     000000014001c048 f   libvcruntime:strchr.obj
 0001:0001b0d4       floor                      000000014001c0d4 f   libucrt:floor.obj
 0001:0001b190       log                        000000014001c190 f   libucrt:log.obj
 0001:0001b6bc       sqrt                       000000014001c6bc f   libucrt:sqrt.obj
 0001:0001b7a0       _guard_dispatch_icall_nop  000000014001c7a0 f   LIBCMT:_guard_dispatch_.obj
 0002:00000000       __imp_RtlCaptureContext    000000014001d000     kernel32:KERNEL32.dll
 0002:00000008       __imp_RtlLookupFunctionEntry 000000014001d008     kernel32:KERNEL32.dll
 0002:00000010       __imp_RtlVirtualUnwind     000000014001d010     kernel32:KERNEL32.dll
 0002:00000018       __imp_UnhandledExceptionFilter 000000014001d018     kernel32:KERNEL32.dll
 0002:00000020       __imp_SetUnhandledExceptionFilter 000000014001d020     kernel32:KERNEL32.dll
 0002:00000028       __imp_GetCurrentProcess    000000014001d028     kernel32:KERNEL32.dll
 0002:00000030       __imp_TerminateProcess     000000014001d030     kernel32:KERNEL32.dll
 0002:00000038       __imp_IsProcessorFeaturePresent 000000014001d038     kernel32:KERNEL32.dll
 0002:00000040       __imp_QueryPerformanceCounter 000000014001d040     kernel32:KERNEL32.dll
 0002:00000048       __imp_GetCurrentProcessId  000000014001d048     kernel32:KERNEL32.dll
 0002:00000050       __imp_GetCurrentThreadId   000000014001d050     kernel32:KERNEL32.dll
 0002:00000058       __imp_GetSystemTimeAsFileTime 000000014001d058     kernel32:KERNEL32.dll
 0002:00000060       __imp_InitializeSListHead  000000014001d060     kernel32:KERNEL32.dll
 0002:00000068       __imp_IsDebuggerPresent    000000014001d068     kernel32:KERNEL32.dll
 0002:00000070       __imp_GetStartupInfoW      000000014001d070     kernel32:KERNEL32.dll
 0002:00000078       __imp_GetModuleHandleW     000000014001d078     kernel32:KERNEL32.dll
 0002:00000080       __imp_RtlUnwindEx          000000014001d080     kernel32:KERNEL32.dll
 0002:00000088       __imp_GetLastError         000000014001d088     kernel32:KERNEL32.dll
 0002:00000090       __imp_SetLastError         000000014001d090     kernel32:KERNEL32.dll
 0002:00000098       __imp_EnterCriticalSection 000000014001d098     kernel32:KERNEL32.dll
 0002:000000a0       __imp_LeaveCriticalSection 000000014001d0a0     kernel32:KERNEL32.dll
 0002:000000a8       __imp_DeleteCriticalSection 000000014001d0a8     kernel32:KERNEL32.dll
 0002:000000b0       __imp_InitializeCriticalSectionAndSpinCount 000000014001d0b0     kernel32:KERNEL32.dll
 0002:000000b8       __imp_TlsAlloc             000000014001d0b8     kernel32:KERNEL32.dll
 0002:000000c0       __imp_TlsGetValue          000000014001d0c0     kernel32:KERNEL32.dll
 0002:000000c8       __imp_TlsSetValue          000000014001d0c8     kernel32:KERNEL32.dll
 0002:000000d0       __imp_TlsFree              000000014001d0d0     kernel32:KERNEL32.dll
 0002:000000d8       __imp_FreeLibrary          000000014001d0d8     kernel32:KERNEL32.dll
 0002:000000e0       __imp_GetProcAddress       000000014001d0e0     kernel32:KERNEL32.dll
 0002:000000e8       __imp_LoadLibraryExW       000000014001d0e8     kernel32:KERNEL32.dll
 0002:000000f0       __imp_GetStdHandle         000000014001d0f0     kernel32:KERNEL32.dll
 0002:000000f8       __imp_WriteFile            000000014001d0f8     kernel32:KERNEL32.dll
 0002:00000100       __imp_GetModuleFileNameA   000000014001d100     kernel32:KERNEL32.dll
 0002:00000108       __imp_MultiByteToWideChar  000000014001d108     kernel32:KERNEL32.dll
 0002:00000110       __imp_WideCharToMultiByte  000000014001d110     kernel32:KERNEL32.dll
 0002:00000118       __imp_ExitProcess          000000014001d118     kernel32:KERNEL32.dll
 0002:00000120       __imp_GetModuleHandleExW   000000014001d120     kernel32:KERNEL32.dll
 0002:00000128       __imp_GetCommandLineA      000000014001d128     kernel32:KERNEL32.dll
 0002:00000130       __imp_GetCommandLineW      000000014001d130     kernel32:KERNEL32.dll
 0002:00000138       __imp_GetACP               000000014001d138     kernel32:KERNEL32.dll
 0002:00000140       __imp_HeapFree             000000014001d140     kernel32:KERNEL32.dll
 0002:00000148       __imp_HeapAlloc            000000014001d148     kernel32:KERNEL32.dll
 0002:00000150       __imp_CompareStringW       000000014001d150     kernel32:KERNEL32.dll
 0002:00000158       __imp_LCMapStringW         000000014001d158     kernel32:KERNEL32.dll
 0002:00000160       __imp_GetFileType          000000014001d160     kernel32:KERNEL32.dll
 0002:00000168       __imp_GetStringTypeW       000000014001d168     kernel32:KERNEL32.dll
 0002:00000170       __imp_CloseHandle          000000014001d170     kernel32:KERNEL32.dll
 0002:00000178       __imp_FindClose            000000014001d178     kernel32:KERNEL32.dll
 0002:00000180       __imp_FindFirstFileExA     000000014001d180     kernel32:KERNEL32.dll
 0002:00000188       __imp_FindNextFileA        000000014001d188     kernel32:KERNEL32.dll
 0002:00000190       __imp_IsValidCodePage      000000014001d190     kernel32:KERNEL32.dll
 0002:00000198       __imp_GetOEMCP             000000014001d198     kernel32:KERNEL32.dll
 0002:000001a0       __imp_GetCPInfo            000000014001d1a0     kernel32:KERNEL32.dll
 0002:000001a8       __imp_GetEnvironmentStringsW 000000014001d1a8     kernel32:KERNEL32.dll
 0002:000001b0       __imp_FreeEnvironmentStringsW 000000014001d1b0     kernel32:KERNEL32.dll
 0002:000001b8       __imp_SetEnvironmentVariableA 000000014001d1b8     kernel32:KERNEL32.dll
 0002:000001c0       __imp_SetStdHandle         000000014001d1c0     kernel32:KERNEL32.dll
 0002:000001c8       __imp_GetProcessHeap       000000014001d1c8     kernel32:KERNEL32.dll
 0002:000001d0       __imp_FlushFileBuffers     000000014001d1d0     kernel32:KERNEL32.dll
 0002:000001d8       __imp_GetConsoleCP         000000014001d1d8     kernel32:KERNEL32.dll
 0002:000001e0       __imp_GetConsoleMode       000000014001d1e0     kernel32:KERNEL32.dll
 0002:000001e8       __imp_CreateFileW          000000014001d1e8     kernel32:KERNEL32.dll
 0002:000001f0       __imp_HeapSize             000000014001d1f0     kernel32:KERNEL32.dll
 0002:000001f8       __imp_HeapReAlloc          000000014001d1f8     kernel32:KERNEL32.dll
 0002:00000200       __imp_SetFilePointerEx     000000014001d200     kernel32:KERNEL32.dll
 0002:00000208       __imp_WriteConsoleW        000000014001d208     kernel32:KERNEL32.dll
 0002:00000210       __imp_ReadFile             000000014001d210     kernel32:KERNEL32.dll
 0002:00000218       __imp_ReadConsoleW         000000014001d218     kernel32:KERNEL32.dll
 0002:00000220       __imp_SetEndOfFile         000000014001d220     kernel32:KERNEL32.dll
 0002:00000228       __imp_RaiseException       000000014001d228     kernel32:KERNEL32.dll
 0002:00000230       \177KERNEL32_NULL_THUNK_DATA 000000014001d230     kernel32:KERNEL32.dll
 0002:00000238       __guard_check_icall_fptr   000000014001d238     LIBCMT:guard_support.obj
 0002:00000240       __guard_dispatch_icall_fptr 000000014001d240     LIBCMT:guard_support.obj
 0002:00000248       __xc_a                     000000014001d248     LIBCMT:initializers.obj
 0002:00000258       __xc_z                     000000014001d258     LIBCMT:initializers.obj
 0002:00000260       __xi_a                     000000014001d260     LIBCMT:initializers.obj
 0002:00000278       __acrt_stdio_initializer   000000014001d278     libucrt:stdio_initializer.obj
 0002:00000280       __acrt_multibyte_initializer 000000014001d280     libucrt:multibyte_initializer.obj
 0002:00000288       __acrt_tran_fma3_initializer 000000014001d288     libucrt:fma3_initializer.obj
 0002:00000290       __xi_z                     000000014001d290     LIBCMT:initializers.obj
 0002:00000298       __xp_a                     000000014001d298     LIBCMT:initializers.obj
 0002:000002a0       __acrt_locale_terminator   000000014001d2a0     libucrt:locale_initializer.obj
 0002:000002a8       __dcrt_console_output_terminator 000000014001d2a8     libucrt:console_output_initializer.obj
 0002:000002b0       __acrt_stdio_terminator    000000014001d2b0     libucrt:stdio_initializer.obj
 0002:000002b8       __xp_z                     000000014001d2b8     LIBCMT:initializers.obj
 0002:000002c0       __xt_a                     000000014001d2c0     LIBCMT:initializers.obj
 0002:000002c8       __xt_z                     000000014001d2c8     LIBCMT:initializers.obj
 0002:00000300       ??_C@_1BC@DNHGCMLG@?$AAa?$AAd?$AAv?$AAa?$AAp?$AAi?$AA3?$AA2?$AA?$AA@ 000000014001d300     libvcruntime:winapi_downlevel.obj
 0002:00000318       ??_C@_1DM@KHCHBNEB@?$AAa?$AAp?$AAi?$AA?9?$AAm?$AAs?$AA?9?$AAw?$AAi?$AAn?$AA?9?$AAc?$AAo?$AAr?$AAe?$AA?9?$AAf?$AAi?$AAb?$AAe?$AAr?$AAs?$AA?9?$AAl?$AA1?$AA?9?$AA1?$AA?9?$AA1?$AA?$AA@ 000000014001d318     libvcruntime:winapi_downlevel.obj
 0002:00000358       ??_C@_1DK@LPPGFMPP@?$AAa?$AAp?$AAi?$AA?9?$AAm?$AAs?$AA?9?$AAw?$AAi?$AAn?$AA?9?$AAc?$AAo?$AAr?$AAe?$AA?9?$AAs?$AAy?$AAn?$AAc?$AAh?$AA?9?$AAl?$AA1?$AA?9?$AA2?$AA?9?$AA0?$AA?$AA@ 000000014001d358     libvcruntime:winapi_downlevel.obj
 0002:00000398       ??_C@_1BC@GDMECMAK@?$AAk?$AAe?$AAr?$AAn?$AAe?$AAl?$AA3?$AA2?$AA?$AA@ 000000014001d398     libvcruntime:winapi_downlevel.obj
 0002:000003b8       ??_C@_08KNHFBNJ@FlsAlloc?$AA@ 000000014001d3b8     libvcruntime:winapi_downlevel.obj
 0002:000003d0       ??_C@_07PEJMOBNF@FlsFree?$AA@ 000000014001d3d0     libvcruntime:winapi_downlevel.obj
 0002:000003d8       ??_C@_0M@GDNOONDI@FlsGetValue?$AA@ 000000014001d3d8     libvcruntime:winapi_downlevel.obj
 0002:000003f0       ??_C@_0M@JCPCPOEF@FlsSetValue?$AA@ 000000014001d3f0     libvcruntime:winapi_downlevel.obj
 0002:00000408       ??_C@_0BM@HCFOFFN@InitializeCriticalSectionEx?$AA@ 000000014001d408     libvcruntime:winapi_downlevel.obj
 0002:00000750       ??_C@_08EHJDFFNH@__based?$CI?$AA@ 000000014001d750     libvcruntime:undname.obj
 0002:00000760       ??_C@_07KOLFKCDI@__cdecl?$AA@ 000000014001d760     libvcruntime:undname.obj
 0002:00000768       ??_C@_08GHMPAG@__pascal?$AA@ 000000014001d768     libvcruntime:undname.obj
 0002:00000778       ??_C@_09IFJBGAPI@__stdcall?$AA@ 000000014001d778     libvcruntime:undname.obj
 0002:00000788       ??_C@_0L@NPHFGOKO@__thiscall?$AA@ 000000014001d788     libvcruntime:undname.obj
 0002:00000798       ??_C@_0L@JMKHOMEK@__fastcall?$AA@ 000000014001d798     libvcruntime:undname.obj
 0002:000007a8       ??_C@_0N@BCKKPABJ@__vectorcall?$AA@ 000000014001d7a8     libvcruntime:undname.obj
 0002:000007b8       ??_C@_09HIJEGCPM@__clrcall?$AA@ 000000014001d7b8     libvcruntime:undname.obj
 0002:000007c4       ??_C@_06GHPCKEAG@__eabi?$AA@ 000000014001d7c4     libvcruntime:undname.obj
 0002:000007d0       ??_C@_07JOMMBBKO@__ptr64?$AA@ 000000014001d7d0     libvcruntime:undname.obj
 0002:000007d8       ??_C@_0L@PILCLIHE@__restrict?$AA@ 000000014001d7d8     libvcruntime:undname.obj
 0002:000007e8       ??_C@_0M@GFIIJFMG@__unaligned?$AA@ 000000014001d7e8     libvcruntime:undname.obj
 0002:000007f8       ??_C@_09DHDLOLLB@restrict?$CI?$AA@ 000000014001d7f8     libvcruntime:undname.obj
 0002:00000802       ??_C@_00CNPNBAHC@?$AA@     000000014001d802     libvcruntime:undname.obj
 0002:00000804       ??_C@_04NIHEBCM@?5new?$AA@ 000000014001d804     libvcruntime:undname.obj
 0002:00000810       ??_C@_07FPCDHGMM@?5delete?$AA@ 000000014001d810     libvcruntime:undname.obj
 0002:00000818       ??_C@_01NEMOKFLO@?$DN?$AA@ 000000014001d818     libvcruntime:undname.obj
 0002:0000081c       ??_C@_02GPIOPFAK@?$DO?$DO?$AA@ 000000014001d81c     libvcruntime:undname.obj
 0002:00000820       ??_C@_02FODMEDOG@?$DM?$DM?$AA@ 000000014001d820     libvcruntime:undname.obj
 0002:00000824       ??_C@_01DCLJPIOD@?$CB?$AA@ 000000014001d824     libvcruntime:undname.obj
 0002:00000828       ??_C@_02EGOFBIJA@?$DN?$DN?$AA@ 000000014001d828     libvcruntime:undname.obj
 0002:0000082c       ??_C@_02FDNJECIE@?$CB?$DN?$AA@ 000000014001d82c     libvcruntime:undname.obj
 0002:00000830       ??_C@_02GPECMEKF@?$FL?$FN?$AA@ 000000014001d830     libvcruntime:undname.obj
 0002:00000838       ??_C@_08LHJFAFGD@operator?$AA@ 000000014001d838     libvcruntime:undname.obj
 0002:00000844       ??_C@_02HBOOOICD@?9?$DO?$AA@ 000000014001d844     libvcruntime:undname.obj
 0002:00000848       ??_C@_01NBENCBCI@?$CK?$AA@ 000000014001d848     libvcruntime:undname.obj
 0002:0000084c       ??_C@_02ECNGHCIF@?$CL?$CL?$AA@ 000000014001d84c     libvcruntime:undname.obj
 0002:00000850       ??_C@_02BAABKJLB@?9?9?$AA@ 000000014001d850     libvcruntime:undname.obj
 0002:00000854       ??_C@_01JOAMLHOP@?9?$AA@   000000014001d854     libvcruntime:undname.obj
 0002:00000858       ??_C@_01MIFGBAGJ@?$CL?$AA@ 000000014001d858     libvcruntime:undname.obj
 0002:0000085c       ??_C@_01HNPIGOCE@?$CG?$AA@ 000000014001d85c     libvcruntime:undname.obj
 0002:00000860       ??_C@_03MNHNFDLC@?9?$DO?$CK?$AA@ 000000014001d860     libvcruntime:undname.obj
 0002:00000864       ??_C@_01KMDKNFGN@?1?$AA@   000000014001d864     libvcruntime:undname.obj
 0002:00000868       ??_C@_01FGNFDNOH@?$CF?$AA@ 000000014001d868     libvcruntime:undname.obj
 0002:0000086c       ??_C@_01MNNFJEPP@?$DM?$AA@ 000000014001d86c     libvcruntime:undname.obj
 0002:00000870       ??_C@_02EHCHHCKH@?$DM?$DN?$AA@ 000000014001d870     libvcruntime:undname.obj
 0002:00000874       ??_C@_01PPODPGHN@?$DO?$AA@ 000000014001d874     libvcruntime:undname.obj
 0002:00000878       ??_C@_02EEKDKGMJ@?$DO?$DN?$AA@ 000000014001d878     libvcruntime:undname.obj
 0002:0000087c       ??_C@_01IHBHIGKO@?0?$AA@   000000014001d87c     libvcruntime:undname.obj
 0002:00000880       ??_C@_02HCKGKOFO@?$CI?$CJ?$AA@ 000000014001d880     libvcruntime:undname.obj
 0002:00000884       ??_C@_01PJKLJHI@?$HO?$AA@  000000014001d884     libvcruntime:undname.obj
 0002:00000888       ??_C@_01JKBOJNNK@?$FO?$AA@ 000000014001d888     libvcruntime:undname.obj
 0002:0000088c       ??_C@_01DNKMNLPK@?$HM?$AA@ 000000014001d88c     libvcruntime:undname.obj
 0002:00000890       ??_C@_02PPKAJPJL@?$CG?$CG?$AA@ 000000014001d890     libvcruntime:undname.obj
 0002:00000894       ??_C@_02NONPIBCD@?$HM?$HM?$AA@ 000000014001d894     libvcruntime:undname.obj
 0002:00000898       ??_C@_02FPIMKNGF@?$CK?$DN?$AA@ 000000014001d898     libvcruntime:undname.obj
 0002:0000089c       ??_C@_02FOEOMHFC@?$CL?$DN?$AA@ 000000014001d89c     libvcruntime:undname.obj
 0002:000008a0       ??_C@_02FKMDLLOA@?9?$DN?$AA@ 000000014001d8a0     libvcruntime:undname.obj
 0002:000008a4       ??_C@_02FJEHGPIO@?1?$DN?$AA@ 000000014001d8a4     libvcruntime:undname.obj
 0002:000008a8       ??_C@_02FENAOKFI@?$CF?$DN?$AA@ 000000014001d8a8     libvcruntime:undname.obj
 0002:000008ac       ??_C@_03IKFCCPFF@?$DO?$DO?$DN?$AA@ 000000014001d8ac     libvcruntime:undname.obj
 0002:000008b0       ??_C@_03CDNPDDLA@?$DM?$DM?$DN?$AA@ 000000014001d8b0     libvcruntime:undname.obj
 0002:000008b4       ??_C@_02FGJGFEAB@?$CG?$DN?$AA@ 000000014001d8b4     libvcruntime:undname.obj
 0002:000008b8       ??_C@_02DHLNPPGH@?$HM?$DN?$AA@ 000000014001d8b8     libvcruntime:undname.obj
 0002:000008bc       ??_C@_02MHEGNOJ@?$FO?$DN?$AA@ 000000014001d8bc     libvcruntime:undname.obj
 0002:000008c0       ??_C@_09IFPLHPGF@?$GAvftable?8?$AA@ 000000014001d8c0     libvcruntime:undname.obj
 0002:000008d0       ??_C@_09BLBHBJP@?$GAvbtable?8?$AA@ 000000014001d8d0     libvcruntime:undname.obj
 0002:000008e0       ??_C@_07FEEIOKP@?$GAvcall?8?$AA@ 000000014001d8e0     libvcruntime:undname.obj
 0002:000008e8       ??_C@_08LLFFHHDJ@?$GAtypeof?8?$AA@ 000000014001d8e8     libvcruntime:undname.obj
 0002:000008f8       ??_C@_0BF@KDPPACIK@?$GAlocal?5static?5guard?8?$AA@ 000000014001d8f8     libvcruntime:undname.obj
 0002:00000910       ??_C@_08OBABFOLI@?$GAstring?8?$AA@ 000000014001d910     libvcruntime:undname.obj
 0002:00000920       ??_C@_0BD@JDLKDPAB@?$GAvbase?5destructor?8?$AA@ 000000014001d920     libvcruntime:undname.obj
 0002:00000938       ??_C@_0BN@DEGPLNFK@?$GAvector?5deleting?5destructor?8?$AA@ 000000014001d938     libvcruntime:undname.obj
 0002:00000958       ??_C@_0BO@OBMKPJIG@?$GAdefault?5constructor?5closure?8?$AA@ 000000014001d958     libvcruntime:undname.obj
 0002:00000978       ??_C@_0BN@IMDCHIKM@?$GAscalar?5deleting?5destructor?8?$AA@ 000000014001d978     libvcruntime:undname.obj
 0002:00000998       ??_C@_0BO@PFGOCPJJ@?$GAvector?5constructor?5iterator?8?$AA@ 000000014001d998     libvcruntime:undname.obj
 0002:000009b8       ??_C@_0BN@LFPFMEDL@?$GAvector?5destructor?5iterator?8?$AA@ 000000014001d9b8     libvcruntime:undname.obj
 0002:000009d8       ??_C@_0CE@IKBNEHA@?$GAvector?5vbase?5constructor?5iterat@ 000000014001d9d8     libvcruntime:undname.obj
 0002:00000a00       ??_C@_0BL@NILFHHPC@?$GAvirtual?5displacement?5map?8?$AA@ 000000014001da00     libvcruntime:undname.obj
 0002:00000a20       ??_C@_0CB@JONCMFFK@?$GAeh?5vector?5constructor?5iterator?8@ 000000014001da20     libvcruntime:undname.obj
 0002:00000a48       ??_C@_0CA@GCEOPDGL@?$GAeh?5vector?5destructor?5iterator?8?$AA@ 000000014001da48     libvcruntime:undname.obj
 0002:00000a68       ??_C@_0CH@OOJPLCPH@?$GAeh?5vector?5vbase?5constructor?5ite@ 000000014001da68     libvcruntime:undname.obj
 0002:00000a90       ??_C@_0BL@LLKPOHJI@?$GAcopy?5constructor?5closure?8?$AA@ 000000014001da90     libvcruntime:undname.obj
 0002:00000ab0       ??_C@_0BA@KBCDOMBN@?$GAudt?5returning?8?$AA@ 000000014001dab0     libvcruntime:undname.obj
 0002:00000ac0       ??_C@_03KLGMFNMG@?$GAEH?$AA@ 000000014001dac0     libvcruntime:undname.obj
 0002:00000ac4       ??_C@_05KHLCHHI@?$GARTTI?$AA@ 000000014001dac4     libvcruntime:undname.obj
 0002:00000ad0       ??_C@_0BA@KKLDJDLB@?$GAlocal?5vftable?8?$AA@ 000000014001dad0     libvcruntime:undname.obj
 0002:00000ae0       ??_C@_0CE@IIHCMGGL@?$GAlocal?5vftable?5constructor?5closu@ 000000014001dae0     libvcruntime:undname.obj
 0002:00000b04       ??_C@_06FHBGPFGH@?5new?$FL?$FN?$AA@ 000000014001db04     libvcruntime:undname.obj
 0002:00000b10       ??_C@_09LBNFPBCA@?5delete?$FL?$FN?$AA@ 000000014001db10     libvcruntime:undname.obj
 0002:00000b20       ??_C@_0P@HJKNJFNN@?$GAomni?5callsig?8?$AA@ 000000014001db20     libvcruntime:undname.obj
[...]
 0004:00000e7c       $pdata$?free_crt_array_internal@@YAXQEAPEBX_K@Z 000000014002ae7c     libucrt:inittime.obj
 0004:00000e88       $pdata$__acrt_locale_free_time 000000014002ae88     libucrt:inittime.obj
 0004:00000e94       $pdata$__acrt_GetStringTypeA 000000014002ae94     libucrt:getstringtypea.obj
 0004:00000ea0       $pdata$__acrt_free_locale  000000014002aea0     libucrt:locale_refcounting.obj
 0004:00000eac       $pdata$__acrt_locale_free_lc_time_if_unreferenced 000000014002aeac     libucrt:locale_refcounting.obj
 0004:00000eb8       $pdata$__acrt_release_locale_ref 000000014002aeb8     libucrt:locale_refcounting.obj
 0004:00000ec4       $pdata$__acrt_update_thread_locale_data 000000014002aec4     libucrt:locale_refcounting.obj
 0004:00000ed0       $pdata$_updatetlocinfoEx_nolock 000000014002aed0     libucrt:locale_refcounting.obj
 0004:00000edc       $pdata$_recalloc_base      000000014002aedc     libucrt:recalloc.obj
 0004:00000ee8       $pdata$__acrt_initialize_heap 000000014002aee8     libucrt:heap_handle.obj
 0004:00000ef4       $pdata$__acrt_execute_initializers 000000014002aef4     libucrt:shared_initialization.obj
 0004:00000f00       $pdata$__acrt_execute_uninitializers 000000014002af00     libucrt:shared_initialization.obj
 0004:00000f0c       $pdata$_callnewh           000000014002af0c     libucrt:new_handler.obj
 0004:00000f18       $pdata$_query_new_handler  000000014002af18     libucrt:new_handler.obj
 0004:00000f24       $pdata$??$?RV<lambda_c36588078e9f5dfd39652860aa6b3aaf>@@AEAV<lambda_ec61778202f4f5fc7e7711acc23c3bca>@@V<lambda_dc9d2797ccde5d239b4a0efae8ebd7db>@@@?$__crt_seh_guarded_call@P6AXH@Z@@QEAAP6AXH@Z$$QEAV<lambda_c36588078e9f5dfd39652860aa6b3aaf>@@AEAV<lambda_ec61778202f4f5fc7e7711acc23c3bca>@@$$QEAV<lambda_dc9d2797ccde5d239b4a0efae8ebd7db>@@@Z 000000014002af24     libucrt:signal.obj
 0004:00000f30       $pdata$__acrt_get_sigabrt_handler 000000014002af30     libucrt:signal.obj
 0004:00000f3c       $pdata$raise               000000014002af3c     libucrt:signal.obj
 0004:00000f48       $pdata$?GetTableIndexFromLocaleName@@YAHPEB_W@Z 000000014002af48     libucrt:lcidtoname_downlevel.obj
 0004:00000f54       $pdata$__acrt_DownlevelLocaleNameToLCID 000000014002af54     libucrt:lcidtoname_downlevel.obj
 0004:00000f60       $pdata$??$?RV<lambda_b521505b218e5242e90febf6bfebc422>@@AEAV<lambda_6978c1fb23f02e42e1d9e99668cc68aa>@@V<lambda_314360699dd331753a4119843814e9a7>@@@?$__crt_seh_guarded_call@H@@QEAAH$$QEAV<lambda_b521505b218e5242e90febf6bfebc422>@@AEAV<lambda_6978c1fb23f02e42e1d9e99668cc68aa>@@$$QEAV<lambda_314360699dd331753a4119843814e9a7>@@@Z 000000014002af60     libucrt:commit.obj
 0004:00000f6c       $pdata$_commit             000000014002af6c     libucrt:commit.obj
 0004:00000f78       $pdata$?write_double_translated_ansi_nolock@@YA?AUwrite_result@?A0x9c548279@@HQEBDI@Z 000000014002af78     libucrt:write.obj
 0004:00000f84       $pdata$?write_text_ansi_nolock@@YA?AUwrite_result@?A0x9c548279@@HQEBDI@Z 000000014002af84     libucrt:write.obj
 0004:00000f90       $pdata$?write_text_utf16le_nolock@@YA?AUwrite_result@?A0x9c548279@@HQEBDI@Z 000000014002af90     libucrt:write.obj
 0004:00000f9c       $pdata$?write_text_utf8_nolock@@YA?AUwrite_result@?A0x9c548279@@HQEBDI@Z 000000014002af9c     libucrt:write.obj
 0004:00000fa8       $pdata$_write              000000014002afa8     libucrt:write.obj
 0004:00000fb4       $pdata$_write_nolock       000000014002afb4     libucrt:write.obj
 0004:00000fc0       $pdata$_isleadbyte_l       000000014002afc0     libucrt:_wctype.obj
 0004:00000fcc       $pdata$?__acrt_LCMapStringA_stat@@YAHPEAU__crt_locale_pointers@@PEB_WKPEBDHPEADHHH@Z 000000014002afcc     libucrt:lcmapstringa.obj
 0004:00000fd8       $pdata$__acrt_LCMapStringA 000000014002afd8     libucrt:lcmapstringa.obj
 0004:00000fe4       $pdata$__acrt_fp_strflt_to_string 000000014002afe4     libucrt:_fptostr.obj
 0004:00000ff0       $pdata$__acrt_fltout       000000014002aff0     libucrt:cfout.obj
 0004:00000ffc       $pdata$??$write_buffer_nolock@D@@YA_NDV__crt_stdio_stream@@@Z 000000014002affc     libucrt:_flsbuf.obj
 0004:00001008       $pdata$__acrt_stdio_flush_and_write_narrow_nolock 000000014002b008     libucrt:_flsbuf.obj
 0004:00001014       $pdata$_isatty             000000014002b014     libucrt:isatty.obj
 0004:00001020       $pdata$??$common_refill_and_read_nolock@D@@YAHV__crt_stdio_stream@@@Z 000000014002b020     libucrt:_filbuf.obj
 0004:0000102c       $pdata$__acrt_stdio_allocate_buffer_nolock 000000014002b02c     libucrt:_getbuf.obj
 0004:00001038       $pdata$_getfpcontrolword   000000014002b038     libucrt:_fenvutils.obj
 0004:00001044       $pdata$_getfpstatusword    000000014002b044     libucrt:_fenvutils.obj
 0004:00001050       $pdata$_setfpstatusword    000000014002b050     libucrt:_fenvutils.obj
 0004:00001068       $pdata$_strnicmp           000000014002b068     libucrt:strnicmp.obj
 0004:00001074       $pdata$_strnicmp_l         000000014002b074     libucrt:strnicmp.obj
 0004:00001080       $pdata$??$common_sopen_dispatch@D@@YAHQEBDHHHQEAHH@Z 000000014002b080     libucrt:open.obj
 0004:0000108c       $pdata$?configure_text_mode@@YAHHUfile_options@?A0x656cf9f4@@HAEAW4__crt_lowio_text_mode@@@Z 000000014002b08c     libucrt:open.obj
 0004:00001098       $pdata$?decode_options@@YA?AUfile_options@?A0x656cf9f4@@HHH@Z 000000014002b098     libucrt:open.obj
 0004:000010a4       $pdata$?truncate_ctrl_z_if_present@@YAHH@Z 000000014002b0a4     libucrt:open.obj
 0004:000010b0       $pdata$_sopen_nolock       000000014002b0b0     libucrt:open.obj
 0004:000010bc       $pdata$_sopen_s            000000014002b0bc     libucrt:open.obj
 0004:000010c8       $pdata$_wsopen_nolock      000000014002b0c8     libucrt:open.obj
 0004:000010d4       $pdata$?shortsort@@YAXPEAD0_KP6AHPEBX2@Z@Z 000000014002b0d4     libucrt:qsort.obj
 0004:000010e0       $pdata$2$?shortsort@@YAXPEAD0_KP6AHPEBX2@Z@Z 000000014002b0e0     libucrt:qsort.obj
 0004:000010ec       $pdata$3$?shortsort@@YAXPEAD0_KP6AHPEBX2@Z@Z 000000014002b0ec     libucrt:qsort.obj
 0004:000010f8       $pdata$qsort               000000014002b0f8     libucrt:qsort.obj
 0004:00001104       $pdata$4$qsort             000000014002b104     libucrt:qsort.obj
 0004:00001110       $pdata$5$qsort             000000014002b110     libucrt:qsort.obj
 0004:0000111c       $pdata$strncpy_s           000000014002b11c     libucrt:strncpy_s.obj
 0004:00001128       $pdata$strpbrk             000000014002b128     libucrt:strpbrk.obj
 0004:00001134       $pdata$_mbsdec_l           000000014002b134     libucrt:mbsdec.obj
 0004:00001140       $pdata$?initialize_multibyte@@YAHXZ 000000014002b140     libucrt:multibyte_initializer.obj
 0004:0000114c       $pdata$_strnicoll_l        000000014002b14c     libucrt:strnicol.obj
 0004:00001158       $pdata$_msize              000000014002b158     libucrt:msize.obj
 0004:00001164       $pdata$_realloc_base       000000014002b164     libucrt:realloc_base.obj
 0004:00001170       $pdata$??$common_lseek@_J@@YA_JH_JH@Z 000000014002b170     libucrt:lseek.obj
 0004:0000117c       $pdata$??$common_lseek_nolock@_J@@YA_JH_JH@Z 000000014002b17c     libucrt:lseek.obj
 0004:00001188       $pdata$_putwch_nolock      000000014002b188     libucrt:putwch.obj
 0004:00001194       $pdata$fegetenv            000000014002b194     libucrt:fegetenv.obj
 0004:000011a0       $pdata$fesetenv            000000014002b1a0     libucrt:fesetenv.obj
 0004:000011ac       $pdata$feholdexcept        000000014002b1ac     libucrt:feholdexcept.obj
 0004:000011c4       $pdata$??$translate_text_mode_nolock@_W@@YAHHQEA_W_K@Z 000000014002b1c4     libucrt:read.obj
 0004:000011d0       $pdata$?translate_ansi_or_utf8_nolock@@YAHHQEAD_KQEA_W1@Z 000000014002b1d0     libucrt:read.obj
 0004:000011dc       $pdata$_read               000000014002b1dc     libucrt:read.obj
 0004:000011e8       $pdata$_read_nolock        000000014002b1e8     libucrt:read.obj
 0004:000011f4       $pdata$_clearfp            000000014002b1f4     libucrt:ieee.obj
 0004:00001200       $pdata$common_control87    000000014002b200     libucrt:ieee.obj
 0004:00001218       $pdata$__acrt_copy_path_to_wide_string 000000014002b218     libucrt:string_utilities.obj
 0004:00001224       $pdata$_chsize_nolock      000000014002b224     libucrt:chsize.obj
 0004:00001230       $pdata$?InternalCompareStringA@@YAHPEAU__crt_locale_pointers@@PEB_WKPEBDH2HH@Z 000000014002b230     libucrt:comparestringa.obj
 0004:0000123c       $pdata$__acrt_CompareStringA 000000014002b23c     libucrt:comparestringa.obj
 0004:00001248       $pdata$__dcrt_lowio_initialize_console_output 000000014002b248     libucrt:initcon.obj
 0004:00001254       $pdata$__dcrt_terminate_console_output 000000014002b254     libucrt:initcon.obj
 0004:00001260       $pdata$_call_matherr       000000014002b260     libucrt:libm_error.obj
 0004:0000126c       $pdata$_exception_enabled  000000014002b26c     libucrt:libm_error.obj
 0004:00001278       $pdata$_handle_error       000000014002b278     libucrt:libm_error.obj
 0004:00001284       $pdata$__acrt_initialize_fma3 000000014002b284     libucrt:fma3_available.obj
 0004:00001290       $pdata$_log10_special      000000014002b290     libucrt:log_special.obj
 0004:0000129c       $pdata$_log_special        000000014002b29c     libucrt:log_special.obj
 0004:000012a8       $pdata$_log_special_common 000000014002b2a8     libucrt:log_special.obj
 0004:000012b4       $pdata$_raise_exc          000000014002b2b4     libucrt:fpexcept.obj
 0004:000012c0       $pdata$_raise_exc_ex       000000014002b2c0     libucrt:fpexcept.obj
 0004:000012cc       $pdata$_set_errno_from_matherr 000000014002b2cc     libucrt:fpexcept.obj
 0004:000012d8       $pdata$_clrfp              000000014002b2d8     libucrt:fpctrl.obj
 0004:000012e4       $pdata$_ctrlfp             000000014002b2e4     libucrt:fpctrl.obj
 0004:000012f0       $pdata$_set_statfp         000000014002b2f0     libucrt:fpctrl.obj
 0004:000012fc       $pdata$_statfp             000000014002b2fc     libucrt:fpctrl.obj
 0004:00001308       $pdata$_IsNonwritableInCurrentImage 000000014002b308     LIBCMT:pesect.obj
 0004:00001314       $pdata$__GSHandlerCheck    000000014002b314     LIBCMT:_gshandler_.obj
 0004:00001320       $pdata$__GSHandlerCheckCommon 000000014002b320     LIBCMT:_gshandler_.obj
 0004:00001350       $pdata$strrchr             000000014002b350     libvcruntime:strrchr.obj
 0004:0000135c       $pdata$strchr              000000014002b35c     libvcruntime:strchr.obj
 0004:00001374       $pdata$sqrt                000000014002b374     libucrt:sqrt.obj
 0004:0000138c       $pdata$?filt$0@?0??__scrt_common_main_seh@@YAHXZ@4HA 000000014002b38c     LIBCMT:exe_main.obj
 0004:00001398       $pdata$__scrt_is_nonwritable_in_current_image$filt$0 000000014002b398     LIBCMT:utility.obj
 0004:000013a4       $pdata$?fin$0@?0???$?RV<lambda_c01e8233c1997d6cc4b8f1fd672e07e5>@@AEAV<lambda_3a6204444a8bad05601fdaf7664f6f17>@@V<lambda_b6ae1896c9cebd71befa8310523e5efb>@@@?$__crt_seh_guarded_call@H@@QEAAH$$QEAV<lambda_c01e8233c1997d6cc4b8f1fd672e07e5>@@AEAV<lambda_3a6204444a8bad05601fdaf7664f6f17>@@$$QEAV<lambda_b6ae1896c9cebd71befa8310523e5efb>@@@Z@4HA 000000014002b3a4     libucrt:input.obj
 0004:000013a4       $pdata$?fin$0@?0???$?RV<lambda_aa279a7bcb127014629d5b1d62c7325d>@@AEAV<lambda_0a64b6a4deda75c01876f29c44fc5eb3>@@V<lambda_3323e69fbefe9d1a11713e670d47cdfa>@@@?$__crt_seh_guarded_call@H@@QEAAH$$QEAV<lambda_aa279a7bcb127014629d5b1d62c7325d>@@AEAV<lambda_0a64b6a4deda75c01876f29c44fc5eb3>@@$$QEAV<lambda_3323e69fbefe9d1a11713e670d47cdfa>@@@Z@4HA 000000014002b3a4     libucrt:output.obj
 0004:000013b0       $pdata$?fin$0@?0???$common_fsopen@D@@YAPEAU_iobuf@@QEBD0H@Z@4HA 000000014002b3b0     libucrt:fopen.obj
 0004:000013bc       $pdata$fclose$fin$0        000000014002b3bc     libucrt:fclose.obj
 0004:000013c8       $pdata$?filt$0@?0??common_exit@@YAXHW4_crt_exit_cleanup_mode@@W4_crt_exit_return_mode@@@Z@4HA 000000014002b3c8     libucrt:exit.obj
 0004:000013d4       $pdata$?fin$1@?0??common_exit@@YAXHW4_crt_exit_cleanup_mode@@W4_crt_exit_return_mode@@@Z@4HA 000000014002b3d4     libucrt:exit.obj
 0004:000013e0       $pdata$?fin$0@?0???$?RV<lambda_e24bbb7b643b32fcea6fa61b31d4c984>@@AEAV<lambda_275893d493268fdec8709772e3fcec0e>@@V<lambda_9d71df4d7cf3f480f8d633942495c3b0>@@@?$__crt_seh_guarded_call@H@@QEAAH$$QEAV<lambda_e24bbb7b643b32fcea6fa61b31d4c984>@@AEAV<lambda_275893d493268fdec8709772e3fcec0e>@@$$QEAV<lambda_9d71df4d7cf3f480f8d633942495c3b0>@@@Z@4HA 000000014002b3e0     libucrt:onexit.obj
 0004:000013ec       $pdata$_fcloseall$fin$0    000000014002b3ec     libucrt:closeall.obj
 0004:000013ec       $pdata$?fin$0@?0??__acrt_stdio_allocate_stream@@YA?AV__crt_stdio_stream@@XZ@4HA 000000014002b3ec     libucrt:stream.obj
 0004:000013f8       $pdata$common_flush_all$fin$0 000000014002b3f8     libucrt:fflush.obj
 0004:00001404       $pdata$common_flush_all$fin$1 000000014002b404     libucrt:fflush.obj
 0004:00001410       $pdata$?fin$0@?0???$?RV<lambda_46352004c1216016012b18bd6f87e700>@@AEAV<lambda_3bd07e1a1191394380780325891bf33f>@@V<lambda_334532d3f185bcaa59b5be82d7d22bff>@@@?$__crt_seh_guarded_call@X@@QEAAX$$QEAV<lambda_46352004c1216016012b18bd6f87e700>@@AEAV<lambda_3bd07e1a1191394380780325891bf33f>@@$$QEAV<lambda_334532d3f185bcaa59b5be82d7d22bff>@@@Z@4HA 000000014002b410     libucrt:per_thread_data.obj
 0004:00001410       $pdata$?fin$0@?0???$?RV<lambda_fb3a7dec4e47f37f22dae91bb15c9095>@@AEAV<lambda_698284760c8add0bfb0756c19673e34b>@@V<lambda_dfb8eca1e75fef3034a8fb18dd509707>@@@?$__crt_seh_guarded_call@X@@QEAAX$$QEAV<lambda_fb3a7dec4e47f37f22dae91bb15c9095>@@AEAV<lambda_698284760c8add0bfb0756c19673e34b>@@$$QEAV<lambda_dfb8eca1e75fef3034a8fb18dd509707>@@@Z@4HA 000000014002b410     libucrt:per_thread_data.obj
 0004:00001410       $pdata$?fin$0@?0???$?RV<lambda_99476a1ad63dd22509b5d3e65b0ffc95>@@AEAV<lambda_ad1ced32f4ac17aa236e5ef05d6b3b7c>@@V<lambda_f7424dd8d45958661754dc4f2697e9c3>@@@?$__crt_seh_guarded_call@X@@QEAAX$$QEAV<lambda_99476a1ad63dd22509b5d3e65b0ffc95>@@AEAV<lambda_ad1ced32f4ac17aa236e5ef05d6b3b7c>@@$$QEAV<lambda_f7424dd8d45958661754dc4f2697e9c3>@@@Z@4HA 000000014002b410     libucrt:mbctype.obj
 0004:00001410       $pdata$?fin$0@?0???$?RV<lambda_5e887d1dcbef67a5eb4283622ba103bf>@@AEAV<lambda_4466841279450cc726390878d4a41900>@@V<lambda_341c25c0346d94847f1f3c463c57e077>@@@?$__crt_seh_guarded_call@X@@QEAAX$$QEAV<lambda_5e887d1dcbef67a5eb4283622ba103bf>@@AEAV<lambda_4466841279450cc726390878d4a41900>@@$$QEAV<lambda_341c25c0346d94847f1f3c463c57e077>@@@Z@4HA 000000014002b410     libucrt:per_thread_data.obj
 0004:00001410       $pdata$?fin$0@?0???$?RV<lambda_72d1df2b273a38828b1ce30cbf4cdab5>@@AEAV<lambda_876a65b173b8412d3a47c70a915b0cf4>@@V<lambda_41932305e351933ebe8f8be3ed8bb5dc>@@@?$__crt_seh_guarded_call@X@@QEAAX$$QEAV<lambda_72d1df2b273a38828b1ce30cbf4cdab5>@@AEAV<lambda_876a65b173b8412d3a47c70a915b0cf4>@@$$QEAV<lambda_41932305e351933ebe8f8be3ed8bb5dc>@@@Z@4HA 000000014002b410     libucrt:per_thread_data.obj
 0004:00001410       $pdata$?fin$0@?0???$?RV<lambda_c36588078e9f5dfd39652860aa6b3aaf>@@AEAV<lambda_ec61778202f4f5fc7e7711acc23c3bca>@@V<lambda_dc9d2797ccde5d239b4a0efae8ebd7db>@@@?$__crt_seh_guarded_call@P6AXH@Z@@QEAAP6AXH@Z$$QEAV<lambda_c36588078e9f5dfd39652860aa6b3aaf>@@AEAV<lambda_ec61778202f4f5fc7e7711acc23c3bca>@@$$QEAV<lambda_dc9d2797ccde5d239b4a0efae8ebd7db>@@@Z@4HA 000000014002b410     libucrt:signal.obj
 0004:00001410       $pdata$?fin$0@?0???$?RV<lambda_b8c45f8f788dd370798f47cfe8ac3a86>@@AEAV<lambda_4e60a939b0d047cfe11ddc22648dfba9>@@V<lambda_332c3edc96d0294ec56c57d38c1cdfd5>@@@?$__crt_seh_guarded_call@H@@QEAAH$$QEAV<lambda_b8c45f8f788dd370798f47cfe8ac3a86>@@AEAV<lambda_4e60a939b0d047cfe11ddc22648dfba9>@@$$QEAV<lambda_332c3edc96d0294ec56c57d38c1cdfd5>@@@Z@4HA 000000014002b410     libucrt:onexit.obj
 0004:0000141c       $pdata$__acrt_update_thread_multibyte_data$fin$0 000000014002b41c     libucrt:mbctype.obj
 0004:00001428       $pdata$__acrt_lowio_ensure_fh_exists$fin$0 000000014002b428     libucrt:osfinfo.obj
 0004:00001428       $pdata$_alloc_osfhnd$fin$0 000000014002b428     libucrt:osfinfo.obj
 0004:00001428       $pdata$__acrt_initialize_lowio$fin$0 000000014002b428     libucrt:ioinit.obj
 0004:00001434       $pdata$__acrt_update_thread_locale_data$fin$0 000000014002b434     libucrt:locale_refcounting.obj
 0004:00001434       $pdata$__acrt_uninitialize_locale$fin$0 000000014002b434     libucrt:wsetlocale.obj
 0004:00001440       $pdata$_query_new_handler$fin$0 000000014002b440     libucrt:new_handler.obj
 0004:0000144c       $pdata$raise$fin$0         000000014002b44c     libucrt:signal.obj
 0004:00001458       $pdata$?fin$0@?0???$?RV<lambda_b521505b218e5242e90febf6bfebc422>@@AEAV<lambda_6978c1fb23f02e42e1d9e99668cc68aa>@@V<lambda_314360699dd331753a4119843814e9a7>@@@?$__crt_seh_guarded_call@H@@QEAAH$$QEAV<lambda_b521505b218e5242e90febf6bfebc422>@@AEAV<lambda_6978c1fb23f02e42e1d9e99668cc68aa>@@$$QEAV<lambda_314360699dd331753a4119843814e9a7>@@@Z@4HA 000000014002b458     libucrt:commit.obj
 0004:00001458       $pdata$?fin$0@?0???$?RV<lambda_bfedae4ebbf01fab1bb6dcc6a9e276e0>@@AEAV<lambda_2fe9b910cf3cbf4a0ab98a02ba45b3ec>@@V<lambda_237c231691f317818eb88cc1d5d642d6>@@@?$__crt_seh_guarded_call@H@@QEAAH$$QEAV<lambda_bfedae4ebbf01fab1bb6dcc6a9e276e0>@@AEAV<lambda_2fe9b910cf3cbf4a0ab98a02ba45b3ec>@@$$QEAV<lambda_237c231691f317818eb88cc1d5d642d6>@@@Z@4HA 000000014002b458     libucrt:close.obj
 0004:00001464       $pdata$?fin$0@?0???$common_lseek@_J@@YA_JH_JH@Z@4HA 000000014002b464     libucrt:lseek.obj
 0004:00001464       $pdata$_write$fin$0        000000014002b464     libucrt:write.obj
 0004:00001464       $pdata$_read$fin$0         000000014002b464     libucrt:read.obj
 0004:00001470       $pdata$?fin$0@?0???$common_sopen_dispatch@D@@YAHQEBDHHHQEAHH@Z@4HA 000000014002b470     libucrt:open.obj
 0004:0000147c       $pdata$_ctrlfp$filt$0      000000014002b47c     libucrt:fpctrl.obj
 0004:0000147c       $pdata$common_control87$filt$0 000000014002b47c     libucrt:ieee.obj
 0004:00001488       $pdata$_IsNonwritableInCurrentImage$filt$0 000000014002b488     LIBCMT:pesect.obj
 0005:00000000       __guard_fids__             000000014002c000     libucrt:initialization.obj
 0005:00000060       __guard_fids__             000000014002c060     libucrt:stdio_initializer.obj
 0005:00000064       __guard_fids__             000000014002c064     libucrt:stdio_initializer.obj
 0005:00000068       __guard_fids___acrt_initialize_ptd 000000014002c068     libucrt:per_thread_data.obj
 0005:0000006c       __guard_fids_??$expand_argument_wildcards@D@@YAHQEAD0AEAV?$argument_list@D@?A0xca0879c4@@@Z 000000014002c06c     libucrt:argv_wildcards.obj
 0005:00000070       __guard_fids__             000000014002c070     libucrt:locale_initializer.obj
 0005:00000074       __guard_fids__             000000014002c074     libucrt:multibyte_initializer.obj
 0005:00000078       __guard_fids__             000000014002c078     libucrt:console_output_initializer.obj
 0005:0000007c       __guard_fids__             000000014002c07c     libucrt:fma3_initializer.obj
 0005:00000080       __guard_fids__             000000014002c080     LIBCMT:exe_main.obj
 0005:00000084       __guard_fids__             000000014002c084     LIBCMT:exe_main.obj
 0005:00000088       __guard_fids__             000000014002c088     LIBCMT:exe_main.obj
 0005:0000008c       __guard_fids_?pre_c_initialization@@YAHXZ 000000014002c08c     LIBCMT:exe_main.obj
 0005:00000094       __guard_fids___scrt_set_unhandled_exception_filter 000000014002c094     LIBCMT:utility_desktop.obj
 0005:00000098       __guard_fids__             000000014002c098     LIBCMT:guard_support.obj
 0005:0000009c       __guard_fids___vcrt_initialize_ptd 000000014002c09c     libvcruntime:per_thread_data.obj
 0006:00000060       $R000000                   000000014002d060     * linker generated manifest res *

 Exports

  ordinal    name

